Component: ARM Compiler 5.06 update 6 (build 750) Tool: armlink [4d35ed]

==============================================================================

Section Cross References

    startup_stm32f407xx.o(RESET) refers to startup_stm32f407xx.o(STACK) for __initial_sp
    startup_stm32f407xx.o(RESET) refers to startup_stm32f407xx.o(.text) for Reset_Handler
    startup_stm32f407xx.o(RESET) refers to stm32f4xx_it.o(i.NMI_Handler) for NMI_Handler
    startup_stm32f407xx.o(RESET) refers to stm32f4xx_it.o(i.HardFault_Handler) for HardFault_Handler
    startup_stm32f407xx.o(RESET) refers to stm32f4xx_it.o(i.MemManage_Handler) for MemManage_Handler
    startup_stm32f407xx.o(RESET) refers to stm32f4xx_it.o(i.BusFault_Handler) for BusFault_Handler
    startup_stm32f407xx.o(RESET) refers to stm32f4xx_it.o(i.UsageFault_Handler) for UsageFault_Handler
    startup_stm32f407xx.o(RESET) refers to stm32f4xx_it.o(i.SVC_Handler) for SVC_Handler
    startup_stm32f407xx.o(RESET) refers to stm32f4xx_it.o(i.DebugMon_Handler) for DebugMon_Handler
    startup_stm32f407xx.o(RESET) refers to stm32f4xx_it.o(i.PendSV_Handler) for PendSV_Handler
    startup_stm32f407xx.o(RESET) refers to stm32f4xx_it.o(i.SysTick_Handler) for SysTick_Handler
    startup_stm32f407xx.o(RESET) refers to stm32f4xx_it.o(i.EXTI0_IRQHandler) for EXTI0_IRQHandler
    startup_stm32f407xx.o(RESET) refers to stm32f4xx_it.o(i.OTG_FS_IRQHandler) for OTG_FS_IRQHandler
    startup_stm32f407xx.o(.text) refers to system_stm32f4xx.o(i.SystemInit) for SystemInit
    startup_stm32f407xx.o(.text) refers to entry.o(.ARM.Collect$$$$00000000) for __main
    my_lis3dsh.o(i.LIS3DSH_GetDataRaw) refers to my_lis3dsh.o(i.LIS3DSH_ReadIO) for LIS3DSH_ReadIO
    my_lis3dsh.o(i.LIS3DSH_GetDataScaled) refers to my_lis3dsh.o(i.LIS3DSH_GetDataRaw) for LIS3DSH_GetDataRaw
    my_lis3dsh.o(i.LIS3DSH_GetDataScaled) refers to my_lis3dsh.o(.data) for .data
    my_lis3dsh.o(i.LIS3DSH_Init) refers to memcpya.o(.text) for __aeabi_memcpy4
    my_lis3dsh.o(i.LIS3DSH_Init) refers to my_lis3dsh.o(i.LIS3DSH_WriteIO) for LIS3DSH_WriteIO
    my_lis3dsh.o(i.LIS3DSH_Init) refers to stm32f4xx_hal_gpio.o(i.HAL_GPIO_WritePin) for HAL_GPIO_WritePin
    my_lis3dsh.o(i.LIS3DSH_Init) refers to my_lis3dsh.o(.bss) for .bss
    my_lis3dsh.o(i.LIS3DSH_Init) refers to my_lis3dsh.o(.data) for .data
    my_lis3dsh.o(i.LIS3DSH_PollDRDY) refers to stm32f4xx_hal.o(i.HAL_GetTick) for HAL_GetTick
    my_lis3dsh.o(i.LIS3DSH_PollDRDY) refers to my_lis3dsh.o(i.LIS3DSH_ReadIO) for LIS3DSH_ReadIO
    my_lis3dsh.o(i.LIS3DSH_ReadIO) refers to stm32f4xx_hal_gpio.o(i.HAL_GPIO_WritePin) for HAL_GPIO_WritePin
    my_lis3dsh.o(i.LIS3DSH_ReadIO) refers to stm32f4xx_hal_spi.o(i.HAL_SPI_Transmit) for HAL_SPI_Transmit
    my_lis3dsh.o(i.LIS3DSH_ReadIO) refers to stm32f4xx_hal_spi.o(i.HAL_SPI_Receive) for HAL_SPI_Receive
    my_lis3dsh.o(i.LIS3DSH_ReadIO) refers to my_lis3dsh.o(.bss) for .bss
    my_lis3dsh.o(i.LIS3DSH_WriteIO) refers to stm32f4xx_hal_gpio.o(i.HAL_GPIO_WritePin) for HAL_GPIO_WritePin
    my_lis3dsh.o(i.LIS3DSH_WriteIO) refers to stm32f4xx_hal_spi.o(i.HAL_SPI_Transmit) for HAL_SPI_Transmit
    my_lis3dsh.o(i.LIS3DSH_WriteIO) refers to my_lis3dsh.o(.bss) for .bss
    my_lis3dsh.o(i.LIS3DSH_X_calibrate) refers to my_lis3dsh.o(.data) for .data
    my_lis3dsh.o(i.LIS3DSH_Y_calibrate) refers to my_lis3dsh.o(.data) for .data
    my_lis3dsh.o(i.LIS3DSH_Z_calibrate) refers to my_lis3dsh.o(.data) for .data
    main.o(i.SystemClock_Config) refers to memseta.o(.text) for __aeabi_memclr4
    main.o(i.SystemClock_Config) refers to stm32f4xx_hal_rcc.o(i.HAL_RCC_OscConfig) for HAL_RCC_OscConfig
    main.o(i.SystemClock_Config) refers to stm32f4xx_hal_rcc.o(i.HAL_RCC_ClockConfig) for HAL_RCC_ClockConfig
    main.o(i.main) refers to memseta.o(.text) for __aeabi_memclr4
    main.o(i.main) refers to stm32f4xx_hal.o(i.HAL_Init) for HAL_Init
    main.o(i.main) refers to main.o(i.SystemClock_Config) for SystemClock_Config
    main.o(i.main) refers to gpio.o(i.MX_GPIO_Init) for MX_GPIO_Init
    main.o(i.main) refers to spi.o(i.MX_SPI1_Init) for MX_SPI1_Init
    main.o(i.main) refers to usb_device.o(i.MX_USB_DEVICE_Init) for MX_USB_DEVICE_Init
    main.o(i.main) refers to my_lis3dsh.o(i.LIS3DSH_Init) for LIS3DSH_Init
    main.o(i.main) refers to my_lis3dsh.o(i.LIS3DSH_X_calibrate) for LIS3DSH_X_calibrate
    main.o(i.main) refers to my_lis3dsh.o(i.LIS3DSH_Y_calibrate) for LIS3DSH_Y_calibrate
    main.o(i.main) refers to my_lis3dsh.o(i.LIS3DSH_Z_calibrate) for LIS3DSH_Z_calibrate
    main.o(i.main) refers to my_lis3dsh.o(i.LIS3DSH_GetDataScaled) for LIS3DSH_GetDataScaled
    main.o(i.main) refers to f2d.o(.text) for __aeabi_f2d
    main.o(i.main) refers to printfa.o(i.__0sprintf) for __2sprintf
    main.o(i.main) refers to strlen.o(.text) for strlen
    main.o(i.main) refers to usbd_cdc_if.o(i.CDC_Transmit_FS) for CDC_Transmit_FS
    main.o(i.main) refers to stm32f4xx_hal.o(i.HAL_Delay) for HAL_Delay
[...]
    i.HAL_PCD_SetupStageCallback             0x08001478   Section        0  usbd_conf.o(i.HAL_PCD_SetupStageCallback)
    i.HAL_PCD_Start                          0x08001486   Section        0  stm32f4xx_hal_pcd.o(i.HAL_PCD_Start)
    i.HAL_PCD_SuspendCallback                0x080014c8   Section        0  usbd_conf.o(i.HAL_PCD_SuspendCallback)
    i.HAL_RCC_ClockConfig                    0x080014f8   Section        0  stm32f4xx_hal_rcc.o(i.HAL_RCC_ClockConfig)
    i.HAL_RCC_GetHCLKFreq                    0x0800162c   Section        0  stm32f4xx_hal_rcc.o(i.HAL_RCC_GetHCLKFreq)
    i.HAL_RCC_GetSysClockFreq                0x08001638   Section        0  stm32f4xx_hal_rcc.o(i.HAL_RCC_GetSysClockFreq)
    i.HAL_RCC_OscConfig                      0x08001698   Section        0  stm32f4xx_hal_rcc.o(i.HAL_RCC_OscConfig)
    i.HAL_SPI_Init                           0x08001a04   Section        0  stm32f4xx_hal_spi.o(i.HAL_SPI_Init)
    i.HAL_SPI_MspInit                        0x08001ac0   Section        0  spi.o(i.HAL_SPI_MspInit)
    i.HAL_SPI_Receive                        0x08001b28   Section        0  stm32f4xx_hal_spi.o(i.HAL_SPI_Receive)
    i.HAL_SPI_Transmit                       0x08001c82   Section        0  stm32f4xx_hal_spi.o(i.HAL_SPI_Transmit)
    i.HAL_SPI_TransmitReceive                0x08001de8   Section        0  stm32f4xx_hal_spi.o(i.HAL_SPI_TransmitReceive)
    i.HAL_SYSTICK_Config                     0x08001fca   Section        0  stm32f4xx_hal_cortex.o(i.HAL_SYSTICK_Config)
    i.HardFault_Handler                      0x08001ff2   Section        0  stm32f4xx_it.o(i.HardFault_Handler)
    i.IntToUnicode                           0x08001ff4   Section        0  usbd_desc.o(i.IntToUnicode)
    IntToUnicode                             0x08001ff5   Thumb Code    56  usbd_desc.o(i.IntToUnicode)
    i.LIS3DSH_GetDataRaw                     0x0800202c   Section        0  my_lis3dsh.o(i.LIS3DSH_GetDataRaw)
    i.LIS3DSH_GetDataScaled                  0x0800208c   Section        0  my_lis3dsh.o(i.LIS3DSH_GetDataScaled)
    i.LIS3DSH_Init                           0x080020f4   Section        0  my_lis3dsh.o(i.LIS3DSH_Init)
    i.LIS3DSH_ReadIO                         0x080021c0   Section        0  my_lis3dsh.o(i.LIS3DSH_ReadIO)
    i.LIS3DSH_WriteIO                        0x0800221c   Section        0  my_lis3dsh.o(i.LIS3DSH_WriteIO)
    i.LIS3DSH_X_calibrate                    0x08002260   Section        0  my_lis3dsh.o(i.LIS3DSH_X_calibrate)
    i.LIS3DSH_Y_calibrate                    0x0800228c   Section        0  my_lis3dsh.o(i.LIS3DSH_Y_calibrate)
    i.LIS3DSH_Z_calibrate                    0x080022b8   Section        0  my_lis3dsh.o(i.LIS3DSH_Z_calibrate)
    i.MX_GPIO_Init                           0x080022e4   Section        0  gpio.o(i.MX_GPIO_Init)
    i.MX_SPI1_Init                           0x08002374   Section        0  spi.o(i.MX_SPI1_Init)
    i.MX_USB_DEVICE_Init                     0x080023b8   Section        0  usb_device.o(i.MX_USB_DEVICE_Init)
    i.MemManage_Handler                      0x0800240c   Section        0  stm32f4xx_it.o(i.MemManage_Handler)
    i.NMI_Handler                            0x0800240e   Section        0  stm32f4xx_it.o(i.NMI_Handler)
    i.OTG_FS_IRQHandler                      0x08002410   Section        0  stm32f4xx_it.o(i.OTG_FS_IRQHandler)
    i.PCD_EP_OutXfrComplete_int              0x0800241c   Section        0  stm32f4xx_hal_pcd.o(i.PCD_EP_OutXfrComplete_int)
    PCD_EP_OutXfrComplete_int                0x0800241d   Thumb Code   196  stm32f4xx_hal_pcd.o(i.PCD_EP_OutXfrComplete_int)
    i.PCD_WriteEmptyTxFifo                   0x080024e8   Section        0  stm32f4xx_hal_pcd.o(i.PCD_WriteEmptyTxFifo)
    PCD_WriteEmptyTxFifo                     0x080024e9   Thumb Code   162  stm32f4xx_hal_pcd.o(i.PCD_WriteEmptyTxFifo)
    i.PendSV_Handler                         0x0800258a   Section        0  stm32f4xx_it.o(i.PendSV_Handler)
    i.SPI_EndRxTransaction                   0x0800258c   Section        0  stm32f4xx_hal_spi.o(i.SPI_EndRxTransaction)
    SPI_EndRxTransaction                     0x0800258d   Thumb Code    92  stm32f4xx_hal_spi.o(i.SPI_EndRxTransaction)
    i.SPI_EndRxTxTransaction                 0x080025e8   Section        0  stm32f4xx_hal_spi.o(i.SPI_EndRxTxTransaction)
    SPI_EndRxTxTransaction                   0x080025e9   Thumb Code    80  stm32f4xx_hal_spi.o(i.SPI_EndRxTxTransaction)
    i.SPI_WaitFlagStateUntilTimeout          0x08002640   Section        0  stm32f4xx_hal_spi.o(i.SPI_WaitFlagStateUntilTimeout)
    SPI_WaitFlagStateUntilTimeout            0x08002641   Thumb Code   180  stm32f4xx_hal_spi.o(i.SPI_WaitFlagStateUntilTimeout)
    i.SVC_Handler                            0x080026f8   Section        0  stm32f4xx_it.o(i.SVC_Handler)
    i.SWAPBYTE                               0x080026fa   Section        0  usbd_ctlreq.o(i.SWAPBYTE)
    SWAPBYTE                                 0x080026fb   Thumb Code    10  usbd_ctlreq.o(i.SWAPBYTE)
    i.SysTick_Handler                        0x08002704   Section        0  stm32f4xx_it.o(i.SysTick_Handler)
    i.SystemClock_Config                     0x08002708   Section        0  main.o(i.SystemClock_Config)
    i.SystemInit                             0x08002798   Section        0  system_stm32f4xx.o(i.SystemInit)
    i.USBD_CDC_DataIn                        0x080027a8   Section        0  usbd_cdc.o(i.USBD_CDC_DataIn)
    USBD_CDC_DataIn                          0x080027a9   Thumb Code    98  usbd_cdc.o(i.USBD_CDC_DataIn)
    i.USBD_CDC_DataOut                       0x0800280a   Section        0  usbd_cdc.o(i.USBD_CDC_DataOut)
    USBD_CDC_DataOut                         0x0800280b   Thumb Code    42  usbd_cdc.o(i.USBD_CDC_DataOut)
    i.USBD_CDC_DeInit                        0x08002834   Section        0  usbd_cdc.o(i.USBD_CDC_DeInit)
    USBD_CDC_DeInit                          0x08002835   Thumb Code    72  usbd_cdc.o(i.USBD_CDC_DeInit)
    i.USBD_CDC_EP0_RxReady                   0x0800287c   Section        0  usbd_cdc.o(i.USBD_CDC_EP0_RxReady)
    USBD_CDC_EP0_RxReady                     0x0800287d   Thumb Code    46  usbd_cdc.o(i.USBD_CDC_EP0_RxReady)
    i.USBD_CDC_GetDeviceQualifierDescriptor  0x080028ac   Section        0  usbd_cdc.o(i.USBD_CDC_GetDeviceQualifierDescriptor)
    i.USBD_CDC_GetFSCfgDesc                  0x080028b8   Section        0  usbd_cdc.o(i.USBD_CDC_GetFSCfgDesc)
    USBD_CDC_GetFSCfgDesc                    0x080028b9   Thumb Code     8  usbd_cdc.o(i.USBD_CDC_GetFSCfgDesc)
    i.USBD_CDC_GetHSCfgDesc                  0x080028c4   Section        0  usbd_cdc.o(i.USBD_CDC_GetHSCfgDesc)
    USBD_CDC_GetHSCfgDesc                    0x080028c5   Thumb Code     8  usbd_cdc.o(i.USBD_CDC_GetHSCfgDesc)
    i.USBD_CDC_GetOtherSpeedCfgDesc          0x080028d0   Section        0  usbd_cdc.o(i.USBD_CDC_GetOtherSpeedCfgDesc)
    USBD_CDC_GetOtherSpeedCfgDesc            0x080028d1   Thumb Code     8  usbd_cdc.o(i.USBD_CDC_GetOtherSpeedCfgDesc)
    i.USBD_CDC_Init                          0x080028dc   Section        0  usbd_cdc.o(i.USBD_CDC_Init)
    USBD_CDC_Init                            0x080028dd   Thumb Code   162  usbd_cdc.o(i.USBD_CDC_Init)
    i.USBD_CDC_ReceivePacket                 0x0800297e   Section        0  usbd_cdc.o(i.USBD_CDC_ReceivePacket)
    i.USBD_CDC_RegisterInterface             0x080029a6   Section        0  usbd_cdc.o(i.USBD_CDC_RegisterInterface)
    i.USBD_CDC_SetRxBuffer                   0x080029b4   Section        0  usbd_cdc.o(i.USBD_CDC_SetRxBuffer)
    i.USBD_CDC_SetTxBuffer                   0x080029c6   Section        0  usbd_cdc.o(i.USBD_CDC_SetTxBuffer)
    i.USBD_CDC_Setup                         0x080029dc   Section        0  usbd_cdc.o(i.USBD_CDC_Setup)
    USBD_CDC_Setup                           0x080029dd   Thumb Code   190  usbd_cdc.o(i.USBD_CDC_Setup)
    i.USBD_CDC_TransmitPacket                0x08002a9a   Section        0  usbd_cdc.o(i.USBD_CDC_TransmitPacket)
    i.USBD_ClrClassConfig                    0x08002ad0   Section        0  usbd_core.o(i.USBD_ClrClassConfig)
    i.USBD_CtlContinueRx                     0x08002ae0   Section        0  usbd_ioreq.o(i.USBD_CtlContinueRx)
    i.USBD_CtlContinueSendData               0x08002af0   Section        0  usbd_ioreq.o(i.USBD_CtlContinueSendData)
    i.USBD_CtlError                          0x08002b00   Section        0  usbd_ctlreq.o(i.USBD_CtlError)
    i.USBD_CtlPrepareRx                      0x08002b16   Section        0  usbd_ioreq.o(i.USBD_CtlPrepareRx)
    i.USBD_CtlReceiveStatus                  0x08002b34   Section        0  usbd_ioreq.o(i.USBD_CtlReceiveStatus)
    i.USBD_CtlSendData                       0x08002b4a   Section        0  usbd_ioreq.o(i.USBD_CtlSendData)
    i.USBD_CtlSendStatus                     0x08002b64   Section        0  usbd_ioreq.o(i.USBD_CtlSendStatus)
    i.USBD_FS_ConfigStrDescriptor            0x08002b7c   Section        0  usbd_desc.o(i.USBD_FS_ConfigStrDescriptor)
    i.USBD_FS_DeviceDescriptor               0x08002b9c   Section        0  usbd_desc.o(i.USBD_FS_DeviceDescriptor)
    i.USBD_FS_InterfaceStrDescriptor         0x08002ba8   Section        0  usbd_desc.o(i.USBD_FS_InterfaceStrDescriptor)
    i.USBD_FS_LangIDStrDescriptor            0x08002bcc   Section        0  usbd_desc.o(i.USBD_FS_LangIDStrDescriptor)
    i.USBD_FS_ManufacturerStrDescriptor      0x08002bd8   Section        0  usbd_desc.o(i.USBD_FS_ManufacturerStrDescriptor)
    i.USBD_FS_ProductStrDescriptor           0x08002c00   Section        0  usbd_desc.o(i.USBD_FS_ProductStrDescriptor)
    i.USBD_FS_SerialStrDescriptor            0x08002c2c   Section        0  usbd_desc.o(i.USBD_FS_SerialStrDescriptor)
    i.USBD_GetDescriptor                     0x08002c64   Section        0  usbd_ctlreq.o(i.USBD_GetDescriptor)
    USBD_GetDescriptor                       0x08002c65   Thumb Code   230  usbd_ctlreq.o(i.USBD_GetDescriptor)
    i.USBD_GetString                         0x08002d4a   Section        0  usbd_ctlreq.o(i.USBD_GetString)
    i.USBD_Get_USB_Status                    0x08002d92   Section        0  usbd_conf.o(i.USBD_Get_USB_Status)
    i.USBD_Init                              0x08002daa   Section        0  usbd_core.o(i.USBD_Init)
    i.USBD_LL_ClearStallEP                   0x08002dd0   Section        0  usbd_conf.o(i.USBD_LL_ClearStallEP)
    i.USBD_LL_CloseEP                        0x08002de2   Section        0  usbd_conf.o(i.USBD_LL_CloseEP)
    i.USBD_LL_DataInStage                    0x08002df4   Section        0  usbd_core.o(i.USBD_LL_DataInStage)
    i.USBD_LL_DataOutStage                   0x08002e9c   Section        0  usbd_core.o(i.USBD_LL_DataOutStage)
    i.USBD_LL_DevConnected                   0x08002f08   Section        0  usbd_core.o(i.USBD_LL_DevConnected)
    i.USBD_LL_DevDisconnected                0x08002f0c   Section        0  usbd_core.o(i.USBD_LL_DevDisconnected)
    i.USBD_LL_GetRxDataSize                  0x08002f24   Section        0  usbd_conf.o(i.USBD_LL_GetRxDataSize)
    i.USBD_LL_Init                           0x08002f2c   Section        0  usbd_conf.o(i.USBD_LL_Init)
    i.USBD_LL_IsStallEP                      0x08002f8c   Section        0  usbd_conf.o(i.USBD_LL_IsStallEP)
    i.USBD_LL_IsoINIncomplete                0x08002fac   Section        0  usbd_core.o(i.USBD_LL_IsoINIncomplete)
    i.USBD_LL_IsoOUTIncomplete               0x08002fcc   Section        0  usbd_core.o(i.USBD_LL_IsoOUTIncomplete)
    i.USBD_LL_OpenEP                         0x08002fec   Section        0  usbd_conf.o(i.USBD_LL_OpenEP)
    i.USBD_LL_PrepareReceive                 0x08003004   Section        0  usbd_conf.o(i.USBD_LL_PrepareReceive)
    i.USBD_LL_Reset                          0x08003016   Section        0  usbd_core.o(i.USBD_LL_Reset)
    i.USBD_LL_Resume                         0x08003070   Section        0  usbd_core.o(i.USBD_LL_Resume)
    i.USBD_LL_SOF                            0x08003084   Section        0  usbd_core.o(i.USBD_LL_SOF)
    i.USBD_LL_SetSpeed                       0x080030a4   Section        0  usbd_core.o(i.USBD_LL_SetSpeed)
    i.USBD_LL_SetUSBAddress                  0x080030aa   Section        0  usbd_conf.o(i.USBD_LL_SetUSBAddress)
    i.USBD_LL_SetupStage                     0x080030bc   Section        0  usbd_core.o(i.USBD_LL_SetupStage)
    i.USBD_LL_StallEP                        0x0800311c   Section        0  usbd_conf.o(i.USBD_LL_StallEP)
    i.USBD_LL_Start                          0x0800312e   Section        0  usbd_conf.o(i.USBD_LL_Start)
    i.USBD_LL_Suspend                        0x08003140   Section        0  usbd_core.o(i.USBD_LL_Suspend)
    i.USBD_LL_Transmit                       0x08003152   Section        0  usbd_conf.o(i.USBD_LL_Transmit)
    i.USBD_ParseSetupRequest                 0x08003164   Section        0  usbd_ctlreq.o(i.USBD_ParseSetupRequest)
    i.USBD_RegisterClass                     0x08003190   Section        0  usbd_core.o(i.USBD_RegisterClass)
    i.USBD_SetClassConfig                    0x080031b4   Section        0  usbd_core.o(i.USBD_SetClassConfig)
    i.USBD_SetConfig                         0x080031c8   Section        0  usbd_ctlreq.o(i.USBD_SetConfig)
    USBD_SetConfig                           0x080031c9   Thumb Code   182  usbd_ctlreq.o(i.USBD_SetConfig)
    i.USBD_Start                             0x08003284   Section        0  usbd_core.o(i.USBD_Start)
    i.USBD_StdDevReq                         0x08003288   Section        0  usbd_ctlreq.o(i.USBD_StdDevReq)
    i.USBD_StdEPReq                          0x0800339c   Section        0  usbd_ctlreq.o(i.USBD_StdEPReq)
    i.USBD_StdItfReq                         0x080034dc   Section        0  usbd_ctlreq.o(i.USBD_StdItfReq)
    i.USBD_static_free                       0x0800352e   Section        0  usbd_conf.o(i.USBD_static_free)
    i.USBD_static_malloc                     0x08003530   Section        0  usbd_conf.o(i.USBD_static_malloc)
    i.USB_ActivateEndpoint                   0x08003538   Section        0  stm32f4xx_ll_usb.o(i.USB_ActivateEndpoint)
    i.USB_ActivateSetup                      0x080035b8   Section        0  stm32f4xx_ll_usb.o(i.USB_ActivateSetup)
    i.USB_CoreInit                           0x080035d4   Section        0  stm32f4xx_ll_usb.o(i.USB_CoreInit)
    i.USB_CoreReset                          0x08003648   Section        0  stm32f4xx_ll_usb.o(i.USB_CoreReset)
    USB_CoreReset                            0x08003649   Thumb Code    50  stm32f4xx_ll_usb.o(i.USB_CoreReset)
    i.USB_DeactivateEndpoint                 0x08003680   Section        0  stm32f4xx_ll_usb.o(i.USB_DeactivateEndpoint)
    i.USB_DevConnect                         0x0800374c   Section        0  stm32f4xx_ll_usb.o(i.USB_DevConnect)
    i.USB_DevDisconnect                      0x08003768   Section        0  stm32f4xx_ll_usb.o(i.USB_DevDisconnect)
    i.USB_DevInit                            0x08003784   Section        0  stm32f4xx_ll_usb.o(i.USB_DevInit)
    i.USB_DisableGlobalInt                   0x080038f8   Section        0  stm32f4xx_ll_usb.o(i.USB_DisableGlobalInt)
    i.USB_EP0StartXfer                       0x08003904   Section        0  stm32f4xx_ll_usb.o(i.USB_EP0StartXfer)
    i.USB_EP0_OutStart                       0x08003a1c   Section        0  stm32f4xx_ll_usb.o(i.USB_EP0_OutStart)
    i.USB_EPClearStall                       0x08003a74   Section        0  stm32f4xx_ll_usb.o(i.USB_EPClearStall)
    i.USB_EPSetStall                         0x08003acc   Section        0  stm32f4xx_ll_usb.o(i.USB_EPSetStall)
    i.USB_EPStartXfer                        0x08003b24   Section        0  stm32f4xx_ll_usb.o(i.USB_EPStartXfer)
    i.USB_EnableGlobalInt                    0x08003d0c   Section        0  stm32f4xx_ll_usb.o(i.USB_EnableGlobalInt)
    i.USB_FlushRxFifo                        0x08003d18   Section        0  stm32f4xx_ll_usb.o(i.USB_FlushRxFifo)
    i.USB_FlushTxFifo                        0x08003d38   Section        0  stm32f4xx_ll_usb.o(i.USB_FlushTxFifo)
    i.USB_GetDevSpeed                        0x08003d5c   Section        0  stm32f4xx_ll_usb.o(i.USB_GetDevSpeed)
    i.USB_GetMode                            0x08003d76   Section        0  stm32f4xx_ll_usb.o(i.USB_GetMode)
    i.USB_ReadDevAllInEpInterrupt            0x08003d7e   Section        0  stm32f4xx_ll_usb.o(i.USB_ReadDevAllInEpInterrupt)
    i.USB_ReadDevAllOutEpInterrupt           0x08003d8c   Section        0  stm32f4xx_ll_usb.o(i.USB_ReadDevAllOutEpInterrupt)
    i.USB_ReadDevInEPInterrupt               0x08003d9a   Section        0  stm32f4xx_ll_usb.o(i.USB_ReadDevInEPInterrupt)
    i.USB_ReadDevOutEPInterrupt              0x08003dbe   Section        0  stm32f4xx_ll_usb.o(i.USB_ReadDevOutEPInterrupt)
    i.USB_ReadInterrupts                     0x08003dce   Section        0  stm32f4xx_ll_usb.o(i.USB_ReadInterrupts)
    i.USB_ReadPacket                         0x08003dd6   Section        0  stm32f4xx_ll_usb.o(i.USB_ReadPacket)
    i.USB_SetCurrentMode                     0x08003df2   Section        0  stm32f4xx_ll_usb.o(i.USB_SetCurrentMode)
    i.USB_SetDevAddress                      0x08003e20   Section        0  stm32f4xx_ll_usb.o(i.USB_SetDevAddress)
    i.USB_SetTurnaroundTime                  0x08003e44   Section        0  stm32f4xx_ll_usb.o(i.USB_SetTurnaroundTime)
    i.USB_WritePacket                        0x08003f2c   Section        0  stm32f4xx_ll_usb.o(i.USB_WritePacket)
    i.UsageFault_Handler                     0x08003f50   Section        0  stm32f4xx_it.o(i.UsageFault_Handler)
    i.__0sprintf                             0x08003f54   Section        0  printfa.o(i.__0sprintf)
    i.__NVIC_SetPriority                     0x08003f7c   Section        0  stm32f4xx_hal_cortex.o(i.__NVIC_SetPriority)
    __NVIC_SetPriority                       0x08003f7d   Thumb Code    32  stm32f4xx_hal_cortex.o(i.__NVIC_SetPriority)
    i.__scatterload_copy                     0x08003f9c   Section       14  handlers.o(i.__scatterload_copy)
    i.__scatterload_null                     0x08003faa   Section        2  handlers.o(i.__scatterload_null)
    i.__scatterload_zeroinit                 0x08003fac   Section       14  handlers.o(i.__scatterload_zeroinit)
    i._fp_digits                             0x08003fbc   Section        0  printfa.o(i._fp_digits)
    _fp_digits                               0x08003fbd   Thumb Code   366  printfa.o(i._fp_digits)
    i._printf_core                           0x08004140   Section        0  printfa.o(i._printf_core)
    _printf_core                             0x08004141   Thumb Code  1744  printfa.o(i._printf_core)
    i._printf_post_padding                   0x0800481c   Section        0  printfa.o(i._printf_post_padding)
    _printf_post_padding                     0x0800481d   Thumb Code    36  printfa.o(i._printf_post_padding)
    i._printf_pre_padding                    0x08004840   Section        0  printfa.o(i._printf_pre_padding)
    _printf_pre_padding                      0x08004841   Thumb Code    46  printfa.o(i._printf_pre_padding)
    i._sputc                                 0x0800486e   Section        0  printfa.o(i._sputc)
    _sputc                                   0x0800486f   Thumb Code    10  printfa.o(i._sputc)
    i.main                                   0x08004878   Section        0  main.o(i.main)
    .constdata                               0x08004984   Section       16  system_stm32f4xx.o(.constdata)
    .data                                    0x20000000   Section       28  my_lis3dsh.o(.data)
    lis3dsh_Sensitivity                      0x20000000   Data           4  my_lis3dsh.o(.data)
    __X_Bias                                 0x20000004   Data           4  my_lis3dsh.o(.data)
    __Y_Bias                                 0x20000008   Data           4  my_lis3dsh.o(.data)
    __Z_Bias                                 0x2000000c   Data           4  my_lis3dsh.o(.data)
    __X_Scale                                0x20000010   Data           4  my_lis3dsh.o(.data)
    __Y_Scale                                0x20000014   Data           4  my_lis3dsh.o(.data)
    __Z_Scale                                0x20000018   Data           4  my_lis3dsh.o(.data)
    .data                                    0x2000001c   Section       28  usbd_desc.o(.data)
    .data                                    0x20000038   Section       50  usbd_desc.o(.data)
    .data                                    0x2000006c   Section       20  usbd_cdc_if.o(.data)
    .data                                    0x20000080   Section       12  stm32f4xx_hal.o(.data)
    .data                                    0x2000008c   Section        4  system_stm32f4xx.o(.data)
    .data                                    0x20000090   Section        1  usbd_ctlreq.o(.data)
    cfgidx                                   0x20000090   Data           1  usbd_ctlreq.o(.data)
    .data                                    0x20000094   Section      215  usbd_cdc.o(.data)
    USBD_CDC_DeviceQualifierDesc             0x20000094   Data          10  usbd_cdc.o(.data)
    USBD_CDC_CfgHSDesc                       0x200000a0   Data          67  usbd_cdc.o(.data)
    USBD_CDC_CfgFSDesc                       0x200000e4   Data          67  usbd_cdc.o(.data)
    USBD_CDC_OtherSpeedCfgDesc               0x20000128   Data          67  usbd_cdc.o(.data)
    .data                                    0x2000016c   Section       56  usbd_cdc.o(.data)
    .bss                                     0x200001a4   Section       88  my_lis3dsh.o(.bss)
    accSPI_Handle                            0x200001a4   Data          88  my_lis3dsh.o(.bss)
    .bss                                     0x200001fc   Section       12  main.o(.bss)
    .bss                                     0x20000208   Section       88  spi.o(.bss)
    .bss                                     0x20000260   Section      720  usb_device.o(.bss)
    .bss                                     0x20000530   Section      512  usbd_desc.o(.bss)
    .bss                                     0x20000730   Section     4096  usbd_cdc_if.o(.bss)
    .bss                                     0x20001730   Section     1576  usbd_conf.o(.bss)
    mem                                      0x20001730   Data         544  usbd_conf.o(.bss)
    STACK                                    0x20001d58   Section    16384  startup_stm32f407xx.o(STACK)

    Global Symbols

    Symbol Name                              Value     Ov Type        Size  Object(Section)

    BuildAttributes$$THM_ISAv4$E$P$D$K$B$S$7EM$VFPi3$EXTD16$VFPS$VFMA$PE$A:L22UL41UL21$X:L11$S22US41US21$IEEE1$IW$USESV6$~STKCKD$USESV7$~SHL$OSPACE$ROPI$EBA8$MICROLIB$REQ8$PRES8$EABIv2 0x00000000   Number         0  anon$$obj.o ABSOLUTE
    __ARM_use_no_argv                        0x00000000   Number         0  main.o ABSOLUTE
    _printf_a                                0x00000000   Number         0  stubs.o ABSOLUTE
    _printf_c                                0x00000000   Number         0  stubs.o ABSOLUTE
    _printf_charcount                        0x00000000   Number         0  stubs.o ABSOLUTE
    _printf_d                                0x00000000   Number         0  stubs.o ABSOLUTE
    _printf_e                                0x00000000   Number         0  stubs.o ABSOLUTE
    _printf_f                                0x00000000   Number         0  stubs.o ABSOLUTE
    _printf_flags                            0x00000000   Number         0  stubs.o ABSOLUTE
    _printf_fp_dec                           0x00000000   Number         0  stubs.o ABSOLUTE
    _printf_fp_hex                           0x00000000   Number         0  stubs.o ABSOLUTE
    _printf_g                                0x00000000   Number         0  stubs.o ABSOLUTE
    _printf_i                                0x00000000   Number         0  stubs.o ABSOLUTE
    _printf_int_dec                          0x00000000   Number         0  stubs.o ABSOLUTE
    _printf_l                                0x00000000   Number         0  stubs.o ABSOLUTE
    _printf_lc                               0x00000000   Number         0  stubs.o ABSOLUTE
    _printf_ll                               0x00000000   Number         0  stubs.o ABSOLUTE
    _printf_lld                              0x00000000   Number         0  stubs.o ABSOLUTE
    _printf_lli                              0x00000000   Number         0  stubs.o ABSOLUTE
    _printf_llo                              0x00000000   Number         0  stubs.o ABSOLUTE
    _printf_llu                              0x00000000   Number         0  stubs.o ABSOLUTE
    _printf_llx                              0x00000000   Number         0  stubs.o ABSOLUTE
    _printf_longlong_dec                     0x00000000   Number         0  stubs.o ABSOLUTE
    _printf_longlong_hex                     0x00000000   Number         0  stubs.o ABSOLUTE
    _printf_longlong_oct                     0x00000000   Number         0  stubs.o ABSOLUTE
    _printf_ls                               0x00000000   Number         0  stubs.o ABSOLUTE
    _printf_mbtowc                           0x00000000   Number         0  stubs.o ABSOLUTE
    _printf_n                                0x00000000   Number         0  stubs.o ABSOLUTE
    _printf_o                                0x00000000   Number         0  stubs.o ABSOLUTE
    _printf_p                                0x00000000   Number         0  stubs.o ABSOLUTE
    _printf_percent                          0x00000000   Number         0  stubs.o ABSOLUTE
    _printf_pre_padding                      0x00000000   Number         0  stubs.o ABSOLUTE
    _printf_return_value                     0x00000000   Number         0  stubs.o ABSOLUTE
    _printf_s                                0x00000000   Number         0  stubs.o ABSOLUTE
    _printf_sizespec                         0x00000000   Number         0  stubs.o ABSOLUTE
    _printf_str                              0x00000000   Number         0  stubs.o ABSOLUTE
    _printf_truncate_signed                  0x00000000   Number         0  stubs.o ABSOLUTE
    _printf_truncate_unsigned                0x00000000   Number         0  stubs.o ABSOLUTE
    _printf_u                                0x00000000   Number         0  stubs.o ABSOLUTE
    _printf_wc                               0x00000000   Number         0  stubs.o ABSOLUTE
    _printf_wctomb                           0x00000000   Number         0  stubs.o ABSOLUTE
    _printf_widthprec                        0x00000000   Number         0  stubs.o ABSOLUTE
    _printf_x                                0x00000000   Number         0  stubs.o ABSOLUTE
    __cpp_initialize__aeabi_                  - Undefined Weak Reference
    __cxa_finalize                            - Undefined Weak Reference
    _clock_init                               - Undefined Weak Reference
    _microlib_exit                            - Undefined Weak Reference
    __Vectors_Size                           0x00000188   Number         0  startup_stm32f407xx.o ABSOLUTE
    __Vectors                                0x08000000   Data           4  startup_stm32f407xx.o(RESET)
    __Vectors_End                            0x08000188   Data           0  startup_stm32f407xx.o(RESET)
    __main                                   0x08000189   Thumb Code     0  entry.o(.ARM.Collect$$$$00000000)
    _main_stk                                0x08000189   Thumb Code     0  entry2.o(.ARM.Collect$$$$00000001)
    _main_scatterload                        0x0800018d   Thumb Code     0  entry5.o(.ARM.Collect$$$$00000004)
    __main_after_scatterload                 0x08000191   Thumb Code     0  entry5.o(.ARM.Collect$$$$00000004)
    _main_clock                              0x08000191   Thumb Code     0  entry7b.o(.ARM.Collect$$$$00000008)
    _main_cpp_init                           0x08000191   Thumb Code     0  entry8b.o(.ARM.Collect$$$$0000000A)
    _main_init                               0x08000191   Thumb Code     0  entry9a.o(.ARM.Collect$$$$0000000B)
    __rt_final_cpp                           0x08000199   Thumb Code     0  entry10a.o(.ARM.Collect$$$$0000000D)
    __rt_final_exit                          0x08000199   Thumb Code     0  entry11a.o(.ARM.Collect$$$$0000000F)
    Reset_Handler                            0x0800019d   Thumb Code     8  startup_stm32f407xx.o(.text)
    ADC_IRQHandler                           0x080001b7   Thumb Code     0  startup_stm32f407xx.o(.text)
    CAN1_RX0_IRQHandler                      0x080001b7   Thumb Code     0  startup_stm32f407xx.o(.text)
    CAN1_RX1_IRQHandler                      0x080001b7   Thumb Code     0  startup_stm32f407xx.o(.text)
    CAN1_SCE_IRQHandler                      0x080001b7   Thumb Code     0  startup_stm32f407xx.o(.text)
    CAN1_TX_IRQHandler                       0x080001b7   Thumb Code     0  startup_stm32f407xx.o(.text)
    CAN2_RX0_IRQHandler                      0x080001b7   Thumb Code     0  startup_stm32f407xx.o(.text)
    CAN2_RX1_IRQHandler                      0x080001b7   Thumb Code     0  startup_stm32f407xx.o(.text)
    CAN2_SCE_IRQHandler                      0x080001b7   Thumb Code     0  startup_stm32f407xx.o(.text)
    CAN2_TX_IRQHandler                       0x080001b7   Thumb Code     0  startup_stm32f407xx.o(.text)
    DCMI_IRQHandler                          0x080001b7   Thumb Code     0  startup_stm32f407xx.o(.text)
    DMA1_Stream0_IRQHandler                  0x080001b7   Thumb Code     0  startup_stm32f407xx.o(.text)
    DMA1_Stream1_IRQHandler                  0x080001b7   Thumb Code     0  startup_stm32f407xx.o(.text)
    DMA1_Stream2_IRQHandler                  0x080001b7   Thumb Code     0  startup_stm32f407xx.o(.text)
    DMA1_Stream3_IRQHandler                  0x080001b7   Thumb Code     0  startup_stm32f407xx.o(.text)
    DMA1_Stream4_IRQHandler                  0x080001b7   Thumb Code     0  startup_stm32f407xx.o(.text)
    DMA1_Stream5_IRQHandler                  0x080001b7   Thumb Code     0  startup_stm32f407xx.o(.text)
    DMA1_Stream6_IRQHandler                  0x080001b7   Thumb Code     0  startup_stm32f407xx.o(.text)
    DMA1_Stream7_IRQHandler                  0x080001b7   Thumb Code     0  startup_stm32f407xx.o(.text)
    DMA2_Stream0_IRQHandler                  0x080001b7   Thumb Code     0  startup_stm32f407xx.o(.text)
    DMA2_Stream1_IRQHandler                  0x080001b7   Thumb Code     0  startup_stm32f407xx.o(.text)
    DMA2_Stream2_IRQHandler                  0x080001b7   Thumb Code     0  startup_stm32f407xx.o(.text)
    DMA2_Stream3_IRQHandler                  0x080001b7   Thumb Code     0  startup_stm32f407xx.o(.text)
    DMA2_Stream4_IRQHandler                  0x080001b7   Thumb Code     0  startup_stm32f407xx.o(.text)
    DMA2_Stream5_IRQHandler                  0x080001b7   Thumb Code     0  startup_stm32f407xx.o(.text)
    DMA2_Stream6_IRQHandler                  0x080001b7   Thumb Code     0  startup_stm32f407xx.o(.text)
    DMA2_Stream7_IRQHandler                  0x080001b7   Thumb Code     0  startup_stm32f407xx.o(.text)
    ETH_IRQHandler                           0x080001b7   Thumb Code     0  startup_stm32f407xx.o(.text)
    ETH_WKUP_IRQHandler                      0x080001b7   Thumb Code     0  startup_stm32f407xx.o(.text)
    EXTI15_10_IRQHandler                     0x080001b7   Thumb Code     0  startup_stm32f407xx.o(.text)
    EXTI1_IRQHandler                         0x080001b7   Thumb Code     0  startup_stm32f407xx.o(.text)
    EXTI2_IRQHandler                         0x080001b7   Thumb Code     0  startup_stm32f407xx.o(.text)
    EXTI3_IRQHandler                         0x080001b7   Thumb Code     0  startup_stm32f407xx.o(.text)
    EXTI4_IRQHandler                         0x080001b7   Thumb Code     0  startup_stm32f407xx.o(.text)
    EXTI9_5_IRQHandler                       0x080001b7   Thumb Code     0  startup_stm32f407xx.o(.text)
    FLASH_IRQHandler                         0x080001b7   Thumb Code     0  startup_stm32f407xx.o(.text)
    FMC_IRQHandler                           0x080001b7   Thumb Code     0  startup_stm32f407xx.o(.text)
    FPU_IRQHandler                           0x080001b7   Thumb Code     0  startup_stm32f407xx.o(.text)
    HASH_RNG_IRQHandler                      0x080001b7   Thumb Code     0  startup_stm32f407xx.o(.text)
    I2C1_ER_IRQHandler                       0x080001b7   Thumb Code     0  startup_stm32f407xx.o(.text)
    I2C1_EV_IRQHandler                       0x080001b7   Thumb Code     0  startup_stm32f407xx.o(.text)
    I2C2_ER_IRQHandler                       0x080001b7   Thumb Code     0  startup_stm32f407xx.o(.text)
    I2C2_EV_IRQHandler                       0x080001b7   Thumb Code     0  startup_stm32f407xx.o(.text)
    I2C3_ER_IRQHandler                       0x080001b7   Thumb Code     0  startup_stm32f407xx.o(.text)
    I2C3_EV_IRQHandler                       0x080001b7   Thumb Code     0  startup_stm32f407xx.o(.text)
    OTG_FS_WKUP_IRQHandler                   0x080001b7   Thumb Code     0  startup_stm32f407xx.o(.text)
    OTG_HS_EP1_IN_IRQHandler                 0x080001b7   Thumb Code     0  startup_stm32f407xx.o(.text)
    OTG_HS_EP1_OUT_IRQHandler                0x080001b7   Thumb Code     0  startup_stm32f407xx.o(.text)
    OTG_HS_IRQHandler                        0x080001b7   Thumb Code     0  startup_stm32f407xx.o(.text)
    OTG_HS_WKUP_IRQHandler                   0x080001b7   Thumb Code     0  startup_stm32f407xx.o(.text)
    PVD_IRQHandler                           0x080001b7   Thumb Code     0  startup_stm32f407xx.o(.text)
    RCC_IRQHandler                           0x080001b7   Thumb Code     0  startup_stm32f407xx.o(.text)
    RTC_Alarm_IRQHandler                     0x080001b7   Thumb Code     0  startup_stm32f407xx.o(.text)
    RTC_WKUP_IRQHandler                      0x080001b7   Thumb Code     0  startup_stm32f407xx.o(.text)
    SDIO_IRQHandler                          0x080001b7   Thumb Code     0  startup_stm32f407xx.o(.text)
    SPI1_IRQHandler                          0x080001b7   Thumb Code     0  startup_stm32f407xx.o(.text)
    SPI2_IRQHandler                          0x080001b7   Thumb Code     0  startup_stm32f407xx.o(.text)
    SPI3_IRQHandler                          0x080001b7   Thumb Code     0  startup_stm32f407xx.o(.text)
    TAMP_STAMP_IRQHandler                    0x080001b7   Thumb Code     0  startup_stm32f407xx.o(.text)
    TIM1_BRK_TIM9_IRQHandler                 0x080001b7   Thumb Code     0  startup_stm32f407xx.o(.text)
    TIM1_CC_IRQHandler                       0x080001b7   Thumb Code     0  startup_stm32f407xx.o(.text)
    TIM1_TRG_COM_TIM11_IRQHandler            0x080001b7   Thumb Code     0  startup_stm32f407xx.o(.text)
    TIM1_UP_TIM10_IRQHandler                 0x080001b7   Thumb Code     0  startup_stm32f407xx.o(.text)
    TIM2_IRQHandler                          0x080001b7   Thumb Code     0  startup_stm32f407xx.o(.text)
    TIM3_IRQHandler                          0x080001b7   Thumb Code     0  startup_stm32f407xx.o(.text)
    TIM4_IRQHandler                          0x080001b7   Thumb Code     0  startup_stm32f407xx.o(.text)
    TIM5_IRQHandler                          0x080001b7   Thumb Code     0  startup_stm32f407xx.o(.text)
    TIM6_DAC_IRQHandler                      0x080001b7   Thumb Code     0  startup_stm32f407xx.o(.text)
    TIM7_IRQHandler                          0x080001b7   Thumb Code     0  startup_stm32f407xx.o(.text)
    TIM8_BRK_TIM12_IRQHandler                0x080001b7   Thumb Code     0  startup_stm32f407xx.o(.text)
    TIM8_CC_IRQHandler                       0x080001b7   Thumb Code     0  startup_stm32f407xx.o(.text)
    TIM8_TRG_COM_TIM14_IRQHandler            0x080001b7   Thumb Code     0  startup_stm32f407xx.o(.text)
    TIM8_UP_TIM13_IRQHandler                 0x080001b7   Thumb Code     0  startup_stm32f407xx.o(.text)
    UART4_IRQHandler                         0x080001b7   Thumb Code     0  startup_stm32f407xx.o(.text)
    UART5_IRQHandler                         0x080001b7   Thumb Code     0  startup_stm32f407xx.o(.text)
    USART1_IRQHandler                        0x080001b7   Thumb Code     0  startup_stm32f407xx.o(.text)
    USART2_IRQHandler                        0x080001b7   Thumb Code     0  startup_stm32f407xx.o(.text)
    USART3_IRQHandler                        0x080001b7   Thumb Code     0  startup_stm32f407xx.o(.text)
    USART6_IRQHandler                        0x080001b7   Thumb Code     0  startup_stm32f407xx.o(.text)
    WWDG_IRQHandler                          0x080001b7   Thumb Code     0  startup_stm32f407xx.o(.text)
    __aeabi_uldivmod                         0x080001c1   Thumb Code    98  uldiv.o(.text)
    __aeabi_memcpy                           0x08000223   Thumb Code    36  memcpya.o(.text)
    __aeabi_memcpy4                          0x08000223   Thumb Code     0  memcpya.o(.text)
    __aeabi_memcpy8                          0x08000223   Thumb Code     0  memcpya.o(.text)
    __aeabi_memset                           0x08000247   Thumb Code    14  memseta.o(.text)
    __aeabi_memset4                          0x08000247   Thumb Code     0  memseta.o(.text)
    __aeabi_memset8                          0x08000247   Thumb Code     0  memseta.o(.text)
    __aeabi_memclr                           0x08000255   Thumb Code     4  memseta.o(.text)
    __aeabi_memclr4                          0x08000255   Thumb Code     0  memseta.o(.text)
    __aeabi_memclr8                          0x08000255   Thumb Code     0  memseta.o(.text)
    _memset$wrapper                          0x08000259   Thumb Code    18  memseta.o(.text)
    strlen                                   0x0800026b   Thumb Code    14  strlen.o(.text)
    __aeabi_f2d                              0x08000279   Thumb Code    38  f2d.o(.text)
    __aeabi_uidiv                            0x0800029f   Thumb Code     0  uidiv.o(.text)
    __aeabi_uidivmod                         0x0800029f   Thumb Code    44  uidiv.o(.text)
    __aeabi_llsl                             0x080002cb   Thumb Code    30  llshl.o(.text)
    _ll_shift_l                              0x080002cb   Thumb Code     0  llshl.o(.text)
    __aeabi_llsr                             0x080002e9   Thumb Code    32  llushr.o(.text)
    _ll_ushift_r                             0x080002e9   Thumb Code     0  llushr.o(.text)
    __I$use$fp                               0x08000309   Thumb Code     0  iusefp.o(.text)
    __aeabi_dadd                             0x08000309   Thumb Code   322  dadd.o(.text)
    __aeabi_dsub                             0x0800044b   Thumb Code     6  dadd.o(.text)
    __aeabi_drsub                            0x08000451   Thumb Code     6  dadd.o(.text)
    __aeabi_dmul                             0x08000457   Thumb Code   228  dmul.o(.text)
    __aeabi_ddiv                             0x0800053b   Thumb Code   222  ddiv.o(.text)
    __aeabi_d2ulz                            0x08000619   Thumb Code    48  dfixul.o(.text)
    __aeabi_cdrcmple                         0x08000649   Thumb Code    48  cdrcmple.o(.text)
    __scatterload                            0x08000679   Thumb Code    28  init.o(.text)
    __scatterload_rt2                        0x08000679   Thumb Code     0  init.o(.text)
    __aeabi_lasr                             0x0800069d   Thumb Code    36  llsshr.o(.text)
    _ll_sshift_r                             0x0800069d   Thumb Code     0  llsshr.o(.text)
    _double_round                            0x080006c1   Thumb Code    30  depilogue.o(.text)
    _double_epilogue                         0x080006df   Thumb Code   156  depilogue.o(.text)
    __decompress                             0x0800077b   Thumb Code     0  __dczerorl2.o(.text)
    __decompress1                            0x0800077b   Thumb Code    86  __dczerorl2.o(.text)
    BusFault_Handler                         0x080007d1   Thumb Code     2  stm32f4xx_it.o(i.BusFault_Handler)
    CDC_Transmit_FS                          0x0800081d   Thumb Code    38  usbd_cdc_if.o(i.CDC_Transmit_FS)
    DebugMon_Handler                         0x08000849   Thumb Code     2  stm32f4xx_it.o(i.DebugMon_Handler)
    EXTI0_IRQHandler                         0x0800084b   Thumb Code     6  stm32f4xx_it.o(i.EXTI0_IRQHandler)
    Error_Handler                            0x08000851   Thumb Code     4  main.o(i.Error_Handler)
    HAL_Delay                                0x08000855   Thumb Code    32  stm32f4xx_hal.o(i.HAL_Delay)
    HAL_GPIO_EXTI_Callback                   0x08000879   Thumb Code     2  stm32f4xx_hal_gpio.o(i.HAL_GPIO_EXTI_Callback)
    HAL_GPIO_EXTI_IRQHandler                 0x0800087d   Thumb Code    18  stm32f4xx_hal_gpio.o(i.HAL_GPIO_EXTI_IRQHandler)
    HAL_GPIO_Init                            0x08000895   Thumb Code   448  stm32f4xx_hal_gpio.o(i.HAL_GPIO_Init)
    HAL_GPIO_WritePin                        0x08000a81   Thumb Code    10  stm32f4xx_hal_gpio.o(i.HAL_GPIO_WritePin)
    HAL_GetTick                              0x08000a8d   Thumb Code     6  stm32f4xx_hal.o(i.HAL_GetTick)
    HAL_IncTick                              0x08000a99   Thumb Code    12  stm32f4xx_hal.o(i.HAL_IncTick)
    HAL_Init                                 0x08000aa9   Thumb Code    48  stm32f4xx_hal.o(i.HAL_Init)
    HAL_InitTick                             0x08000add   Thumb Code    54  stm32f4xx_hal.o(i.HAL_InitTick)
    HAL_MspInit                              0x08000b1d   Thumb Code    42  stm32f4xx_hal_msp.o(i.HAL_MspInit)
    HAL_NVIC_EnableIRQ                       0x08000b4d   Thumb Code    26  stm32f4xx_hal_cortex.o(i.HAL_NVIC_EnableIRQ)
    HAL_NVIC_SetPriority                     0x08000b69   Thumb Code    60  stm32f4xx_hal_cortex.o(i.HAL_NVIC_SetPriority)
    HAL_NVIC_SetPriorityGrouping             0x08000ba9   Thumb Code    26  stm32f4xx_hal_cortex.o(i.HAL_NVIC_SetPriorityGrouping)
    HAL_PCDEx_LPM_Callback                   0x08000bcd   Thumb Code     2  stm32f4xx_hal_pcd_ex.o(i.HAL_PCDEx_LPM_Callback)
    HAL_PCDEx_SetRxFiFo                      0x08000bcf   Thumb Code     8  stm32f4xx_hal_pcd_ex.o(i.HAL_PCDEx_SetRxFiFo)
    HAL_PCDEx_SetTxFiFo                      0x08000bd7   Thumb Code    68  stm32f4xx_hal_pcd_ex.o(i.HAL_PCDEx_SetTxFiFo)
    HAL_PCD_ConnectCallback                  0x08000c1b   Thumb Code     8  usbd_conf.o(i.HAL_PCD_ConnectCallback)
    HAL_PCD_DataInStageCallback              0x08000c23   Thumb Code    18  usbd_conf.o(i.HAL_PCD_DataInStageCallback)
    HAL_PCD_DataOutStageCallback             0x08000c35   Thumb Code    20  usbd_conf.o(i.HAL_PCD_DataOutStageCallback)
    HAL_PCD_DisconnectCallback               0x08000c49   Thumb Code     8  usbd_conf.o(i.HAL_PCD_DisconnectCallback)
    HAL_PCD_EP_Close                         0x08000c51   Thumb Code    76  stm32f4xx_hal_pcd.o(i.HAL_PCD_EP_Close)
    HAL_PCD_EP_ClrStall                      0x08000c9d   Thumb Code    92  stm32f4xx_hal_pcd.o(i.HAL_PCD_EP_ClrStall)
    HAL_PCD_EP_GetRxCount                    0x08000cf9   Thumb Code    18  stm32f4xx_hal_pcd.o(i.HAL_PCD_EP_GetRxCount)
    HAL_PCD_EP_Open                          0x08000d0b   Thumb Code    96  stm32f4xx_hal_pcd.o(i.HAL_PCD_EP_Open)
    HAL_PCD_EP_Receive                       0x08000d6b   Thumb Code    72  stm32f4xx_hal_pcd.o(i.HAL_PCD_EP_Receive)
    HAL_PCD_EP_SetStall                      0x08000db3   Thumb Code   116  stm32f4xx_hal_pcd.o(i.HAL_PCD_EP_SetStall)
    HAL_PCD_EP_Transmit                      0x08000e27   Thumb Code    64  stm32f4xx_hal_pcd.o(i.HAL_PCD_EP_Transmit)
    HAL_PCD_IRQHandler                       0x08000e69   Thumb Code  1070  stm32f4xx_hal_pcd.o(i.HAL_PCD_IRQHandler)
    HAL_PCD_ISOINIncompleteCallback          0x0800129d   Thumb Code     8  usbd_conf.o(i.HAL_PCD_ISOINIncompleteCallback)
    HAL_PCD_ISOOUTIncompleteCallback         0x080012a5   Thumb Code     8  usbd_conf.o(i.HAL_PCD_ISOOUTIncompleteCallback)
    HAL_PCD_Init                             0x080012ad   Thumb Code   226  stm32f4xx_hal_pcd.o(i.HAL_PCD_Init)
    HAL_PCD_MspInit                          0x08001391   Thumb Code   122  usbd_conf.o(i.HAL_PCD_MspInit)
    HAL_PCD_ResetCallback                    0x08001415   Thumb Code    44  usbd_conf.o(i.HAL_PCD_ResetCallback)
    HAL_PCD_ResumeCallback                   0x08001441   Thumb Code     8  usbd_conf.o(i.HAL_PCD_ResumeCallback)
    HAL_PCD_SOFCallback                      0x08001449   Thumb Code     8  usbd_conf.o(i.HAL_PCD_SOFCallback)
    HAL_PCD_SetAddress                       0x08001451   Thumb Code    40  stm32f4xx_hal_pcd.o(i.HAL_PCD_SetAddress)
    HAL_PCD_SetupStageCallback               0x08001479   Thumb Code    14  usbd_conf.o(i.HAL_PCD_SetupStageCallback)
    HAL_PCD_Start                            0x08001487   Thumb Code    66  stm32f4xx_hal_pcd.o(i.HAL_PCD_Start)
    HAL_PCD_SuspendCallback                  0x080014c9   Thumb Code    44  usbd_conf.o(i.HAL_PCD_SuspendCallback)
    HAL_RCC_ClockConfig                      0x080014f9   Thumb Code   288  stm32f4xx_hal_rcc.o(i.HAL_RCC_ClockConfig)
    HAL_RCC_GetHCLKFreq                      0x0800162d   Thumb Code     6  stm32f4xx_hal_rcc.o(i.HAL_RCC_GetHCLKFreq)
    HAL_RCC_GetSysClockFreq                  0x08001639   Thumb Code    88  stm32f4xx_hal_rcc.o(i.HAL_RCC_GetSysClockFreq)
    HAL_RCC_OscConfig                        0x08001699   Thumb Code   856  stm32f4xx_hal_rcc.o(i.HAL_RCC_OscConfig)
    HAL_SPI_Init                             0x08001a05   Thumb Code   188  stm32f4xx_hal_spi.o(i.HAL_SPI_Init)
    HAL_SPI_MspInit                          0x08001ac1   Thumb Code    92  spi.o(i.HAL_SPI_MspInit)
    HAL_SPI_Receive                          0x08001b29   Thumb Code   346  stm32f4xx_hal_spi.o(i.HAL_SPI_Receive)
    HAL_SPI_Transmit                         0x08001c83   Thumb Code   358  stm32f4xx_hal_spi.o(i.HAL_SPI_Transmit)
    HAL_SPI_TransmitReceive                  0x08001de9   Thumb Code   482  stm32f4xx_hal_spi.o(i.HAL_SPI_TransmitReceive)
    HAL_SYSTICK_Config                       0x08001fcb   Thumb Code    40  stm32f4xx_hal_cortex.o(i.HAL_SYSTICK_Config)
    HardFault_Handler                        0x08001ff3   Thumb Code     2  stm32f4xx_it.o(i.HardFault_Handler)
    LIS3DSH_GetDataRaw                       0x0800202d   Thumb Code    94  my_lis3dsh.o(i.LIS3DSH_GetDataRaw)
    LIS3DSH_GetDataScaled                    0x0800208d   Thumb Code   100  my_lis3dsh.o(i.LIS3DSH_GetDataScaled)
    LIS3DSH_Init                             0x080020f5   Thumb Code   172  my_lis3dsh.o(i.LIS3DSH_Init)
    LIS3DSH_ReadIO                           0x080021c1   Thumb Code    84  my_lis3dsh.o(i.LIS3DSH_ReadIO)
    LIS3DSH_WriteIO                          0x0800221d   Thumb Code    58  my_lis3dsh.o(i.LIS3DSH_WriteIO)
    LIS3DSH_X_calibrate                      0x08002261   Thumb Code    36  my_lis3dsh.o(i.LIS3DSH_X_calibrate)
    LIS3DSH_Y_calibrate                      0x0800228d   Thumb Code    36  my_lis3dsh.o(i.LIS3DSH_Y_calibrate)
    LIS3DSH_Z_calibrate                      0x080022b9   Thumb Code    36  my_lis3dsh.o(i.LIS3DSH_Z_calibrate)
    MX_GPIO_Init                             0x080022e5   Thumb Code   132  gpio.o(i.MX_GPIO_Init)
    MX_SPI1_Init                             0x08002375   Thumb Code    60  spi.o(i.MX_SPI1_Init)
    MX_USB_DEVICE_Init                       0x080023b9   Thumb Code    66  usb_device.o(i.MX_USB_DEVICE_Init)
    MemManage_Handler                        0x0800240d   Thumb Code     2  stm32f4xx_it.o(i.MemManage_Handler)
    NMI_Handler                              0x0800240f   Thumb Code     2  stm32f4xx_it.o(i.NMI_Handler)
    OTG_FS_IRQHandler                        0x08002411   Thumb Code     6  stm32f4xx_it.o(i.OTG_FS_IRQHandler)
    PendSV_Handler                           0x0800258b   Thumb Code     2  stm32f4xx_it.o(i.PendSV_Handler)
    SVC_Handler                              0x080026f9   Thumb Code     2  stm32f4xx_it.o(i.SVC_Handler)
    SysTick_Handler                          0x08002705   Thumb Code     4  stm32f4xx_it.o(i.SysTick_Handler)
    SystemClock_Config                       0x08002709   Thumb Code   136  main.o(i.SystemClock_Config)
    SystemInit                               0x08002799   Thumb Code    12  system_stm32f4xx.o(i.SystemInit)
    USBD_CDC_GetDeviceQualifierDescriptor    0x080028ad   Thumb Code     8  usbd_cdc.o(i.USBD_CDC_GetDeviceQualifierDescriptor)
    USBD_CDC_ReceivePacket                   0x0800297f   Thumb Code    40  usbd_cdc.o(i.USBD_CDC_ReceivePacket)
    USBD_CDC_RegisterInterface               0x080029a7   Thumb Code    14  usbd_cdc.o(i.USBD_CDC_RegisterInterface)
    USBD_CDC_SetRxBuffer                     0x080029b5   Thumb Code    18  usbd_cdc.o(i.USBD_CDC_SetRxBuffer)
    USBD_CDC_SetTxBuffer                     0x080029c7   Thumb Code    22  usbd_cdc.o(i.USBD_CDC_SetTxBuffer)
    USBD_CDC_TransmitPacket                  0x08002a9b   Thumb Code    54  usbd_cdc.o(i.USBD_CDC_TransmitPacket)
    USBD_ClrClassConfig                      0x08002ad1   Thumb Code    16  usbd_core.o(i.USBD_ClrClassConfig)
    USBD_CtlContinueRx                       0x08002ae1   Thumb Code    16  usbd_ioreq.o(i.USBD_CtlContinueRx)
    USBD_CtlContinueSendData                 0x08002af1   Thumb Code    16  usbd_ioreq.o(i.USBD_CtlContinueSendData)
    USBD_CtlError                            0x08002b01   Thumb Code    22  usbd_ctlreq.o(i.USBD_CtlError)
    USBD_CtlPrepareRx                        0x08002b17   Thumb Code    30  usbd_ioreq.o(i.USBD_CtlPrepareRx)
    USBD_CtlReceiveStatus                    0x08002b35   Thumb Code    22  usbd_ioreq.o(i.USBD_CtlReceiveStatus)
    USBD_CtlSendData                         0x08002b4b   Thumb Code    26  usbd_ioreq.o(i.USBD_CtlSendData)
    USBD_CtlSendStatus                       0x08002b65   Thumb Code    22  usbd_ioreq.o(i.USBD_CtlSendStatus)
    USBD_FS_ConfigStrDescriptor              0x08002b7d   Thumb Code    16  usbd_desc.o(i.USBD_FS_ConfigStrDescriptor)
    USBD_FS_DeviceDescriptor                 0x08002b9d   Thumb Code     8  usbd_desc.o(i.USBD_FS_DeviceDescriptor)
    USBD_FS_InterfaceStrDescriptor           0x08002ba9   Thumb Code    16  usbd_desc.o(i.USBD_FS_InterfaceStrDescriptor)
    USBD_FS_LangIDStrDescriptor              0x08002bcd   Thumb Code     8  usbd_desc.o(i.USBD_FS_LangIDStrDescriptor)
    USBD_FS_ManufacturerStrDescriptor        0x08002bd9   Thumb Code    16  usbd_desc.o(i.USBD_FS_ManufacturerStrDescriptor)
    USBD_FS_ProductStrDescriptor             0x08002c01   Thumb Code    16  usbd_desc.o(i.USBD_FS_ProductStrDescriptor)
    USBD_FS_SerialStrDescriptor              0x08002c2d   Thumb Code    48  usbd_desc.o(i.USBD_FS_SerialStrDescriptor)
    USBD_GetString                           0x08002d4b   Thumb Code    72  usbd_ctlreq.o(i.USBD_GetString)
    USBD_Get_USB_Status                      0x08002d93   Thumb Code    24  usbd_conf.o(i.USBD_Get_USB_Status)
    USBD_Init                                0x08002dab   Thumb Code    38  usbd_core.o(i.USBD_Init)
    USBD_LL_ClearStallEP                     0x08002dd1   Thumb Code    18  usbd_conf.o(i.USBD_LL_ClearStallEP)
    USBD_LL_CloseEP                          0x08002de3   Thumb Code    18  usbd_conf.o(i.USBD_LL_CloseEP)
    USBD_LL_DataInStage                      0x08002df5   Thumb Code   168  usbd_core.o(i.USBD_LL_DataInStage)
    USBD_LL_DataOutStage                     0x08002e9d   Thumb Code   108  usbd_core.o(i.USBD_LL_DataOutStage)
    USBD_LL_DevConnected                     0x08002f09   Thumb Code     4  usbd_core.o(i.USBD_LL_DevConnected)
    USBD_LL_DevDisconnected                  0x08002f0d   Thumb Code    24  usbd_core.o(i.USBD_LL_DevDisconnected)
    USBD_LL_GetRxDataSize                    0x08002f25   Thumb Code     8  usbd_conf.o(i.USBD_LL_GetRxDataSize)
    USBD_LL_Init                             0x08002f2d   Thumb Code    90  usbd_conf.o(i.USBD_LL_Init)
    USBD_LL_IsStallEP                        0x08002f8d   Thumb Code    32  usbd_conf.o(i.USBD_LL_IsStallEP)
    USBD_LL_IsoINIncomplete                  0x08002fad   Thumb Code    32  usbd_core.o(i.USBD_LL_IsoINIncomplete)
    USBD_LL_IsoOUTIncomplete                 0x08002fcd   Thumb Code    32  usbd_core.o(i.USBD_LL_IsoOUTIncomplete)
    USBD_LL_OpenEP                           0x08002fed   Thumb Code    24  usbd_conf.o(i.USBD_LL_OpenEP)
    USBD_LL_PrepareReceive                   0x08003005   Thumb Code    18  usbd_conf.o(i.USBD_LL_PrepareReceive)
    USBD_LL_Reset                            0x08003017   Thumb Code    90  usbd_core.o(i.USBD_LL_Reset)
    USBD_LL_Resume                           0x08003071   Thumb Code    20  usbd_core.o(i.USBD_LL_Resume)
    USBD_LL_SOF                              0x08003085   Thumb Code    32  usbd_core.o(i.USBD_LL_SOF)
    USBD_LL_SetSpeed                         0x080030a5   Thumb Code     6  usbd_core.o(i.USBD_LL_SetSpeed)
    USBD_LL_SetUSBAddress                    0x080030ab   Thumb Code    18  usbd_conf.o(i.USBD_LL_SetUSBAddress)
    USBD_LL_SetupStage                       0x080030bd   Thumb Code    96  usbd_core.o(i.USBD_LL_SetupStage)
    USBD_LL_StallEP                          0x0800311d   Thumb Code    18  usbd_conf.o(i.USBD_LL_StallEP)
    USBD_LL_Start                            0x0800312f   Thumb Code    18  usbd_conf.o(i.USBD_LL_Start)
    USBD_LL_Suspend                          0x08003141   Thumb Code    18  usbd_core.o(i.USBD_LL_Suspend)
    USBD_LL_Transmit                         0x08003153   Thumb Code    18  usbd_conf.o(i.USBD_LL_Transmit)
    USBD_ParseSetupRequest                   0x08003165   Thumb Code    44  usbd_ctlreq.o(i.USBD_ParseSetupRequest)
    USBD_RegisterClass                       0x08003191   Thumb Code    36  usbd_core.o(i.USBD_RegisterClass)
    USBD_SetClassConfig                      0x080031b5   Thumb Code    20  usbd_core.o(i.USBD_SetClassConfig)
    USBD_Start                               0x08003285   Thumb Code     4  usbd_core.o(i.USBD_Start)
    USBD_StdDevReq                           0x08003289   Thumb Code   276  usbd_ctlreq.o(i.USBD_StdDevReq)
    USBD_StdEPReq                            0x0800339d   Thumb Code   320  usbd_ctlreq.o(i.USBD_StdEPReq)
    USBD_StdItfReq                           0x080034dd   Thumb Code    82  usbd_ctlreq.o(i.USBD_StdItfReq)
    USBD_static_free                         0x0800352f   Thumb Code     2  usbd_conf.o(i.USBD_static_free)
    USBD_static_malloc                       0x08003531   Thumb Code     4  usbd_conf.o(i.USBD_static_malloc)
    USB_ActivateEndpoint                     0x08003539   Thumb Code   122  stm32f4xx_ll_usb.o(i.USB_ActivateEndpoint)
    USB_ActivateSetup                        0x080035b9   Thumb Code    28  stm32f4xx_ll_usb.o(i.USB_ActivateSetup)
    USB_CoreInit                             0x080035d5   Thumb Code   112  stm32f4xx_ll_usb.o(i.USB_CoreInit)
    USB_DeactivateEndpoint                   0x08003681   Thumb Code   194  stm32f4xx_ll_usb.o(i.USB_DeactivateEndpoint)
    USB_DevConnect                           0x0800374d   Thumb Code    28  stm32f4xx_ll_usb.o(i.USB_DevConnect)
    USB_DevDisconnect                        0x08003769   Thumb Code    28  stm32f4xx_ll_usb.o(i.USB_DevDisconnect)
    USB_DevInit                              0x08003785   Thumb Code   362  stm32f4xx_ll_usb.o(i.USB_DevInit)
    USB_DisableGlobalInt                     0x080038f9   Thumb Code    12  stm32f4xx_ll_usb.o(i.USB_DisableGlobalInt)
    USB_EP0StartXfer                         0x08003905   Thumb Code   276  stm32f4xx_ll_usb.o(i.USB_EP0StartXfer)
    USB_EP0_OutStart                         0x08003a1d   Thumb Code    84  stm32f4xx_ll_usb.o(i.USB_EP0_OutStart)
    USB_EPClearStall                         0x08003a75   Thumb Code    88  stm32f4xx_ll_usb.o(i.USB_EPClearStall)
    USB_EPSetStall                           0x08003acd   Thumb Code    88  stm32f4xx_ll_usb.o(i.USB_EPSetStall)
    USB_EPStartXfer                          0x08003b25   Thumb Code   482  stm32f4xx_ll_usb.o(i.USB_EPStartXfer)
    USB_EnableGlobalInt                      0x08003d0d   Thumb Code    12  stm32f4xx_ll_usb.o(i.USB_EnableGlobalInt)
    USB_FlushRxFifo                          0x08003d19   Thumb Code    28  stm32f4xx_ll_usb.o(i.USB_FlushRxFifo)
    USB_FlushTxFifo                          0x08003d39   Thumb Code    32  stm32f4xx_ll_usb.o(i.USB_FlushTxFifo)
    USB_GetDevSpeed                          0x08003d5d   Thumb Code    26  stm32f4xx_ll_usb.o(i.USB_GetDevSpeed)
    USB_GetMode                              0x08003d77   Thumb Code     8  stm32f4xx_ll_usb.o(i.USB_GetMode)
    USB_ReadDevAllInEpInterrupt              0x08003d7f   Thumb Code    14  stm32f4xx_ll_usb.o(i.USB_ReadDevAllInEpInterrupt)
    USB_ReadDevAllOutEpInterrupt             0x08003d8d   Thumb Code    14  stm32f4xx_ll_usb.o(i.USB_ReadDevAllOutEpInterrupt)
    USB_ReadDevInEPInterrupt                 0x08003d9b   Thumb Code    36  stm32f4xx_ll_usb.o(i.USB_ReadDevInEPInterrupt)
    USB_ReadDevOutEPInterrupt                0x08003dbf   Thumb Code    16  stm32f4xx_ll_usb.o(i.USB_ReadDevOutEPInterrupt)
    USB_ReadInterrupts                       0x08003dcf   Thumb Code     8  stm32f4xx_ll_usb.o(i.USB_ReadInterrupts)
    USB_ReadPacket                           0x08003dd7   Thumb Code    28  stm32f4xx_ll_usb.o(i.USB_ReadPacket)
    USB_SetCurrentMode                       0x08003df3   Thumb Code    46  stm32f4xx_ll_usb.o(i.USB_SetCurrentMode)
    USB_SetDevAddress                        0x08003e21   Thumb Code    34  stm32f4xx_ll_usb.o(i.USB_SetDevAddress)
    USB_SetTurnaroundTime                    0x08003e45   Thumb Code   158  stm32f4xx_ll_usb.o(i.USB_SetTurnaroundTime)
    USB_WritePacket                          0x08003f2d   Thumb Code    36  stm32f4xx_ll_usb.o(i.USB_WritePacket)
    UsageFault_Handler                       0x08003f51   Thumb Code     2  stm32f4xx_it.o(i.UsageFault_Handler)
    __0sprintf                               0x08003f55   Thumb Code    34  printfa.o(i.__0sprintf)
    __1sprintf                               0x08003f55   Thumb Code     0  printfa.o(i.__0sprintf)
    __2sprintf                               0x08003f55   Thumb Code     0  printfa.o(i.__0sprintf)
    __c89sprintf                             0x08003f55   Thumb Code     0  printfa.o(i.__0sprintf)
    sprintf                                  0x08003f55   Thumb Code     0  printfa.o(i.__0sprintf)
    __scatterload_copy                       0x08003f9d   Thumb Code    14  handlers.o(i.__scatterload_copy)
    __scatterload_null                       0x08003fab   Thumb Code     2  handlers.o(i.__scatterload_null)
    __scatterload_zeroinit                   0x08003fad   Thumb Code    14  handlers.o(i.__scatterload_zeroinit)
    main                                     0x08004879   Thumb Code   210  main.o(i.main)
    AHBPrescTable                            0x08004984   Data          16  system_stm32f4xx.o(.constdata)
    Region$$Table$$Base                      0x08004994   Number         0  anon$$obj.o(Region$$Table)
    Region$$Table$$Limit                     0x080049b4   Number         0  anon$$obj.o(Region$$Table)
    FS_Desc                                  0x2000001c   Data          28  usbd_desc.o(.data)
    USBD_LangIDDesc                          0x20000038   Data           4  usbd_desc.o(.data)
    USBD_FS_DeviceDesc                       0x2000003c   Data          18  usbd_desc.o(.data)
    USBD_StringSerial                        0x20000050   Data          26  usbd_desc.o(.data)
    USBD_Interface_fops_FS                   0x2000006c   Data          20  usbd_cdc_if.o(.data)
    uwTickFreq                               0x20000080   Data           1  stm32f4xx_hal.o(.data)
    uwTickPrio                               0x20000084   Data           4  stm32f4xx_hal.o(.data)
    uwTick                                   0x20000088   Data           4  stm32f4xx_hal.o(.data)
    SystemCoreClock                          0x2000008c   Data           4  system_stm32f4xx.o(.data)
    USBD_CDC                                 0x2000016c   Data          56  usbd_cdc.o(.data)
    myData                                   0x200001fc   Data          12  main.o(.bss)
    hspi1                                    0x20000208   Data          88  spi.o(.bss)
    hUsbDeviceFS                             0x20000260   Data         720  usb_device.o(.bss)
    USBD_StrDesc                             0x20000530   Data         512  usbd_desc.o(.bss)
    UserRxBufferFS                           0x20000730   Data        2048  usbd_cdc_if.o(.bss)
    UserTxBufferFS                           0x20000f30   Data        2048  usbd_cdc_if.o(.bss)
    hpcd_USB_OTG_FS                          0x20001950   Data        1032  usbd_conf.o(.bss)
    __initial_sp                             0x20005d58   Data           0  startup_stm32f407xx.o(STACK)



==============================================================================

Memory Map of the image

  Image Entry point : 0x08000189

  Load Region LR_IROM1 (Base: 0x08000000, Size: 0x00004b58, Max: 0x00100000, ABSOLUTE, COMPRESSED[0x00004a80])

    Execution Region ER_IROM1 (Exec base: 0x08000000, Load base: 0x08000000, Size: 0x000049b4, Max: 0x00100000, ABSOLUTE)

    Exec Addr    Load Addr    Size         Type   Attr      Idx    E Section Name        Object

    0x08000000   0x08000000   0x00000188   Data   RO            3    RESET               startup_stm32f407xx.o
    0x08000188   0x08000188   0x00000000   Code   RO         3307  * .ARM.Collect$$$$00000000  mc_w.l(entry.o)
    0x08000188   0x08000188   0x00000004   Code   RO         3583    .ARM.Collect$$$$00000001  mc_w.l(entry2.o)
    0x0800018c   0x0800018c   0x00000004   Code   RO         3586    .ARM.Collect$$$$00000004  mc_w.l(entry5.o)
    0x08000190   0x08000190   0x00000000   Code   RO         3588    .ARM.Collect$$$$00000008  mc_w.l(entry7b.o)
    0x08000190   0x08000190   0x00000000   Code   RO         3590    .ARM.Collect$$$$0000000A  mc_w.l(entry8b.o)
    0x08000190   0x08000190   0x00000008   Code   RO         3591    .ARM.Collect$$$$0000000B  mc_w.l(entry9a.o)
    0x08000198   0x08000198   0x00000000   Code   RO         3593    .ARM.Collect$$$$0000000D  mc_w.l(entry10a.o)
    0x08000198   0x08000198   0x00000000   Code   RO         3595    .ARM.Collect$$$$0000000F  mc_w.l(entry11a.o)
    0x08000198   0x08000198   0x00000004   Code   RO         3584    .ARM.Collect$$$$00002712  mc_w.l(entry2.o)
    0x0800019c   0x0800019c   0x00000024   Code   RO            4    .text               startup_stm32f407xx.o
    0x080001c0   0x080001c0   0x00000062   Code   RO         3310    .text               mc_w.l(uldiv.o)
    0x08000222   0x08000222   0x00000024   Code   RO         3312    .text               mc_w.l(memcpya.o)
    0x08000246   0x08000246   0x00000024   Code   RO         3314    .text               mc_w.l(memseta.o)
    0x0800026a   0x0800026a   0x0000000e   Code   RO         3316    .text               mc_w.l(strlen.o)
    0x08000278   0x08000278   0x00000026   Code   RO         3581    .text               mf_w.l(f2d.o)
    0x0800029e   0x0800029e   0x0000002c   Code   RO         3600    .text               mc_w.l(uidiv.o)
    0x080002ca   0x080002ca   0x0000001e   Code   RO         3602    .text               mc_w.l(llshl.o)
    0x080002e8   0x080002e8   0x00000020   Code   RO         3604    .text               mc_w.l(llushr.o)
    0x08000308   0x08000308   0x00000000   Code   RO         3606    .text               mc_w.l(iusefp.o)
    0x08000308   0x08000308   0x0000014e   Code   RO         3607    .text               mf_w.l(dadd.o)
    0x08000456   0x08000456   0x000000e4   Code   RO         3609    .text               mf_w.l(dmul.o)
    0x0800053a   0x0800053a   0x000000de   Code   RO         3611    .text               mf_w.l(ddiv.o)
    0x08000618   0x08000618   0x00000030   Code   RO         3613    .text               mf_w.l(dfixul.o)
    0x08000648   0x08000648   0x00000030   Code   RO         3615    .text               mf_w.l(cdrcmple.o)
    0x08000678   0x08000678   0x00000024   Code   RO         3617    .text               mc_w.l(init.o)
    0x0800069c   0x0800069c   0x00000024   Code   RO         3620    .text               mc_w.l(llsshr.o)
    0x080006c0   0x080006c0   0x000000ba   Code   RO         3623    .text               mf_w.l(depilogue.o)
    0x0800077a   0x0800077a   0x00000056   Code   RO         3633    .text               mc_w.l(__dczerorl2.o)
    0x080007d0   0x080007d0   0x00000002   Code   RO          346    i.BusFault_Handler  stm32f4xx_it.o
    0x080007d2   0x080007d2   0x00000004   Code   RO          575    i.CDC_Control_FS    usbd_cdc_if.o
    0x080007d6   0x080007d6   0x00000004   Code   RO          576    i.CDC_DeInit_FS     usbd_cdc_if.o
    0x080007da   0x080007da   0x00000002   PAD
    0x080007dc   0x080007dc   0x00000024   Code   RO          577    i.CDC_Init_FS       usbd_cdc_if.o
    0x08000800   0x08000800   0x00000018   Code   RO          578    i.CDC_Receive_FS    usbd_cdc_if.o
    0x08000818   0x08000818   0x00000004   Code   RO          579    i.CDC_TransmitCplt_FS  usbd_cdc_if.o
    0x0800081c   0x0800081c   0x0000002c   Code   RO          580    i.CDC_Transmit_FS   usbd_cdc_if.o
    0x08000848   0x08000848   0x00000002   Code   RO          347    i.DebugMon_Handler  stm32f4xx_it.o
    0x0800084a   0x0800084a   0x00000006   Code   RO          348    i.EXTI0_IRQHandler  stm32f4xx_it.o
    0x08000850   0x08000850   0x00000004   Code   RO          194    i.Error_Handler     main.o
    0x08000854   0x08000854   0x00000024   Code   RO         2286    i.HAL_Delay         stm32f4xx_hal.o
    0x08000878   0x08000878   0x00000002   Code   RO         1758    i.HAL_GPIO_EXTI_Callback  stm32f4xx_hal_gpio.o
    0x0800087a   0x0800087a   0x00000002   PAD
    0x0800087c   0x0800087c   0x00000018   Code   RO         1759    i.HAL_GPIO_EXTI_IRQHandler  stm32f4xx_hal_gpio.o
    0x08000894   0x08000894   0x000001ec   Code   RO         1760    i.HAL_GPIO_Init     stm32f4xx_hal_gpio.o
    0x08000a80   0x08000a80   0x0000000a   Code   RO         1764    i.HAL_GPIO_WritePin  stm32f4xx_hal_gpio.o
    0x08000a8a   0x08000a8a   0x00000002   PAD
    0x08000a8c   0x08000a8c   0x0000000c   Code   RO         2292    i.HAL_GetTick       stm32f4xx_hal.o
    0x08000a98   0x08000a98   0x00000010   Code   RO         2298    i.HAL_IncTick       stm32f4xx_hal.o
    0x08000aa8   0x08000aa8   0x00000034   Code   RO         2299    i.HAL_Init          stm32f4xx_hal.o
    0x08000adc   0x08000adc   0x00000040   Code   RO         2300    i.HAL_InitTick      stm32f4xx_hal.o
    0x08000b1c   0x08000b1c   0x00000030   Code   RO          434    i.HAL_MspInit       stm32f4xx_hal_msp.o
    0x08000b4c   0x08000b4c   0x0000001a   Code   RO         2149    i.HAL_NVIC_EnableIRQ  stm32f4xx_hal_cortex.o
    0x08000b66   0x08000b66   0x00000002   PAD
    0x08000b68   0x08000b68   0x00000040   Code   RO         2155    i.HAL_NVIC_SetPriority  stm32f4xx_hal_cortex.o
    0x08000ba8   0x08000ba8   0x00000024   Code   RO         2156    i.HAL_NVIC_SetPriorityGrouping  stm32f4xx_hal_cortex.o
    0x08000bcc   0x08000bcc   0x00000002   Code   RO         1066    i.HAL_PCDEx_LPM_Callback  stm32f4xx_hal_pcd_ex.o
    0x08000bce   0x08000bce   0x00000008   Code   RO         1067    i.HAL_PCDEx_SetRxFiFo  stm32f4xx_hal_pcd_ex.o
    0x08000bd6   0x08000bd6   0x00000044   Code   RO         1068    i.HAL_PCDEx_SetTxFiFo  stm32f4xx_hal_pcd_ex.o
    0x08000c1a   0x08000c1a   0x00000008   Code   RO          632    i.HAL_PCD_ConnectCallback  usbd_conf.o
    0x08000c22   0x08000c22   0x00000012   Code   RO          633    i.HAL_PCD_DataInStageCallback  usbd_conf.o
    0x08000c34   0x08000c34   0x00000014   Code   RO          634    i.HAL_PCD_DataOutStageCallback  usbd_conf.o
    0x08000c48   0x08000c48   0x00000008   Code   RO          635    i.HAL_PCD_DisconnectCallback  usbd_conf.o
    0x08000c50   0x08000c50   0x0000004c   Code   RO          848    i.HAL_PCD_EP_Close  stm32f4xx_hal_pcd.o
    0x08000c9c   0x08000c9c   0x0000005c   Code   RO          849    i.HAL_PCD_EP_ClrStall  stm32f4xx_hal_pcd.o
    0x08000cf8   0x08000cf8   0x00000012   Code   RO          851    i.HAL_PCD_EP_GetRxCount  stm32f4xx_hal_pcd.o
    0x08000d0a   0x08000d0a   0x00000060   Code   RO          852    i.HAL_PCD_EP_Open   stm32f4xx_hal_pcd.o
    0x08000d6a   0x08000d6a   0x00000048   Code   RO          853    i.HAL_PCD_EP_Receive  stm32f4xx_hal_pcd.o
    0x08000db2   0x08000db2   0x00000074   Code   RO          854    i.HAL_PCD_EP_SetStall  stm32f4xx_hal_pcd.o
    0x08000e26   0x08000e26   0x00000040   Code   RO          855    i.HAL_PCD_EP_Transmit  stm32f4xx_hal_pcd.o
    0x08000e66   0x08000e66   0x00000002   PAD
    0x08000e68   0x08000e68   0x00000434   Code   RO          857    i.HAL_PCD_IRQHandler  stm32f4xx_hal_pcd.o
    0x0800129c   0x0800129c   0x00000008   Code   RO          636    i.HAL_PCD_ISOINIncompleteCallback  usbd_conf.o
    0x080012a4   0x080012a4   0x00000008   Code   RO          637    i.HAL_PCD_ISOOUTIncompleteCallback  usbd_conf.o
    0x080012ac   0x080012ac   0x000000e2   Code   RO          860    i.HAL_PCD_Init      stm32f4xx_hal_pcd.o
    0x0800138e   0x0800138e   0x00000002   PAD
    0x08001390   0x08001390   0x00000084   Code   RO          639    i.HAL_PCD_MspInit   usbd_conf.o
    0x08001414   0x08001414   0x0000002c   Code   RO          640    i.HAL_PCD_ResetCallback  usbd_conf.o
    0x08001440   0x08001440   0x00000008   Code   RO          641    i.HAL_PCD_ResumeCallback  usbd_conf.o
    0x08001448   0x08001448   0x00000008   Code   RO          642    i.HAL_PCD_SOFCallback  usbd_conf.o
    0x08001450   0x08001450   0x00000028   Code   RO          866    i.HAL_PCD_SetAddress  stm32f4xx_hal_pcd.o
    0x08001478   0x08001478   0x0000000e   Code   RO          643    i.HAL_PCD_SetupStageCallback  usbd_conf.o
    0x08001486   0x08001486   0x00000042   Code   RO          868    i.HAL_PCD_Start     stm32f4xx_hal_pcd.o
    0x080014c8   0x080014c8   0x00000030   Code   RO          644    i.HAL_PCD_SuspendCallback  usbd_conf.o
    0x080014f8   0x080014f8   0x00000134   Code   RO         1406    i.HAL_RCC_ClockConfig  stm32f4xx_hal_rcc.o
    0x0800162c   0x0800162c   0x0000000c   Code   RO         1411    i.HAL_RCC_GetHCLKFreq  stm32f4xx_hal_rcc.o
    0x08001638   0x08001638   0x00000060   Code   RO         1415    i.HAL_RCC_GetSysClockFreq  stm32f4xx_hal_rcc.o
    0x08001698   0x08001698   0x0000036c   Code   RO         1418    i.HAL_RCC_OscConfig  stm32f4xx_hal_rcc.o
    0x08001a04   0x08001a04   0x000000bc   Code   RO         2548    i.HAL_SPI_Init      stm32f4xx_hal_spi.o
    0x08001ac0   0x08001ac0   0x00000068   Code   RO          305    i.HAL_SPI_MspInit   spi.o
    0x08001b28   0x08001b28   0x0000015a   Code   RO         2551    i.HAL_SPI_Receive   stm32f4xx_hal_spi.o
    0x08001c82   0x08001c82   0x00000166   Code   RO         2556    i.HAL_SPI_Transmit  stm32f4xx_hal_spi.o
    0x08001de8   0x08001de8   0x000001e2   Code   RO         2557    i.HAL_SPI_TransmitReceive  stm32f4xx_hal_spi.o
    0x08001fca   0x08001fca   0x00000028   Code   RO         2160    i.HAL_SYSTICK_Config  stm32f4xx_hal_cortex.o
    0x08001ff2   0x08001ff2   0x00000002   Code   RO          349    i.HardFault_Handler  stm32f4xx_it.o
    0x08001ff4   0x08001ff4   0x00000038   Code   RO          489    i.IntToUnicode      usbd_desc.o
    0x0800202c   0x0800202c   0x0000005e   Code   RO           13    i.LIS3DSH_GetDataRaw  my_lis3dsh.o
    0x0800208a   0x0800208a   0x00000002   PAD
    0x0800208c   0x0800208c   0x00000068   Code   RO           14    i.LIS3DSH_GetDataScaled  my_lis3dsh.o
    0x080020f4   0x080020f4   0x000000cc   Code   RO           15    i.LIS3DSH_Init      my_lis3dsh.o
    0x080021c0   0x080021c0   0x0000005c   Code   RO           17    i.LIS3DSH_ReadIO    my_lis3dsh.o
    0x0800221c   0x0800221c   0x00000044   Code   RO           18    i.LIS3DSH_WriteIO   my_lis3dsh.o
    0x08002260   0x08002260   0x0000002c   Code   RO           19    i.LIS3DSH_X_calibrate  my_lis3dsh.o
    0x0800228c   0x0800228c   0x0000002c   Code   RO           20    i.LIS3DSH_Y_calibrate  my_lis3dsh.o
    0x080022b8   0x080022b8   0x0000002c   Code   RO           21    i.LIS3DSH_Z_calibrate  my_lis3dsh.o
    0x080022e4   0x080022e4   0x00000090   Code   RO          280    i.MX_GPIO_Init      gpio.o
    0x08002374   0x08002374   0x00000044   Code   RO          306    i.MX_SPI1_Init      spi.o
    0x080023b8   0x080023b8   0x00000054   Code   RO          458    i.MX_USB_DEVICE_Init  usb_device.o
    0x0800240c   0x0800240c   0x00000002   Code   RO          350    i.MemManage_Handler  stm32f4xx_it.o
    0x0800240e   0x0800240e   0x00000002   Code   RO          351    i.NMI_Handler       stm32f4xx_it.o
    0x08002410   0x08002410   0x0000000c   Code   RO          352    i.OTG_FS_IRQHandler  stm32f4xx_it.o
    0x0800241c   0x0800241c   0x000000cc   Code   RO          872    i.PCD_EP_OutXfrComplete_int  stm32f4xx_hal_pcd.o
    0x080024e8   0x080024e8   0x000000a2   Code   RO          873    i.PCD_WriteEmptyTxFifo  stm32f4xx_hal_pcd.o
    0x0800258a   0x0800258a   0x00000002   Code   RO          353    i.PendSV_Handler    stm32f4xx_it.o
    0x0800258c   0x0800258c   0x0000005c   Code   RO         2585    i.SPI_EndRxTransaction  stm32f4xx_hal_spi.o
    0x080025e8   0x080025e8   0x00000058   Code   RO         2586    i.SPI_EndRxTxTransaction  stm32f4xx_hal_spi.o
    0x08002640   0x08002640   0x000000b8   Code   RO         2591    i.SPI_WaitFlagStateUntilTimeout  stm32f4xx_hal_spi.o
    0x080026f8   0x080026f8   0x00000002   Code   RO          354    i.SVC_Handler       stm32f4xx_it.o
    0x080026fa   0x080026fa   0x0000000a   Code   RO         3071    i.SWAPBYTE          usbd_ctlreq.o
    0x08002704   0x08002704   0x00000004   Code   RO          355    i.SysTick_Handler   stm32f4xx_it.o
    0x08002708   0x08002708   0x00000090   Code   RO          195    i.SystemClock_Config  main.o
    0x08002798   0x08002798   0x00000010   Code   RO         2896    i.SystemInit        system_stm32f4xx.o
    0x080027a8   0x080027a8   0x00000062   Code   RO         3204    i.USBD_CDC_DataIn   usbd_cdc.o
    0x0800280a   0x0800280a   0x0000002a   Code   RO         3205    i.USBD_CDC_DataOut  usbd_cdc.o
    0x08002834   0x08002834   0x00000048   Code   RO         3206    i.USBD_CDC_DeInit   usbd_cdc.o
    0x0800287c   0x0800287c   0x0000002e   Code   RO         3207    i.USBD_CDC_EP0_RxReady  usbd_cdc.o
    0x080028aa   0x080028aa   0x00000002   PAD
    0x080028ac   0x080028ac   0x0000000c   Code   RO         3208    i.USBD_CDC_GetDeviceQualifierDescriptor  usbd_cdc.o
    0x080028b8   0x080028b8   0x0000000c   Code   RO         3209    i.USBD_CDC_GetFSCfgDesc  usbd_cdc.o
    0x080028c4   0x080028c4   0x0000000c   Code   RO         3210    i.USBD_CDC_GetHSCfgDesc  usbd_cdc.o
    0x080028d0   0x080028d0   0x0000000c   Code   RO         3211    i.USBD_CDC_GetOtherSpeedCfgDesc  usbd_cdc.o
    0x080028dc   0x080028dc   0x000000a2   Code   RO         3212    i.USBD_CDC_Init     usbd_cdc.o
    0x0800297e   0x0800297e   0x00000028   Code   RO         3213    i.USBD_CDC_ReceivePacket  usbd_cdc.o
    0x080029a6   0x080029a6   0x0000000e   Code   RO         3214    i.USBD_CDC_RegisterInterface  usbd_cdc.o
    0x080029b4   0x080029b4   0x00000012   Code   RO         3215    i.USBD_CDC_SetRxBuffer  usbd_cdc.o
    0x080029c6   0x080029c6   0x00000016   Code   RO         3216    i.USBD_CDC_SetTxBuffer  usbd_cdc.o
    0x080029dc   0x080029dc   0x000000be   Code   RO         3217    i.USBD_CDC_Setup    usbd_cdc.o
    0x08002a9a   0x08002a9a   0x00000036   Code   RO         3218    i.USBD_CDC_TransmitPacket  usbd_cdc.o
    0x08002ad0   0x08002ad0   0x00000010   Code   RO         2933    i.USBD_ClrClassConfig  usbd_core.o
    0x08002ae0   0x08002ae0   0x00000010   Code   RO         3144    i.USBD_CtlContinueRx  usbd_ioreq.o
    0x08002af0   0x08002af0   0x00000010   Code   RO         3145    i.USBD_CtlContinueSendData  usbd_ioreq.o
    0x08002b00   0x08002b00   0x00000016   Code   RO         3072    i.USBD_CtlError     usbd_ctlreq.o
    0x08002b16   0x08002b16   0x0000001e   Code   RO         3146    i.USBD_CtlPrepareRx  usbd_ioreq.o
    0x08002b34   0x08002b34   0x00000016   Code   RO         3147    i.USBD_CtlReceiveStatus  usbd_ioreq.o
    0x08002b4a   0x08002b4a   0x0000001a   Code   RO         3148    i.USBD_CtlSendData  usbd_ioreq.o
    0x08002b64   0x08002b64   0x00000016   Code   RO         3149    i.USBD_CtlSendStatus  usbd_ioreq.o
    0x08002b7a   0x08002b7a   0x00000002   PAD
    0x08002b7c   0x08002b7c   0x00000020   Code   RO          490    i.USBD_FS_ConfigStrDescriptor  usbd_desc.o
    0x08002b9c   0x08002b9c   0x0000000c   Code   RO          491    i.USBD_FS_DeviceDescriptor  usbd_desc.o
    0x08002ba8   0x08002ba8   0x00000024   Code   RO          492    i.USBD_FS_InterfaceStrDescriptor  usbd_desc.o
    0x08002bcc   0x08002bcc   0x0000000c   Code   RO          493    i.USBD_FS_LangIDStrDescriptor  usbd_desc.o
    0x08002bd8   0x08002bd8   0x00000028   Code   RO          494    i.USBD_FS_ManufacturerStrDescriptor  usbd_desc.o
    0x08002c00   0x08002c00   0x0000002c   Code   RO          495    i.USBD_FS_ProductStrDescriptor  usbd_desc.o
    0x08002c2c   0x08002c2c   0x00000038   Code   RO          496    i.USBD_FS_SerialStrDescriptor  usbd_desc.o
    0x08002c64   0x08002c64   0x000000e6   Code   RO         3073    i.USBD_GetDescriptor  usbd_ctlreq.o
    0x08002d4a   0x08002d4a   0x00000048   Code   RO         3074    i.USBD_GetString    usbd_ctlreq.o
    0x08002d92   0x08002d92   0x00000018   Code   RO          645    i.USBD_Get_USB_Status  usbd_conf.o
    0x08002daa   0x08002daa   0x00000026   Code   RO         2935    i.USBD_Init         usbd_core.o
    0x08002dd0   0x08002dd0   0x00000012   Code   RO          646    i.USBD_LL_ClearStallEP  usbd_conf.o
    0x08002de2   0x08002de2   0x00000012   Code   RO          647    i.USBD_LL_CloseEP   usbd_conf.o
    0x08002df4   0x08002df4   0x000000a8   Code   RO         2936    i.USBD_LL_DataInStage  usbd_core.o
    0x08002e9c   0x08002e9c   0x0000006c   Code   RO         2937    i.USBD_LL_DataOutStage  usbd_core.o
    0x08002f08   0x08002f08   0x00000004   Code   RO         2938    i.USBD_LL_DevConnected  usbd_core.o
    0x08002f0c   0x08002f0c   0x00000018   Code   RO         2939    i.USBD_LL_DevDisconnected  usbd_core.o
    0x08002f24   0x08002f24   0x00000008   Code   RO          651    i.USBD_LL_GetRxDataSize  usbd_conf.o
    0x08002f2c   0x08002f2c   0x00000060   Code   RO          652    i.USBD_LL_Init      usbd_conf.o
    0x08002f8c   0x08002f8c   0x00000020   Code   RO          653    i.USBD_LL_IsStallEP  usbd_conf.o
    0x08002fac   0x08002fac   0x00000020   Code   RO         2940    i.USBD_LL_IsoINIncomplete  usbd_core.o
    0x08002fcc   0x08002fcc   0x00000020   Code   RO         2941    i.USBD_LL_IsoOUTIncomplete  usbd_core.o
    0x08002fec   0x08002fec   0x00000018   Code   RO          654    i.USBD_LL_OpenEP    usbd_conf.o
    0x08003004   0x08003004   0x00000012   Code   RO          655    i.USBD_LL_PrepareReceive  usbd_conf.o
    0x08003016   0x08003016   0x0000005a   Code   RO         2942    i.USBD_LL_Reset     usbd_core.o
    0x08003070   0x08003070   0x00000014   Code   RO         2943    i.USBD_LL_Resume    usbd_core.o
    0x08003084   0x08003084   0x00000020   Code   RO         2944    i.USBD_LL_SOF       usbd_core.o
    0x080030a4   0x080030a4   0x00000006   Code   RO         2945    i.USBD_LL_SetSpeed  usbd_core.o
    0x080030aa   0x080030aa   0x00000012   Code   RO          656    i.USBD_LL_SetUSBAddress  usbd_conf.o
    0x080030bc   0x080030bc   0x00000060   Code   RO         2946    i.USBD_LL_SetupStage  usbd_core.o
    0x0800311c   0x0800311c   0x00000012   Code   RO          657    i.USBD_LL_StallEP   usbd_conf.o
    0x0800312e   0x0800312e   0x00000012   Code   RO          658    i.USBD_LL_Start     usbd_conf.o
    0x08003140   0x08003140   0x00000012   Code   RO         2947    i.USBD_LL_Suspend   usbd_core.o
    0x08003152   0x08003152   0x00000012   Code   RO          660    i.USBD_LL_Transmit  usbd_conf.o
    0x08003164   0x08003164   0x0000002c   Code   RO         3075    i.USBD_ParseSetupRequest  usbd_ctlreq.o
    0x08003190   0x08003190   0x00000024   Code   RO         2948    i.USBD_RegisterClass  usbd_core.o
    0x080031b4   0x080031b4   0x00000014   Code   RO         2950    i.USBD_SetClassConfig  usbd_core.o
    0x080031c8   0x080031c8   0x000000bc   Code   RO         3076    i.USBD_SetConfig    usbd_ctlreq.o
    0x08003284   0x08003284   0x00000004   Code   RO         2951    i.USBD_Start        usbd_core.o
    0x08003288   0x08003288   0x00000114   Code   RO         3077    i.USBD_StdDevReq    usbd_ctlreq.o
    0x0800339c   0x0800339c   0x00000140   Code   RO         3078    i.USBD_StdEPReq     usbd_ctlreq.o
    0x080034dc   0x080034dc   0x00000052   Code   RO         3079    i.USBD_StdItfReq    usbd_ctlreq.o
    0x0800352e   0x0800352e   0x00000002   Code   RO          661    i.USBD_static_free  usbd_conf.o
    0x08003530   0x08003530   0x00000008   Code   RO          662    i.USBD_static_malloc  usbd_conf.o
    0x08003538   0x08003538   0x00000080   Code   RO         1108    i.USB_ActivateEndpoint  stm32f4xx_ll_usb.o
    0x080035b8   0x080035b8   0x0000001c   Code   RO         1110    i.USB_ActivateSetup  stm32f4xx_ll_usb.o
    0x080035d4   0x080035d4   0x00000074   Code   RO         1112    i.USB_CoreInit      stm32f4xx_ll_usb.o
    0x08003648   0x08003648   0x00000038   Code   RO         1113    i.USB_CoreReset     stm32f4xx_ll_usb.o
    0x08003680   0x08003680   0x000000cc   Code   RO         1116    i.USB_DeactivateEndpoint  stm32f4xx_ll_usb.o
    0x0800374c   0x0800374c   0x0000001c   Code   RO         1117    i.USB_DevConnect    stm32f4xx_ll_usb.o
    0x08003768   0x08003768   0x0000001c   Code   RO         1118    i.USB_DevDisconnect  stm32f4xx_ll_usb.o
    0x08003784   0x08003784   0x00000174   Code   RO         1119    i.USB_DevInit       stm32f4xx_ll_usb.o
    0x080038f8   0x080038f8   0x0000000c   Code   RO         1120    i.USB_DisableGlobalInt  stm32f4xx_ll_usb.o
    0x08003904   0x08003904   0x00000118   Code   RO         1123    i.USB_EP0StartXfer  stm32f4xx_ll_usb.o
    0x08003a1c   0x08003a1c   0x00000058   Code   RO         1124    i.USB_EP0_OutStart  stm32f4xx_ll_usb.o
    0x08003a74   0x08003a74   0x00000058   Code   RO         1125    i.USB_EPClearStall  stm32f4xx_ll_usb.o
    0x08003acc   0x08003acc   0x00000058   Code   RO         1126    i.USB_EPSetStall    stm32f4xx_ll_usb.o
    0x08003b24   0x08003b24   0x000001e8   Code   RO         1127    i.USB_EPStartXfer   stm32f4xx_ll_usb.o
    0x08003d0c   0x08003d0c   0x0000000c   Code   RO         1128    i.USB_EnableGlobalInt  stm32f4xx_ll_usb.o
    0x08003d18   0x08003d18   0x00000020   Code   RO         1129    i.USB_FlushRxFifo   stm32f4xx_ll_usb.o
    0x08003d38   0x08003d38   0x00000024   Code   RO         1130    i.USB_FlushTxFifo   stm32f4xx_ll_usb.o
    0x08003d5c   0x08003d5c   0x0000001a   Code   RO         1132    i.USB_GetDevSpeed   stm32f4xx_ll_usb.o
    0x08003d76   0x08003d76   0x00000008   Code   RO         1134    i.USB_GetMode       stm32f4xx_ll_usb.o
    0x08003d7e   0x08003d7e   0x0000000e   Code   RO         1141    i.USB_ReadDevAllInEpInterrupt  stm32f4xx_ll_usb.o
    0x08003d8c   0x08003d8c   0x0000000e   Code   RO         1142    i.USB_ReadDevAllOutEpInterrupt  stm32f4xx_ll_usb.o
    0x08003d9a   0x08003d9a   0x00000024   Code   RO         1143    i.USB_ReadDevInEPInterrupt  stm32f4xx_ll_usb.o
    0x08003dbe   0x08003dbe   0x00000010   Code   RO         1144    i.USB_ReadDevOutEPInterrupt  stm32f4xx_ll_usb.o
    0x08003dce   0x08003dce   0x00000008   Code   RO         1145    i.USB_ReadInterrupts  stm32f4xx_ll_usb.o
    0x08003dd6   0x08003dd6   0x0000001c   Code   RO         1146    i.USB_ReadPacket    stm32f4xx_ll_usb.o
    0x08003df2   0x08003df2   0x0000002e   Code   RO         1148    i.USB_SetCurrentMode  stm32f4xx_ll_usb.o
    0x08003e20   0x08003e20   0x00000022   Code   RO         1149    i.USB_SetDevAddress  stm32f4xx_ll_usb.o
    0x08003e42   0x08003e42   0x00000002   PAD
    0x08003e44   0x08003e44   0x000000e8   Code   RO         1151    i.USB_SetTurnaroundTime  stm32f4xx_ll_usb.o
    0x08003f2c   0x08003f2c   0x00000024   Code   RO         1154    i.USB_WritePacket   stm32f4xx_ll_usb.o
    0x08003f50   0x08003f50   0x00000002   Code   RO          356    i.UsageFault_Handler  stm32f4xx_it.o
    0x08003f52   0x08003f52   0x00000002   PAD
    0x08003f54   0x08003f54   0x00000028   Code   RO         3555    i.__0sprintf        mc_w.l(printfa.o)
    0x08003f7c   0x08003f7c   0x00000020   Code   RO         2162    i.__NVIC_SetPriority  stm32f4xx_hal_cortex.o
    0x08003f9c   0x08003f9c   0x0000000e   Code   RO         3627    i.__scatterload_copy  mc_w.l(handlers.o)
    0x08003faa   0x08003faa   0x00000002   Code   RO         3628    i.__scatterload_null  mc_w.l(handlers.o)
    0x08003fac   0x08003fac   0x0000000e   Code   RO         3629    i.__scatterload_zeroinit  mc_w.l(handlers.o)
    0x08003fba   0x08003fba   0x00000002   PAD
    0x08003fbc   0x08003fbc   0x00000184   Code   RO         3560    i._fp_digits        mc_w.l(printfa.o)
    0x08004140   0x08004140   0x000006dc   Code   RO         3561    i._printf_core      mc_w.l(printfa.o)
    0x0800481c   0x0800481c   0x00000024   Code   RO         3562    i._printf_post_padding  mc_w.l(printfa.o)
    0x08004840   0x08004840   0x0000002e   Code   RO         3563    i._printf_pre_padding  mc_w.l(printfa.o)
    0x0800486e   0x0800486e   0x0000000a   Code   RO         3565    i._sputc            mc_w.l(printfa.o)
    0x08004878   0x08004878   0x0000010c   Code   RO          196    i.main              main.o
    0x08004984   0x08004984   0x00000010   Data   RO         2897    .constdata          system_stm32f4xx.o
    0x08004994   0x08004994   0x00000020   Data   RO         3625    Region$$Table       anon$$obj.o


    Execution Region RW_IRAM2 (Exec base: 0x10000000, Load base: 0x08004a80, Size: 0x00000000, Max: 0x00010000, ABSOLUTE)

    **** No section assigned to this execution region ****


    Execution Region RW_IRAM1 (Exec base: 0x20000000, Load base: 0x080049b4, Size: 0x00005d58, Max: 0x00020000, ABSOLUTE, COMPRESSED[0x000000cc])

    Exec Addr    Load Addr    Size         Type   Attr      Idx    E Section Name        Object

    0x20000000   COMPRESSED   0x0000001c   Data   RW           23    .data               my_lis3dsh.o
    0x2000001c   COMPRESSED   0x0000001c   Data   RW          498    .data               usbd_desc.o
    0x20000038   COMPRESSED   0x00000032   Data   RW          499    .data               usbd_desc.o
    0x2000006a   COMPRESSED   0x00000002   PAD
    0x2000006c   COMPRESSED   0x00000014   Data   RW          582    .data               usbd_cdc_if.o
    0x20000080   COMPRESSED   0x0000000c   Data   RW         2306    .data               stm32f4xx_hal.o
    0x2000008c   COMPRESSED   0x00000004   Data   RW         2899    .data               system_stm32f4xx.o
    0x20000090   COMPRESSED   0x00000001   Data   RW         3080    .data               usbd_ctlreq.o
    0x20000091   COMPRESSED   0x00000003   PAD
    0x20000094   COMPRESSED   0x000000d7   Data   RW         3219    .data               usbd_cdc.o
    0x2000016b   COMPRESSED   0x00000001   PAD
    0x2000016c   COMPRESSED   0x00000038   Data   RW         3220    .data               usbd_cdc.o
    0x200001a4        -       0x00000058   Zero   RW           22    .bss                my_lis3dsh.o
    0x200001fc        -       0x0000000c   Zero   RW          197    .bss                main.o
    0x20000208        -       0x00000058   Zero   RW          307    .bss                spi.o
    0x20000260        -       0x000002d0   Zero   RW          459    .bss                usb_device.o
    0x20000530        -       0x00000200   Zero   RW          497    .bss                usbd_desc.o
    0x20000730        -       0x00001000   Zero   RW          581    .bss                usbd_cdc_if.o
    0x20001730        -       0x00000628   Zero   RW          663    .bss                usbd_conf.o
    0x20001d58        -       0x00004000   Zero   RW            1    STACK               startup_stm32f407xx.o


==============================================================================

Image component sizes


      Code (inc. data)   RO Data    RW Data    ZI Data      Debug   Object Name

       144         12          0          0          0        975   gpio.o
       416         66          0          0         12      12002   main.o
       694         78          0         28         88     669445   my_lis3dsh.o
       172         20          0          0         88       1761   spi.o
        36          8        392          0      16384        852   startup_stm32f407xx.o
       180         28          0         12          0       9549   stm32f4xx_hal.o
       198         14          0          0          0      34055   stm32f4xx_hal_cortex.o
       528         50          0          0          0       3456   stm32f4xx_hal_gpio.o
        48          6          0          0          0        890   stm32f4xx_hal_msp.o
      2308         14          0          0          0      13009   stm32f4xx_hal_pcd.o
        78          0          0          0          0       2473   stm32f4xx_hal_pcd_ex.o
      1292         54          0          0          0       4618   stm32f4xx_hal_rcc.o
      1738         12          0          0          0       8622   stm32f4xx_hal_spi.o
        38          6          0          0          0       5301   stm32f4xx_it.o
      2582        132          0          0          0      23348   stm32f4xx_ll_usb.o
        16          4         16          4          0       1183   system_stm32f4xx.o
        84         18          0          0        720        844   usb_device.o
       806         16          0        271          0      14089   usbd_cdc.o
       116         22          0         20       4096       4060   usbd_cdc_if.o
       644         24          0          0       1576      17312   usbd_conf.o
       744          0          0          0          0      12941   usbd_core.o
      1244         30          0          1          0      14516   usbd_ctlreq.o
       288        104          0         78        512       6361   usbd_desc.o
       132          0          0          0          0       4652   usbd_ioreq.o

    ----------------------------------------------------------------------
     14548        718        440        420      23476     866314   Object Totals
         0          0         32          0          0          0   (incl. Generated)
        22          0          0          6          0          0   (incl. Padding)

    ----------------------------------------------------------------------

      Code (inc. data)   RO Data    RW Data    ZI Data      Debug   Library Member Name

        86          0          0          0          0          0   __dczerorl2.o
         0          0          0          0          0          0   entry.o
         0          0          0          0          0          0   entry10a.o
         0          0          0          0          0          0   entry11a.o
         8          4          0          0          0          0   entry2.o
         4          0          0          0          0          0   entry5.o
         0          0          0          0          0          0   entry7b.o
         0          0          0          0          0          0   entry8b.o
         8          4          0          0          0          0   entry9a.o
        30          0          0          0          0          0   handlers.o
        36          8          0          0          0         68   init.o
         0          0          0          0          0          0   iusefp.o
        30          0          0          0          0         68   llshl.o
        36          0          0          0          0         68   llsshr.o
        32          0          0          0          0         68   llushr.o
        36          0          0          0          0         68   memcpya.o
        36          0          0          0          0        108   memseta.o
      2276         86          0          0          0        520   printfa.o
        14          0          0          0          0         68   strlen.o
        44          0          0          0          0         80   uidiv.o
        98          0          0          0          0         92   uldiv.o
        48          0          0          0          0         68   cdrcmple.o
       334          0          0          0          0        148   dadd.o
       222          0          0          0          0        100   ddiv.o
       186          0          0          0          0        176   depilogue.o
        48          0          0          0          0         68   dfixul.o
       228          0          0          0          0         96   dmul.o
        38          0          0          0          0         68   f2d.o

    ----------------------------------------------------------------------
      3880        102          0          0          0       1932   Library Totals
         2          0          0          0          0          0   (incl. Padding)

    ----------------------------------------------------------------------

      Code (inc. data)   RO Data    RW Data    ZI Data      Debug   Library Name

      2774        102          0          0          0       1208   mc_w.l
      1104          0          0          0          0        724   mf_w.l

    ----------------------------------------------------------------------
      3880        102          0          0          0       1932   Library Totals

    ----------------------------------------------------------------------

==============================================================================


      Code (inc. data)   RO Data    RW Data    ZI Data      Debug   

     18428        820        440        420      23476     849942   Grand Totals
     18428        820        440        204      23476     849942   ELF Image Totals (compressed)
     18428        820        440        204          0          0   ROM Totals

==============================================================================

    Total RO  Size (Code + RO Data)                18868 (  18.43kB)
    Total RW  Size (RW Data + ZI Data)             23896 (  23.34kB)
    Total ROM Size (Code + RO Data + RW Data)      19072 (  18.63kB)

==============================================================================

