Component: ARM Compiler 5.06 update 6 (build 750) Tool: armlink [4d35ed]

==============================================================================

Section Cross References

    startup_stm32f407xx.o(RESET) refers to startup_stm32f407xx.o(STACK) for __initial_sp
    startup_stm32f407xx.o(RESET) refers to startup_stm32f407xx.o(.text) for Reset_Handler
    startup_stm32f407xx.o(RESET) refers to stm32f4xx_it.o(i.NMI_Handler) for NMI_Handler
    startup_stm32f407xx.o(RESET) refers to stm32f4xx_it.o(i.HardFault_Handler) for HardFault_Handler
    startup_stm32f407xx.o(RESET) refers to stm32f4xx_it.o(i.MemManage_Handler) for MemManage_Handler
    startup_stm32f407xx.o(RESET) refers to stm32f4xx_it.o(i.BusFault_Handler) for BusFault_Handler
    startup_stm32f407xx.o(RESET) refers to stm32f4xx_it.o(i.UsageFault_Handler) for UsageFault_Handler
    startup_stm32f407xx.o(RESET) refers to stm32f4xx_it.o(i.SVC_Handler) for SVC_Handler
    startup_stm32f407xx.o(RESET) refers to stm32f4xx_it.o(i.DebugMon_Handler) for DebugMon_Handler
    startup_stm32f407xx.o(RESET) refers to stm32f4xx_it.o(i.PendSV_Handler) for PendSV_Handler
    startup_stm32f407xx.o(RESET) refers to stm32f4xx_it.o(i.SysTick_Handler) for SysTick_Handler
    startup_stm32f407xx.o(RESET) refers to stm32f4xx_it.o(i.OTG_FS_IRQHandler) for OTG_FS_IRQHandler
    startup_stm32f407xx.o(.text) refers to system_stm32f4xx.o(i.SystemInit) for SystemInit
    startup_stm32f407xx.o(.text) refers to entry.o(.ARM.Collect$$$$00000000) for __main
    mpu6050.o(i.Kalman_getAngle) refers to dadd.o(.text) for __aeabi_dsub
    mpu6050.o(i.Kalman_getAngle) refers to dmul.o(.text) for __aeabi_dmul
    mpu6050.o(i.Kalman_getAngle) refers to ddiv.o(.text) for __aeabi_ddiv
    mpu6050.o(i.MPU6050_Init) refers to stm32f4xx_hal_i2c.o(i.HAL_I2C_Mem_Read) for HAL_I2C_Mem_Read
    mpu6050.o(i.MPU6050_Init) refers to stm32f4xx_hal_i2c.o(i.HAL_I2C_Mem_Write) for HAL_I2C_Mem_Write
    mpu6050.o(i.MPU6050_Read_Accel) refers to stm32f4xx_hal_i2c.o(i.HAL_I2C_Mem_Read) for HAL_I2C_Mem_Read
    mpu6050.o(i.MPU6050_Read_Accel) refers to dflti.o(.text) for __aeabi_i2d
    mpu6050.o(i.MPU6050_Read_Accel) refers to dmul.o(.text) for __aeabi_dmul
    mpu6050.o(i.MPU6050_Read_Accel) refers to ddiv.o(.text) for __aeabi_ddiv
    mpu6050.o(i.MPU6050_Read_All) refers to stm32f4xx_hal_i2c.o(i.HAL_I2C_Mem_Read) for HAL_I2C_Mem_Read
    mpu6050.o(i.MPU6050_Read_All) refers to dflti.o(.text) for __aeabi_i2d
    mpu6050.o(i.MPU6050_Read_All) refers to dmul.o(.text) for __aeabi_dmul
    mpu6050.o(i.MPU6050_Read_All) refers to ddiv.o(.text) for __aeabi_ddiv
    mpu6050.o(i.MPU6050_Read_All) refers to stm32f4xx_hal.o(i.HAL_GetTick) for HAL_GetTick
    mpu6050.o(i.MPU6050_Read_All) refers to dfltui.o(.text) for __aeabi_ui2d
    mpu6050.o(i.MPU6050_Read_All) refers to sqrt.o(i.__hardfp_sqrt) for __hardfp_sqrt
    mpu6050.o(i.MPU6050_Read_All) refers to cdcmple.o(.text) for __aeabi_cdcmpeq
    mpu6050.o(i.MPU6050_Read_All) refers to atan.o(i.__hardfp_atan) for __hardfp_atan
    mpu6050.o(i.MPU6050_Read_All) refers to atan2.o(i.__hardfp_atan2) for __hardfp_atan2
    mpu6050.o(i.MPU6050_Read_All) refers to cdrcmple.o(.text) for __aeabi_cdrcmple
    mpu6050.o(i.MPU6050_Read_All) refers to mpu6050.o(i.Kalman_getAngle) for Kalman_getAngle
    mpu6050.o(i.MPU6050_Read_All) refers to fabs.o(i.__hardfp_fabs) for __hardfp_fabs
    mpu6050.o(i.MPU6050_Read_All) refers to mpu6050.o(.data) for .data
    mpu6050.o(i.MPU6050_Read_Gyro) refers to stm32f4xx_hal_i2c.o(i.HAL_I2C_Mem_Read) for HAL_I2C_Mem_Read
    mpu6050.o(i.MPU6050_Read_Gyro) refers to dflti.o(.text) for __aeabi_i2d
    mpu6050.o(i.MPU6050_Read_Gyro) refers to ddiv.o(.text) for __aeabi_ddiv
    mpu6050.o(i.MPU6050_Read_Temp) refers to stm32f4xx_hal_i2c.o(i.HAL_I2C_Mem_Read) for HAL_I2C_Mem_Read
    main.o(i.SystemClock_Config) refers to memseta.o(.text) for __aeabi_memclr4
    main.o(i.SystemClock_Config) refers to stm32f4xx_hal_rcc.o(i.HAL_RCC_OscConfig) for HAL_RCC_OscConfig
    main.o(i.SystemClock_Config) refers to stm32f4xx_hal_rcc.o(i.HAL_RCC_ClockConfig) for HAL_RCC_ClockConfig
    main.o(i.main) refers to memseta.o(.text) for __aeabi_memclr4
    main.o(i.main) refers to stm32f4xx_hal.o(i.HAL_Init) for HAL_Init
    main.o(i.main) refers to main.o(i.SystemClock_Config) for SystemClock_Config
    main.o(i.main) refers to gpio.o(i.MX_GPIO_Init) for MX_GPIO_Init
    main.o(i.main) refers to i2c.o(i.MX_I2C1_Init) for MX_I2C1_Init
    main.o(i.main) refers to usb_device.o(i.MX_USB_DEVICE_Init) for MX_USB_DEVICE_Init
    main.o(i.main) refers to mpu6050.o(i.MPU6050_Init) for MPU6050_Init
    main.o(i.main) refers to mpu6050.o(i.MPU6050_Read_All) for MPU6050_Read_All
    main.o(i.main) refers to printf1.o(i.__0sprintf$1) for __2sprintf
    main.o(i.main) refers to strlen.o(.text) for strlen
    main.o(i.main) refers to usbd_cdc_if.o(i.CDC_Transmit_FS) for CDC_Transmit_FS
    main.o(i.main) refers to stm32f4xx_hal.o(i.HAL_Delay) for HAL_Delay
[...]
    i.MX_GPIO_Init                           0x08002924   Section        0  gpio.o(i.MX_GPIO_Init)
    i.MX_I2C1_Init                           0x08002960   Section        0  i2c.o(i.MX_I2C1_Init)
    i.MX_USB_DEVICE_Init                     0x080029a0   Section        0  usb_device.o(i.MX_USB_DEVICE_Init)
    i.MemManage_Handler                      0x080029f4   Section        0  stm32f4xx_it.o(i.MemManage_Handler)
    i.NMI_Handler                            0x080029f6   Section        0  stm32f4xx_it.o(i.NMI_Handler)
    i.OTG_FS_IRQHandler                      0x080029f8   Section        0  stm32f4xx_it.o(i.OTG_FS_IRQHandler)
    i.PCD_EP_OutXfrComplete_int              0x08002a04   Section        0  stm32f4xx_hal_pcd.o(i.PCD_EP_OutXfrComplete_int)
    PCD_EP_OutXfrComplete_int                0x08002a05   Thumb Code   196  stm32f4xx_hal_pcd.o(i.PCD_EP_OutXfrComplete_int)
    i.PCD_WriteEmptyTxFifo                   0x08002ad0   Section        0  stm32f4xx_hal_pcd.o(i.PCD_WriteEmptyTxFifo)
    PCD_WriteEmptyTxFifo                     0x08002ad1   Thumb Code   162  stm32f4xx_hal_pcd.o(i.PCD_WriteEmptyTxFifo)
    i.PendSV_Handler                         0x08002b72   Section        0  stm32f4xx_it.o(i.PendSV_Handler)
    i.SVC_Handler                            0x08002b74   Section        0  stm32f4xx_it.o(i.SVC_Handler)
    i.SWAPBYTE                               0x08002b76   Section        0  usbd_ctlreq.o(i.SWAPBYTE)
    SWAPBYTE                                 0x08002b77   Thumb Code    10  usbd_ctlreq.o(i.SWAPBYTE)
    i.SysTick_Handler                        0x08002b80   Section        0  stm32f4xx_it.o(i.SysTick_Handler)
    i.SystemClock_Config                     0x08002b84   Section        0  main.o(i.SystemClock_Config)
    i.SystemInit                             0x08002c14   Section        0  system_stm32f4xx.o(i.SystemInit)
    i.USBD_CDC_DataIn                        0x08002c24   Section        0  usbd_cdc.o(i.USBD_CDC_DataIn)
    USBD_CDC_DataIn                          0x08002c25   Thumb Code    98  usbd_cdc.o(i.USBD_CDC_DataIn)
    i.USBD_CDC_DataOut                       0x08002c86   Section        0  usbd_cdc.o(i.USBD_CDC_DataOut)
    USBD_CDC_DataOut                         0x08002c87   Thumb Code    42  usbd_cdc.o(i.USBD_CDC_DataOut)
    i.USBD_CDC_DeInit                        0x08002cb0   Section        0  usbd_cdc.o(i.USBD_CDC_DeInit)
    USBD_CDC_DeInit                          0x08002cb1   Thumb Code    72  usbd_cdc.o(i.USBD_CDC_DeInit)
    i.USBD_CDC_EP0_RxReady                   0x08002cf8   Section        0  usbd_cdc.o(i.USBD_CDC_EP0_RxReady)
    USBD_CDC_EP0_RxReady                     0x08002cf9   Thumb Code    46  usbd_cdc.o(i.USBD_CDC_EP0_RxReady)
    i.USBD_CDC_GetDeviceQualifierDescriptor  0x08002d28   Section        0  usbd_cdc.o(i.USBD_CDC_GetDeviceQualifierDescriptor)
    i.USBD_CDC_GetFSCfgDesc                  0x08002d34   Section        0  usbd_cdc.o(i.USBD_CDC_GetFSCfgDesc)
    USBD_CDC_GetFSCfgDesc                    0x08002d35   Thumb Code     8  usbd_cdc.o(i.USBD_CDC_GetFSCfgDesc)
    i.USBD_CDC_GetHSCfgDesc                  0x08002d40   Section        0  usbd_cdc.o(i.USBD_CDC_GetHSCfgDesc)
    USBD_CDC_GetHSCfgDesc                    0x08002d41   Thumb Code     8  usbd_cdc.o(i.USBD_CDC_GetHSCfgDesc)
    i.USBD_CDC_GetOtherSpeedCfgDesc          0x08002d4c   Section        0  usbd_cdc.o(i.USBD_CDC_GetOtherSpeedCfgDesc)
    USBD_CDC_GetOtherSpeedCfgDesc            0x08002d4d   Thumb Code     8  usbd_cdc.o(i.USBD_CDC_GetOtherSpeedCfgDesc)
    i.USBD_CDC_Init                          0x08002d58   Section        0  usbd_cdc.o(i.USBD_CDC_Init)
    USBD_CDC_Init                            0x08002d59   Thumb Code   162  usbd_cdc.o(i.USBD_CDC_Init)
    i.USBD_CDC_ReceivePacket                 0x08002dfa   Section        0  usbd_cdc.o(i.USBD_CDC_ReceivePacket)
    i.USBD_CDC_RegisterInterface             0x08002e22   Section        0  usbd_cdc.o(i.USBD_CDC_RegisterInterface)
    i.USBD_CDC_SetRxBuffer                   0x08002e30   Section        0  usbd_cdc.o(i.USBD_CDC_SetRxBuffer)
    i.USBD_CDC_SetTxBuffer                   0x08002e42   Section        0  usbd_cdc.o(i.USBD_CDC_SetTxBuffer)
    i.USBD_CDC_Setup                         0x08002e58   Section        0  usbd_cdc.o(i.USBD_CDC_Setup)
    USBD_CDC_Setup                           0x08002e59   Thumb Code   190  usbd_cdc.o(i.USBD_CDC_Setup)
    i.USBD_CDC_TransmitPacket                0x08002f16   Section        0  usbd_cdc.o(i.USBD_CDC_TransmitPacket)
    i.USBD_ClrClassConfig                    0x08002f4c   Section        0  usbd_core.o(i.USBD_ClrClassConfig)
    i.USBD_CtlContinueRx                     0x08002f5c   Section        0  usbd_ioreq.o(i.USBD_CtlContinueRx)
    i.USBD_CtlContinueSendData               0x08002f6c   Section        0  usbd_ioreq.o(i.USBD_CtlContinueSendData)
    i.USBD_CtlError                          0x08002f7c   Section        0  usbd_ctlreq.o(i.USBD_CtlError)
    i.USBD_CtlPrepareRx                      0x08002f92   Section        0  usbd_ioreq.o(i.USBD_CtlPrepareRx)
    i.USBD_CtlReceiveStatus                  0x08002fb0   Section        0  usbd_ioreq.o(i.USBD_CtlReceiveStatus)
    i.USBD_CtlSendData                       0x08002fc6   Section        0  usbd_ioreq.o(i.USBD_CtlSendData)
    i.USBD_CtlSendStatus                     0x08002fe0   Section        0  usbd_ioreq.o(i.USBD_CtlSendStatus)
    i.USBD_FS_ConfigStrDescriptor            0x08002ff8   Section        0  usbd_desc.o(i.USBD_FS_ConfigStrDescriptor)
    i.USBD_FS_DeviceDescriptor               0x08003018   Section        0  usbd_desc.o(i.USBD_FS_DeviceDescriptor)
    i.USBD_FS_InterfaceStrDescriptor         0x08003024   Section        0  usbd_desc.o(i.USBD_FS_InterfaceStrDescriptor)
    i.USBD_FS_LangIDStrDescriptor            0x08003048   Section        0  usbd_desc.o(i.USBD_FS_LangIDStrDescriptor)
    i.USBD_FS_ManufacturerStrDescriptor      0x08003054   Section        0  usbd_desc.o(i.USBD_FS_ManufacturerStrDescriptor)
    i.USBD_FS_ProductStrDescriptor           0x0800307c   Section        0  usbd_desc.o(i.USBD_FS_ProductStrDescriptor)
    i.USBD_FS_SerialStrDescriptor            0x080030a8   Section        0  usbd_desc.o(i.USBD_FS_SerialStrDescriptor)
    i.USBD_GetDescriptor                     0x080030e0   Section        0  usbd_ctlreq.o(i.USBD_GetDescriptor)
    USBD_GetDescriptor                       0x080030e1   Thumb Code   230  usbd_ctlreq.o(i.USBD_GetDescriptor)
    i.USBD_GetString                         0x080031c6   Section        0  usbd_ctlreq.o(i.USBD_GetString)
    i.USBD_Get_USB_Status                    0x0800320e   Section        0  usbd_conf.o(i.USBD_Get_USB_Status)
    i.USBD_Init                              0x08003226   Section        0  usbd_core.o(i.USBD_Init)
    i.USBD_LL_ClearStallEP                   0x0800324c   Section        0  usbd_conf.o(i.USBD_LL_ClearStallEP)
    i.USBD_LL_CloseEP                        0x0800325e   Section        0  usbd_conf.o(i.USBD_LL_CloseEP)
    i.USBD_LL_DataInStage                    0x08003270   Section        0  usbd_core.o(i.USBD_LL_DataInStage)
    i.USBD_LL_DataOutStage                   0x08003318   Section        0  usbd_core.o(i.USBD_LL_DataOutStage)
    i.USBD_LL_DevConnected                   0x08003384   Section        0  usbd_core.o(i.USBD_LL_DevConnected)
    i.USBD_LL_DevDisconnected                0x08003388   Section        0  usbd_core.o(i.USBD_LL_DevDisconnected)
    i.USBD_LL_GetRxDataSize                  0x080033a0   Section        0  usbd_conf.o(i.USBD_LL_GetRxDataSize)
    i.USBD_LL_Init                           0x080033a8   Section        0  usbd_conf.o(i.USBD_LL_Init)
    i.USBD_LL_IsStallEP                      0x08003408   Section        0  usbd_conf.o(i.USBD_LL_IsStallEP)
    i.USBD_LL_IsoINIncomplete                0x08003428   Section        0  usbd_core.o(i.USBD_LL_IsoINIncomplete)
    i.USBD_LL_IsoOUTIncomplete               0x08003448   Section        0  usbd_core.o(i.USBD_LL_IsoOUTIncomplete)
    i.USBD_LL_OpenEP                         0x08003468   Section        0  usbd_conf.o(i.USBD_LL_OpenEP)
    i.USBD_LL_PrepareReceive                 0x08003480   Section        0  usbd_conf.o(i.USBD_LL_PrepareReceive)
    i.USBD_LL_Reset                          0x08003492   Section        0  usbd_core.o(i.USBD_LL_Reset)
    i.USBD_LL_Resume                         0x080034ec   Section        0  usbd_core.o(i.USBD_LL_Resume)
    i.USBD_LL_SOF                            0x08003500   Section        0  usbd_core.o(i.USBD_LL_SOF)
    i.USBD_LL_SetSpeed                       0x08003520   Section        0  usbd_core.o(i.USBD_LL_SetSpeed)
    i.USBD_LL_SetUSBAddress                  0x08003526   Section        0  usbd_conf.o(i.USBD_LL_SetUSBAddress)
    i.USBD_LL_SetupStage                     0x08003538   Section        0  usbd_core.o(i.USBD_LL_SetupStage)
    i.USBD_LL_StallEP                        0x08003598   Section        0  usbd_conf.o(i.USBD_LL_StallEP)
    i.USBD_LL_Start                          0x080035aa   Section        0  usbd_conf.o(i.USBD_LL_Start)
    i.USBD_LL_Suspend                        0x080035bc   Section        0  usbd_core.o(i.USBD_LL_Suspend)
    i.USBD_LL_Transmit                       0x080035ce   Section        0  usbd_conf.o(i.USBD_LL_Transmit)
    i.USBD_ParseSetupRequest                 0x080035e0   Section        0  usbd_ctlreq.o(i.USBD_ParseSetupRequest)
    i.USBD_RegisterClass                     0x0800360c   Section        0  usbd_core.o(i.USBD_RegisterClass)
    i.USBD_SetClassConfig                    0x08003630   Section        0  usbd_core.o(i.USBD_SetClassConfig)
    i.USBD_SetConfig                         0x08003644   Section        0  usbd_ctlreq.o(i.USBD_SetConfig)
    USBD_SetConfig                           0x08003645   Thumb Code   182  usbd_ctlreq.o(i.USBD_SetConfig)
    i.USBD_Start                             0x08003700   Section        0  usbd_core.o(i.USBD_Start)
    i.USBD_StdDevReq                         0x08003704   Section        0  usbd_ctlreq.o(i.USBD_StdDevReq)
    i.USBD_StdEPReq                          0x08003818   Section        0  usbd_ctlreq.o(i.USBD_StdEPReq)
    i.USBD_StdItfReq                         0x08003958   Section        0  usbd_ctlreq.o(i.USBD_StdItfReq)
    i.USBD_static_free                       0x080039aa   Section        0  usbd_conf.o(i.USBD_static_free)
    i.USBD_static_malloc                     0x080039ac   Section        0  usbd_conf.o(i.USBD_static_malloc)
    i.USB_ActivateEndpoint                   0x080039b4   Section        0  stm32f4xx_ll_usb.o(i.USB_ActivateEndpoint)
    i.USB_ActivateSetup                      0x08003a34   Section        0  stm32f4xx_ll_usb.o(i.USB_ActivateSetup)
    i.USB_CoreInit                           0x08003a50   Section        0  stm32f4xx_ll_usb.o(i.USB_CoreInit)
    i.USB_CoreReset                          0x08003ac4   Section        0  stm32f4xx_ll_usb.o(i.USB_CoreReset)
    USB_CoreReset                            0x08003ac5   Thumb Code    50  stm32f4xx_ll_usb.o(i.USB_CoreReset)
    i.USB_DeactivateEndpoint                 0x08003afc   Section        0  stm32f4xx_ll_usb.o(i.USB_DeactivateEndpoint)
    i.USB_DevConnect                         0x08003bc8   Section        0  stm32f4xx_ll_usb.o(i.USB_DevConnect)
    i.USB_DevDisconnect                      0x08003be4   Section        0  stm32f4xx_ll_usb.o(i.USB_DevDisconnect)
    i.USB_DevInit                            0x08003c00   Section        0  stm32f4xx_ll_usb.o(i.USB_DevInit)
    i.USB_DisableGlobalInt                   0x08003d74   Section        0  stm32f4xx_ll_usb.o(i.USB_DisableGlobalInt)
    i.USB_EP0StartXfer                       0x08003d80   Section        0  stm32f4xx_ll_usb.o(i.USB_EP0StartXfer)
    i.USB_EP0_OutStart                       0x08003e98   Section        0  stm32f4xx_ll_usb.o(i.USB_EP0_OutStart)
    i.USB_EPClearStall                       0x08003ef0   Section        0  stm32f4xx_ll_usb.o(i.USB_EPClearStall)
    i.USB_EPSetStall                         0x08003f48   Section        0  stm32f4xx_ll_usb.o(i.USB_EPSetStall)
    i.USB_EPStartXfer                        0x08003fa0   Section        0  stm32f4xx_ll_usb.o(i.USB_EPStartXfer)
    i.USB_EnableGlobalInt                    0x08004188   Section        0  stm32f4xx_ll_usb.o(i.USB_EnableGlobalInt)
    i.USB_FlushRxFifo                        0x08004194   Section        0  stm32f4xx_ll_usb.o(i.USB_FlushRxFifo)
    i.USB_FlushTxFifo                        0x080041b4   Section        0  stm32f4xx_ll_usb.o(i.USB_FlushTxFifo)
    i.USB_GetDevSpeed                        0x080041d8   Section        0  stm32f4xx_ll_usb.o(i.USB_GetDevSpeed)
    i.USB_GetMode                            0x080041f2   Section        0  stm32f4xx_ll_usb.o(i.USB_GetMode)
    i.USB_ReadDevAllInEpInterrupt            0x080041fa   Section        0  stm32f4xx_ll_usb.o(i.USB_ReadDevAllInEpInterrupt)
    i.USB_ReadDevAllOutEpInterrupt           0x08004208   Section        0  stm32f4xx_ll_usb.o(i.USB_ReadDevAllOutEpInterrupt)
    i.USB_ReadDevInEPInterrupt               0x08004216   Section        0  stm32f4xx_ll_usb.o(i.USB_ReadDevInEPInterrupt)
    i.USB_ReadDevOutEPInterrupt              0x0800423a   Section        0  stm32f4xx_ll_usb.o(i.USB_ReadDevOutEPInterrupt)
    i.USB_ReadInterrupts                     0x0800424a   Section        0  stm32f4xx_ll_usb.o(i.USB_ReadInterrupts)
    i.USB_ReadPacket                         0x08004252   Section        0  stm32f4xx_ll_usb.o(i.USB_ReadPacket)
    i.USB_SetCurrentMode                     0x0800426e   Section        0  stm32f4xx_ll_usb.o(i.USB_SetCurrentMode)
    i.USB_SetDevAddress                      0x0800429c   Section        0  stm32f4xx_ll_usb.o(i.USB_SetDevAddress)
    i.USB_SetTurnaroundTime                  0x080042c0   Section        0  stm32f4xx_ll_usb.o(i.USB_SetTurnaroundTime)
    i.USB_WritePacket                        0x080043a8   Section        0  stm32f4xx_ll_usb.o(i.USB_WritePacket)
    i.UsageFault_Handler                     0x080043cc   Section        0  stm32f4xx_it.o(i.UsageFault_Handler)
    i.__0sprintf$1                           0x080043d0   Section        0  printf1.o(i.__0sprintf$1)
    i.__ARM_fpclassify                       0x080043f8   Section        0  fpclassify.o(i.__ARM_fpclassify)
    i.__NVIC_SetPriority                     0x08004428   Section        0  stm32f4xx_hal_cortex.o(i.__NVIC_SetPriority)
    __NVIC_SetPriority                       0x08004429   Thumb Code    32  stm32f4xx_hal_cortex.o(i.__NVIC_SetPriority)
    i.__hardfp_atan                          0x08004448   Section        0  atan.o(i.__hardfp_atan)
    i.__hardfp_atan2                         0x08004720   Section        0  atan2.o(i.__hardfp_atan2)
    i.__hardfp_fabs                          0x08004910   Section        0  fabs.o(i.__hardfp_fabs)
    i.__hardfp_sqrt                          0x08004924   Section        0  sqrt.o(i.__hardfp_sqrt)
    i.__kernel_poly                          0x0800499e   Section        0  poly.o(i.__kernel_poly)
    i.__mathlib_dbl_infnan                   0x08004a96   Section        0  dunder.o(i.__mathlib_dbl_infnan)
    i.__mathlib_dbl_infnan2                  0x08004aaa   Section        0  dunder.o(i.__mathlib_dbl_infnan2)
    i.__mathlib_dbl_underflow                0x08004ac0   Section        0  dunder.o(i.__mathlib_dbl_underflow)
    i.__scatterload_copy                     0x08004ae0   Section       14  handlers.o(i.__scatterload_copy)
    i.__scatterload_null                     0x08004aee   Section        2  handlers.o(i.__scatterload_null)
    i.__scatterload_zeroinit                 0x08004af0   Section       14  handlers.o(i.__scatterload_zeroinit)
    i.__set_errno                            0x08004b00   Section        0  errno.o(i.__set_errno)
    i._printf_core                           0x08004b0c   Section        0  printf1.o(i._printf_core)
    _printf_core                             0x08004b0d   Thumb Code   336  printf1.o(i._printf_core)
    i._sputc                                 0x08004c60   Section        0  printf1.o(i._sputc)
    _sputc                                   0x08004c61   Thumb Code    10  printf1.o(i._sputc)
    i.atan                                   0x08004c6a   Section        0  atan.o(i.atan)
    i.fabs                                   0x08004c7a   Section        0  fabs.o(i.fabs)
    i.main                                   0x08004c94   Section        0  main.o(i.main)
    .constdata                               0x08004d78   Section       16  system_stm32f4xx.o(.constdata)
    .constdata                               0x08004d88   Section        8  system_stm32f4xx.o(.constdata)
    .constdata                               0x08004d90   Section      152  atan.o(.constdata)
    atanhi                                   0x08004d90   Data          32  atan.o(.constdata)
    atanlo                                   0x08004db0   Data          32  atan.o(.constdata)
    aTodd                                    0x08004dd0   Data          40  atan.o(.constdata)
    aTeven                                   0x08004df8   Data          48  atan.o(.constdata)
    .constdata                               0x08004e28   Section        8  qnan.o(.constdata)
    .data                                    0x20000000   Section      152  mpu6050.o(.data)
    .data                                    0x20000098   Section       28  usbd_desc.o(.data)
    .data                                    0x200000b4   Section       50  usbd_desc.o(.data)
    .data                                    0x200000e8   Section       20  usbd_cdc_if.o(.data)
    .data                                    0x200000fc   Section       12  stm32f4xx_hal.o(.data)
    .data                                    0x20000108   Section        4  system_stm32f4xx.o(.data)
    .data                                    0x2000010c   Section        1  usbd_ctlreq.o(.data)
    cfgidx                                   0x2000010c   Data           1  usbd_ctlreq.o(.data)
    .data                                    0x20000110   Section      215  usbd_cdc.o(.data)
    USBD_CDC_DeviceQualifierDesc             0x20000110   Data          10  usbd_cdc.o(.data)
    USBD_CDC_CfgHSDesc                       0x2000011c   Data          67  usbd_cdc.o(.data)
    USBD_CDC_CfgFSDesc                       0x20000160   Data          67  usbd_cdc.o(.data)
    USBD_CDC_OtherSpeedCfgDesc               0x200001a4   Data          67  usbd_cdc.o(.data)
    .data                                    0x200001e8   Section       56  usbd_cdc.o(.data)
    .data                                    0x20000220   Section        4  errno.o(.data)
    _errno                                   0x20000220   Data           4  errno.o(.data)
    .bss                                     0x20000228   Section       88  main.o(.bss)
    .bss                                     0x20000280   Section       84  i2c.o(.bss)
    .bss                                     0x200002d4   Section      720  usb_device.o(.bss)
    .bss                                     0x200005a4   Section      512  usbd_desc.o(.bss)
    .bss                                     0x200007a4   Section     4096  usbd_cdc_if.o(.bss)
    .bss                                     0x200017a4   Section     1576  usbd_conf.o(.bss)
    mem                                      0x200017a4   Data         544  usbd_conf.o(.bss)
    STACK                                    0x20001dd0   Section    16384  startup_stm32f407xx.o(STACK)

    Global Symbols

    Symbol Name                              Value     Ov Type        Size  Object(Section)

    BuildAttributes$$THM_ISAv4$E$P$D$K$B$S$7EM$VFPi3$EXTD16$VFPS$VFMA$PE$A:L22UL41UL21$X:L11$S22US41US21$IEEE1$IW$USESV6$~STKCKD$USESV7$~SHL$OTIME$ROPI$IEEEX$EBA8$MICROLIB$REQ8$PRES8$EABIv2 0x00000000   Number         0  anon$$obj.o ABSOLUTE
    __ARM_use_no_argv                        0x00000000   Number         0  main.o ABSOLUTE
    _printf_a                                0x00000000   Number         0  stubs.o ABSOLUTE
    _printf_c                                0x00000000   Number         0  stubs.o ABSOLUTE
    _printf_charcount                        0x00000000   Number         0  stubs.o ABSOLUTE
    _printf_d                                0x00000000   Number         0  stubs.o ABSOLUTE
    _printf_e                                0x00000000   Number         0  stubs.o ABSOLUTE
    _printf_f                                0x00000000   Number         0  stubs.o ABSOLUTE
    _printf_flags                            0x00000000   Number         0  stubs.o ABSOLUTE
    _printf_fp_dec                           0x00000000   Number         0  stubs.o ABSOLUTE
    _printf_fp_hex                           0x00000000   Number         0  stubs.o ABSOLUTE
    _printf_g                                0x00000000   Number         0  stubs.o ABSOLUTE
    _printf_i                                0x00000000   Number         0  stubs.o ABSOLUTE
    _printf_int_dec                          0x00000000   Number         0  stubs.o ABSOLUTE
    _printf_l                                0x00000000   Number         0  stubs.o ABSOLUTE
    _printf_lc                               0x00000000   Number         0  stubs.o ABSOLUTE
    _printf_ll                               0x00000000   Number         0  stubs.o ABSOLUTE
    _printf_lld                              0x00000000   Number         0  stubs.o ABSOLUTE
    _printf_lli                              0x00000000   Number         0  stubs.o ABSOLUTE
    _printf_llo                              0x00000000   Number         0  stubs.o ABSOLUTE
    _printf_llu                              0x00000000   Number         0  stubs.o ABSOLUTE
    _printf_llx                              0x00000000   Number         0  stubs.o ABSOLUTE
    _printf_longlong_dec                     0x00000000   Number         0  stubs.o ABSOLUTE
    _printf_longlong_hex                     0x00000000   Number         0  stubs.o ABSOLUTE
    _printf_longlong_oct                     0x00000000   Number         0  stubs.o ABSOLUTE
    _printf_ls                               0x00000000   Number         0  stubs.o ABSOLUTE
    _printf_mbtowc                           0x00000000   Number         0  stubs.o ABSOLUTE
    _printf_n                                0x00000000   Number         0  stubs.o ABSOLUTE
    _printf_o                                0x00000000   Number         0  stubs.o ABSOLUTE
    _printf_p                                0x00000000   Number         0  stubs.o ABSOLUTE
    _printf_percent                          0x00000000   Number         0  stubs.o ABSOLUTE
    _printf_pre_padding                      0x00000000   Number         0  stubs.o ABSOLUTE
    _printf_return_value                     0x00000000   Number         0  stubs.o ABSOLUTE
    _printf_s                                0x00000000   Number         0  stubs.o ABSOLUTE
    _printf_sizespec                         0x00000000   Number         0  stubs.o ABSOLUTE
    _printf_str                              0x00000000   Number         0  stubs.o ABSOLUTE
    _printf_truncate_signed                  0x00000000   Number         0  stubs.o ABSOLUTE
    _printf_truncate_unsigned                0x00000000   Number         0  stubs.o ABSOLUTE
    _printf_u                                0x00000000   Number         0  stubs.o ABSOLUTE
    _printf_wc                               0x00000000   Number         0  stubs.o ABSOLUTE
    _printf_wctomb                           0x00000000   Number         0  stubs.o ABSOLUTE
    _printf_widthprec                        0x00000000   Number         0  stubs.o ABSOLUTE
    _printf_x                                0x00000000   Number         0  stubs.o ABSOLUTE
    __cpp_initialize__aeabi_                  - Undefined Weak Reference
    __cxa_finalize                            - Undefined Weak Reference
    _clock_init                               - Undefined Weak Reference
    _microlib_exit                            - Undefined Weak Reference
    __Vectors_Size                           0x00000188   Number         0  startup_stm32f407xx.o ABSOLUTE
    __Vectors                                0x08000000   Data           4  startup_stm32f407xx.o(RESET)
    __Vectors_End                            0x08000188   Data           0  startup_stm32f407xx.o(RESET)
    __main                                   0x08000189   Thumb Code     0  entry.o(.ARM.Collect$$$$00000000)
    _main_stk                                0x08000189   Thumb Code     0  entry2.o(.ARM.Collect$$$$00000001)
    _main_scatterload                        0x0800018d   Thumb Code     0  entry5.o(.ARM.Collect$$$$00000004)
    __main_after_scatterload                 0x08000191   Thumb Code     0  entry5.o(.ARM.Collect$$$$00000004)
    _main_clock                              0x08000191   Thumb Code     0  entry7b.o(.ARM.Collect$$$$00000008)
    _main_cpp_init                           0x08000191   Thumb Code     0  entry8b.o(.ARM.Collect$$$$0000000A)
    _main_init                               0x08000191   Thumb Code     0  entry9a.o(.ARM.Collect$$$$0000000B)
    __rt_final_cpp                           0x08000199   Thumb Code     0  entry10a.o(.ARM.Collect$$$$0000000D)
    __rt_final_exit                          0x08000199   Thumb Code     0  entry11a.o(.ARM.Collect$$$$0000000F)
    Reset_Handler                            0x0800019d   Thumb Code     8  startup_stm32f407xx.o(.text)
    ADC_IRQHandler                           0x080001b7   Thumb Code     0  startup_stm32f407xx.o(.text)
    CAN1_RX0_IRQHandler                      0x080001b7   Thumb Code     0  startup_stm32f407xx.o(.text)
    CAN1_RX1_IRQHandler                      0x080001b7   Thumb Code     0  startup_stm32f407xx.o(.text)
    CAN1_SCE_IRQHandler                      0x080001b7   Thumb Code     0  startup_stm32f407xx.o(.text)
    CAN1_TX_IRQHandler                       0x080001b7   Thumb Code     0  startup_stm32f407xx.o(.text)
    CAN2_RX0_IRQHandler                      0x080001b7   Thumb Code     0  startup_stm32f407xx.o(.text)
    CAN2_RX1_IRQHandler                      0x080001b7   Thumb Code     0  startup_stm32f407xx.o(.text)
    CAN2_SCE_IRQHandler                      0x080001b7   Thumb Code     0  startup_stm32f407xx.o(.text)
    CAN2_TX_IRQHandler                       0x080001b7   Thumb Code     0  startup_stm32f407xx.o(.text)
    DCMI_IRQHandler                          0x080001b7   Thumb Code     0  startup_stm32f407xx.o(.text)
    DMA1_Stream0_IRQHandler                  0x080001b7   Thumb Code     0  startup_stm32f407xx.o(.text)
    DMA1_Stream1_IRQHandler                  0x080001b7   Thumb Code     0  startup_stm32f407xx.o(.text)
    DMA1_Stream2_IRQHandler                  0x080001b7   Thumb Code     0  startup_stm32f407xx.o(.text)
    DMA1_Stream3_IRQHandler                  0x080001b7   Thumb Code     0  startup_stm32f407xx.o(.text)
    DMA1_Stream4_IRQHandler                  0x080001b7   Thumb Code     0  startup_stm32f407xx.o(.text)
    DMA1_Stream5_IRQHandler                  0x080001b7   Thumb Code     0  startup_stm32f407xx.o(.text)
    DMA1_Stream6_IRQHandler                  0x080001b7   Thumb Code     0  startup_stm32f407xx.o(.text)
    DMA1_Stream7_IRQHandler                  0x080001b7   Thumb Code     0  startup_stm32f407xx.o(.text)
    DMA2_Stream0_IRQHandler                  0x080001b7   Thumb Code     0  startup_stm32f407xx.o(.text)
    DMA2_Stream1_IRQHandler                  0x080001b7   Thumb Code     0  startup_stm32f407xx.o(.text)
    DMA2_Stream2_IRQHandler                  0x080001b7   Thumb Code     0  startup_stm32f407xx.o(.text)
    DMA2_Stream3_IRQHandler                  0x080001b7   Thumb Code     0  startup_stm32f407xx.o(.text)
    DMA2_Stream4_IRQHandler                  0x080001b7   Thumb Code     0  startup_stm32f407xx.o(.text)
    DMA2_Stream5_IRQHandler                  0x080001b7   Thumb Code     0  startup_stm32f407xx.o(.text)
    DMA2_Stream6_IRQHandler                  0x080001b7   Thumb Code     0  startup_stm32f407xx.o(.text)
    DMA2_Stream7_IRQHandler                  0x080001b7   Thumb Code     0  startup_stm32f407xx.o(.text)
    ETH_IRQHandler                           0x080001b7   Thumb Code     0  startup_stm32f407xx.o(.text)
    ETH_WKUP_IRQHandler                      0x080001b7   Thumb Code     0  startup_stm32f407xx.o(.text)
    EXTI0_IRQHandler                         0x080001b7   Thumb Code     0  startup_stm32f407xx.o(.text)
    EXTI15_10_IRQHandler                     0x080001b7   Thumb Code     0  startup_stm32f407xx.o(.text)
    EXTI1_IRQHandler                         0x080001b7   Thumb Code     0  startup_stm32f407xx.o(.text)
    EXTI2_IRQHandler                         0x080001b7   Thumb Code     0  startup_stm32f407xx.o(.text)
    EXTI3_IRQHandler                         0x080001b7   Thumb Code     0  startup_stm32f407xx.o(.text)
    EXTI4_IRQHandler                         0x080001b7   Thumb Code     0  startup_stm32f407xx.o(.text)
    EXTI9_5_IRQHandler                       0x080001b7   Thumb Code     0  startup_stm32f407xx.o(.text)
    FLASH_IRQHandler                         0x080001b7   Thumb Code     0  startup_stm32f407xx.o(.text)
    FMC_IRQHandler                           0x080001b7   Thumb Code     0  startup_stm32f407xx.o(.text)
    FPU_IRQHandler                           0x080001b7   Thumb Code     0  startup_stm32f407xx.o(.text)
    HASH_RNG_IRQHandler                      0x080001b7   Thumb Code     0  startup_stm32f407xx.o(.text)
    I2C1_ER_IRQHandler                       0x080001b7   Thumb Code     0  startup_stm32f407xx.o(.text)
    I2C1_EV_IRQHandler                       0x080001b7   Thumb Code     0  startup_stm32f407xx.o(.text)
    I2C2_ER_IRQHandler                       0x080001b7   Thumb Code     0  startup_stm32f407xx.o(.text)
    I2C2_EV_IRQHandler                       0x080001b7   Thumb Code     0  startup_stm32f407xx.o(.text)
    I2C3_ER_IRQHandler                       0x080001b7   Thumb Code     0  startup_stm32f407xx.o(.text)
    I2C3_EV_IRQHandler                       0x080001b7   Thumb Code     0  startup_stm32f407xx.o(.text)
    OTG_FS_WKUP_IRQHandler                   0x080001b7   Thumb Code     0  startup_stm32f407xx.o(.text)
    OTG_HS_EP1_IN_IRQHandler                 0x080001b7   Thumb Code     0  startup_stm32f407xx.o(.text)
    OTG_HS_EP1_OUT_IRQHandler                0x080001b7   Thumb Code     0  startup_stm32f407xx.o(.text)
    OTG_HS_IRQHandler                        0x080001b7   Thumb Code     0  startup_stm32f407xx.o(.text)
    OTG_HS_WKUP_IRQHandler                   0x080001b7   Thumb Code     0  startup_stm32f407xx.o(.text)
    PVD_IRQHandler                           0x080001b7   Thumb Code     0  startup_stm32f407xx.o(.text)
    RCC_IRQHandler                           0x080001b7   Thumb Code     0  startup_stm32f407xx.o(.text)
    RTC_Alarm_IRQHandler                     0x080001b7   Thumb Code     0  startup_stm32f407xx.o(.text)
    RTC_WKUP_IRQHandler                      0x080001b7   Thumb Code     0  startup_stm32f407xx.o(.text)
    SDIO_IRQHandler                          0x080001b7   Thumb Code     0  startup_stm32f407xx.o(.text)
    SPI1_IRQHandler                          0x080001b7   Thumb Code     0  startup_stm32f407xx.o(.text)
    SPI2_IRQHandler                          0x080001b7   Thumb Code     0  startup_stm32f407xx.o(.text)
    SPI3_IRQHandler                          0x080001b7   Thumb Code     0  startup_stm32f407xx.o(.text)
    TAMP_STAMP_IRQHandler                    0x080001b7   Thumb Code     0  startup_stm32f407xx.o(.text)
    TIM1_BRK_TIM9_IRQHandler                 0x080001b7   Thumb Code     0  startup_stm32f407xx.o(.text)
    TIM1_CC_IRQHandler                       0x080001b7   Thumb Code     0  startup_stm32f407xx.o(.text)
    TIM1_TRG_COM_TIM11_IRQHandler            0x080001b7   Thumb Code     0  startup_stm32f407xx.o(.text)
    TIM1_UP_TIM10_IRQHandler                 0x080001b7   Thumb Code     0  startup_stm32f407xx.o(.text)
    TIM2_IRQHandler                          0x080001b7   Thumb Code     0  startup_stm32f407xx.o(.text)
    TIM3_IRQHandler                          0x080001b7   Thumb Code     0  startup_stm32f407xx.o(.text)
    TIM4_IRQHandler                          0x080001b7   Thumb Code     0  startup_stm32f407xx.o(.text)
    TIM5_IRQHandler                          0x080001b7   Thumb Code     0  startup_stm32f407xx.o(.text)
    TIM6_DAC_IRQHandler                      0x080001b7   Thumb Code     0  startup_stm32f407xx.o(.text)
    TIM7_IRQHandler                          0x080001b7   Thumb Code     0  startup_stm32f407xx.o(.text)
    TIM8_BRK_TIM12_IRQHandler                0x080001b7   Thumb Code     0  startup_stm32f407xx.o(.text)
    TIM8_CC_IRQHandler                       0x080001b7   Thumb Code     0  startup_stm32f407xx.o(.text)
    TIM8_TRG_COM_TIM14_IRQHandler            0x080001b7   Thumb Code     0  startup_stm32f407xx.o(.text)
    TIM8_UP_TIM13_IRQHandler                 0x080001b7   Thumb Code     0  startup_stm32f407xx.o(.text)
    UART4_IRQHandler                         0x080001b7   Thumb Code     0  startup_stm32f407xx.o(.text)
    UART5_IRQHandler                         0x080001b7   Thumb Code     0  startup_stm32f407xx.o(.text)
    USART1_IRQHandler                        0x080001b7   Thumb Code     0  startup_stm32f407xx.o(.text)
    USART2_IRQHandler                        0x080001b7   Thumb Code     0  startup_stm32f407xx.o(.text)
    USART3_IRQHandler                        0x080001b7   Thumb Code     0  startup_stm32f407xx.o(.text)
    USART6_IRQHandler                        0x080001b7   Thumb Code     0  startup_stm32f407xx.o(.text)
    WWDG_IRQHandler                          0x080001b7   Thumb Code     0  startup_stm32f407xx.o(.text)
    __aeabi_uldivmod                         0x080001c1   Thumb Code    98  uldiv.o(.text)
    __aeabi_memcpy                           0x08000223   Thumb Code    36  memcpya.o(.text)
    __aeabi_memcpy4                          0x08000223   Thumb Code     0  memcpya.o(.text)
    __aeabi_memcpy8                          0x08000223   Thumb Code     0  memcpya.o(.text)
    __aeabi_memset                           0x08000247   Thumb Code    14  memseta.o(.text)
    __aeabi_memset4                          0x08000247   Thumb Code     0  memseta.o(.text)
    __aeabi_memset8                          0x08000247   Thumb Code     0  memseta.o(.text)
    __aeabi_memclr                           0x08000255   Thumb Code     4  memseta.o(.text)
    __aeabi_memclr4                          0x08000255   Thumb Code     0  memseta.o(.text)
    __aeabi_memclr8                          0x08000255   Thumb Code     0  memseta.o(.text)
    _memset$wrapper                          0x08000259   Thumb Code    18  memseta.o(.text)
    strlen                                   0x0800026b   Thumb Code    14  strlen.o(.text)
    __aeabi_dadd                             0x08000279   Thumb Code   322  dadd.o(.text)
    __aeabi_dsub                             0x080003bb   Thumb Code     6  dadd.o(.text)
    __aeabi_drsub                            0x080003c1   Thumb Code     6  dadd.o(.text)
    __aeabi_dmul                             0x080003c7   Thumb Code   228  dmul.o(.text)
    __aeabi_ddiv                             0x080004ab   Thumb Code   222  ddiv.o(.text)
    __aeabi_i2d                              0x08000589   Thumb Code    34  dflti.o(.text)
    __aeabi_ui2d                             0x080005ab   Thumb Code    26  dfltui.o(.text)
    __aeabi_cdcmpeq                          0x080005c5   Thumb Code     0  cdcmple.o(.text)
    __aeabi_cdcmple                          0x080005c5   Thumb Code    48  cdcmple.o(.text)
    __aeabi_cdrcmple                         0x080005f5   Thumb Code    48  cdrcmple.o(.text)
    __aeabi_uidiv                            0x08000625   Thumb Code     0  uidiv.o(.text)
    __aeabi_uidivmod                         0x08000625   Thumb Code    44  uidiv.o(.text)
    __aeabi_llsl                             0x08000651   Thumb Code    30  llshl.o(.text)
    _ll_shift_l                              0x08000651   Thumb Code     0  llshl.o(.text)
    __aeabi_llsr                             0x0800066f   Thumb Code    32  llushr.o(.text)
    _ll_ushift_r                             0x0800066f   Thumb Code     0  llushr.o(.text)
    __aeabi_lasr                             0x0800068f   Thumb Code    36  llsshr.o(.text)
    _ll_sshift_r                             0x0800068f   Thumb Code     0  llsshr.o(.text)
    __I$use$fp                               0x080006b3   Thumb Code     0  iusefp.o(.text)
    _double_round                            0x080006b3   Thumb Code    30  depilogue.o(.text)
    _double_epilogue                         0x080006d1   Thumb Code   156  depilogue.o(.text)
    _dsqrt                                   0x0800076d   Thumb Code   162  dsqrt.o(.text)
    __scatterload                            0x08000811   Thumb Code    28  init.o(.text)
    __scatterload_rt2                        0x08000811   Thumb Code     0  init.o(.text)
    __decompress                             0x08000835   Thumb Code     0  __dczerorl2.o(.text)
    __decompress1                            0x08000835   Thumb Code    86  __dczerorl2.o(.text)
    BusFault_Handler                         0x0800088b   Thumb Code     2  stm32f4xx_it.o(i.BusFault_Handler)
    CDC_Transmit_FS                          0x080008d5   Thumb Code    38  usbd_cdc_if.o(i.CDC_Transmit_FS)
    DebugMon_Handler                         0x08000901   Thumb Code     2  stm32f4xx_it.o(i.DebugMon_Handler)
    Error_Handler                            0x08000903   Thumb Code     4  main.o(i.Error_Handler)
    HAL_Delay                                0x08000909   Thumb Code    32  stm32f4xx_hal.o(i.HAL_Delay)
    HAL_GPIO_Init                            0x0800092d   Thumb Code   448  stm32f4xx_hal_gpio.o(i.HAL_GPIO_Init)
    HAL_GetTick                              0x08000b19   Thumb Code     6  stm32f4xx_hal.o(i.HAL_GetTick)
    HAL_I2C_Init                             0x08000b25   Thumb Code   376  stm32f4xx_hal_i2c.o(i.HAL_I2C_Init)
    HAL_I2C_Mem_Read                         0x08000cad   Thumb Code   490  stm32f4xx_hal_i2c.o(i.HAL_I2C_Mem_Read)
    HAL_I2C_Mem_Write                        0x08000ea5   Thumb Code   294  stm32f4xx_hal_i2c.o(i.HAL_I2C_Mem_Write)
    HAL_I2C_MspInit                          0x08000fd5   Thumb Code    92  i2c.o(i.HAL_I2C_MspInit)
    HAL_IncTick                              0x0800103d   Thumb Code    12  stm32f4xx_hal.o(i.HAL_IncTick)
    HAL_Init                                 0x0800104d   Thumb Code    48  stm32f4xx_hal.o(i.HAL_Init)
    HAL_InitTick                             0x08001081   Thumb Code    54  stm32f4xx_hal.o(i.HAL_InitTick)
    HAL_MspInit                              0x080010c1   Thumb Code    42  stm32f4xx_hal_msp.o(i.HAL_MspInit)
    HAL_NVIC_EnableIRQ                       0x080010f1   Thumb Code    26  stm32f4xx_hal_cortex.o(i.HAL_NVIC_EnableIRQ)
    HAL_NVIC_SetPriority                     0x0800110d   Thumb Code    60  stm32f4xx_hal_cortex.o(i.HAL_NVIC_SetPriority)
    HAL_NVIC_SetPriorityGrouping             0x0800114d   Thumb Code    26  stm32f4xx_hal_cortex.o(i.HAL_NVIC_SetPriorityGrouping)
    HAL_PCDEx_LPM_Callback                   0x08001171   Thumb Code     2  stm32f4xx_hal_pcd_ex.o(i.HAL_PCDEx_LPM_Callback)
    HAL_PCDEx_SetRxFiFo                      0x08001173   Thumb Code     8  stm32f4xx_hal_pcd_ex.o(i.HAL_PCDEx_SetRxFiFo)
    HAL_PCDEx_SetTxFiFo                      0x0800117b   Thumb Code    68  stm32f4xx_hal_pcd_ex.o(i.HAL_PCDEx_SetTxFiFo)
    HAL_PCD_ConnectCallback                  0x080011bf   Thumb Code     8  usbd_conf.o(i.HAL_PCD_ConnectCallback)
    HAL_PCD_DataInStageCallback              0x080011c7   Thumb Code    18  usbd_conf.o(i.HAL_PCD_DataInStageCallback)
    HAL_PCD_DataOutStageCallback             0x080011d9   Thumb Code    20  usbd_conf.o(i.HAL_PCD_DataOutStageCallback)
    HAL_PCD_DisconnectCallback               0x080011ed   Thumb Code     8  usbd_conf.o(i.HAL_PCD_DisconnectCallback)
    HAL_PCD_EP_Close                         0x080011f5   Thumb Code    76  stm32f4xx_hal_pcd.o(i.HAL_PCD_EP_Close)
    HAL_PCD_EP_ClrStall                      0x08001241   Thumb Code    92  stm32f4xx_hal_pcd.o(i.HAL_PCD_EP_ClrStall)
    HAL_PCD_EP_GetRxCount                    0x0800129d   Thumb Code    18  stm32f4xx_hal_pcd.o(i.HAL_PCD_EP_GetRxCount)
    HAL_PCD_EP_Open                          0x080012af   Thumb Code    96  stm32f4xx_hal_pcd.o(i.HAL_PCD_EP_Open)
    HAL_PCD_EP_Receive                       0x0800130f   Thumb Code    72  stm32f4xx_hal_pcd.o(i.HAL_PCD_EP_Receive)
    HAL_PCD_EP_SetStall                      0x08001357   Thumb Code   116  stm32f4xx_hal_pcd.o(i.HAL_PCD_EP_SetStall)
    HAL_PCD_EP_Transmit                      0x080013cb   Thumb Code    64  stm32f4xx_hal_pcd.o(i.HAL_PCD_EP_Transmit)
    HAL_PCD_IRQHandler                       0x0800140d   Thumb Code  1070  stm32f4xx_hal_pcd.o(i.HAL_PCD_IRQHandler)
    HAL_PCD_ISOINIncompleteCallback          0x08001841   Thumb Code     8  usbd_conf.o(i.HAL_PCD_ISOINIncompleteCallback)
    HAL_PCD_ISOOUTIncompleteCallback         0x08001849   Thumb Code     8  usbd_conf.o(i.HAL_PCD_ISOOUTIncompleteCallback)
    HAL_PCD_Init                             0x08001851   Thumb Code   226  stm32f4xx_hal_pcd.o(i.HAL_PCD_Init)
    HAL_PCD_MspInit                          0x08001935   Thumb Code   122  usbd_conf.o(i.HAL_PCD_MspInit)
    HAL_PCD_ResetCallback                    0x080019b9   Thumb Code    44  usbd_conf.o(i.HAL_PCD_ResetCallback)
    HAL_PCD_ResumeCallback                   0x080019e5   Thumb Code     8  usbd_conf.o(i.HAL_PCD_ResumeCallback)
    HAL_PCD_SOFCallback                      0x080019ed   Thumb Code     8  usbd_conf.o(i.HAL_PCD_SOFCallback)
    HAL_PCD_SetAddress                       0x080019f5   Thumb Code    40  stm32f4xx_hal_pcd.o(i.HAL_PCD_SetAddress)
    HAL_PCD_SetupStageCallback               0x08001a1d   Thumb Code    14  usbd_conf.o(i.HAL_PCD_SetupStageCallback)
    HAL_PCD_Start                            0x08001a2b   Thumb Code    66  stm32f4xx_hal_pcd.o(i.HAL_PCD_Start)
    HAL_PCD_SuspendCallback                  0x08001a6d   Thumb Code    44  usbd_conf.o(i.HAL_PCD_SuspendCallback)
    HAL_RCC_ClockConfig                      0x08001a9d   Thumb Code   288  stm32f4xx_hal_rcc.o(i.HAL_RCC_ClockConfig)
    HAL_RCC_GetHCLKFreq                      0x08001bd1   Thumb Code     6  stm32f4xx_hal_rcc.o(i.HAL_RCC_GetHCLKFreq)
    HAL_RCC_GetPCLK1Freq                     0x08001bdd   Thumb Code    20  stm32f4xx_hal_rcc.o(i.HAL_RCC_GetPCLK1Freq)
    HAL_RCC_GetSysClockFreq                  0x08001bfd   Thumb Code    88  stm32f4xx_hal_rcc.o(i.HAL_RCC_GetSysClockFreq)
    HAL_RCC_OscConfig                        0x08001c5d   Thumb Code   856  stm32f4xx_hal_rcc.o(i.HAL_RCC_OscConfig)
    HAL_SYSTICK_Config                       0x08001fc9   Thumb Code    40  stm32f4xx_hal_cortex.o(i.HAL_SYSTICK_Config)
    HardFault_Handler                        0x08001ff1   Thumb Code     2  stm32f4xx_it.o(i.HardFault_Handler)
    Kalman_getAngle                          0x080023f9   Thumb Code   470  mpu6050.o(i.Kalman_getAngle)
    MPU6050_Init                             0x080025cf   Thumb Code   146  mpu6050.o(i.MPU6050_Init)
    MPU6050_Read_All                         0x08002661   Thumb Code   630  mpu6050.o(i.MPU6050_Read_All)
    MX_GPIO_Init                             0x08002925   Thumb Code    54  gpio.o(i.MX_GPIO_Init)
    MX_I2C1_Init                             0x08002961   Thumb Code    50  i2c.o(i.MX_I2C1_Init)
    MX_USB_DEVICE_Init                       0x080029a1   Thumb Code    66  usb_device.o(i.MX_USB_DEVICE_Init)
    MemManage_Handler                        0x080029f5   Thumb Code     2  stm32f4xx_it.o(i.MemManage_Handler)
    NMI_Handler                              0x080029f7   Thumb Code     2  stm32f4xx_it.o(i.NMI_Handler)
    OTG_FS_IRQHandler                        0x080029f9   Thumb Code     6  stm32f4xx_it.o(i.OTG_FS_IRQHandler)
    PendSV_Handler                           0x08002b73   Thumb Code     2  stm32f4xx_it.o(i.PendSV_Handler)
    SVC_Handler                              0x08002b75   Thumb Code     2  stm32f4xx_it.o(i.SVC_Handler)
    SysTick_Handler                          0x08002b81   Thumb Code     4  stm32f4xx_it.o(i.SysTick_Handler)
    SystemClock_Config                       0x08002b85   Thumb Code   136  main.o(i.SystemClock_Config)
    SystemInit                               0x08002c15   Thumb Code    12  system_stm32f4xx.o(i.SystemInit)
    USBD_CDC_GetDeviceQualifierDescriptor    0x08002d29   Thumb Code     8  usbd_cdc.o(i.USBD_CDC_GetDeviceQualifierDescriptor)
    USBD_CDC_ReceivePacket                   0x08002dfb   Thumb Code    40  usbd_cdc.o(i.USBD_CDC_ReceivePacket)
    USBD_CDC_RegisterInterface               0x08002e23   Thumb Code    14  usbd_cdc.o(i.USBD_CDC_RegisterInterface)
    USBD_CDC_SetRxBuffer                     0x08002e31   Thumb Code    18  usbd_cdc.o(i.USBD_CDC_SetRxBuffer)
    USBD_CDC_SetTxBuffer                     0x08002e43   Thumb Code    22  usbd_cdc.o(i.USBD_CDC_SetTxBuffer)
    USBD_CDC_TransmitPacket                  0x08002f17   Thumb Code    54  usbd_cdc.o(i.USBD_CDC_TransmitPacket)
    USBD_ClrClassConfig                      0x08002f4d   Thumb Code    16  usbd_core.o(i.USBD_ClrClassConfig)
    USBD_CtlContinueRx                       0x08002f5d   Thumb Code    16  usbd_ioreq.o(i.USBD_CtlContinueRx)
    USBD_CtlContinueSendData                 0x08002f6d   Thumb Code    16  usbd_ioreq.o(i.USBD_CtlContinueSendData)
    USBD_CtlError                            0x08002f7d   Thumb Code    22  usbd_ctlreq.o(i.USBD_CtlError)
    USBD_CtlPrepareRx                        0x08002f93   Thumb Code    30  usbd_ioreq.o(i.USBD_CtlPrepareRx)
    USBD_CtlReceiveStatus                    0x08002fb1   Thumb Code    22  usbd_ioreq.o(i.USBD_CtlReceiveStatus)
    USBD_CtlSendData                         0x08002fc7   Thumb Code    26  usbd_ioreq.o(i.USBD_CtlSendData)
    USBD_CtlSendStatus                       0x08002fe1   Thumb Code    22  usbd_ioreq.o(i.USBD_CtlSendStatus)
    USBD_FS_ConfigStrDescriptor              0x08002ff9   Thumb Code    16  usbd_desc.o(i.USBD_FS_ConfigStrDescriptor)
    USBD_FS_DeviceDescriptor                 0x08003019   Thumb Code     8  usbd_desc.o(i.USBD_FS_DeviceDescriptor)
    USBD_FS_InterfaceStrDescriptor           0x08003025   Thumb Code    16  usbd_desc.o(i.USBD_FS_InterfaceStrDescriptor)
    USBD_FS_LangIDStrDescriptor              0x08003049   Thumb Code     8  usbd_desc.o(i.USBD_FS_LangIDStrDescriptor)
    USBD_FS_ManufacturerStrDescriptor        0x08003055   Thumb Code    16  usbd_desc.o(i.USBD_FS_ManufacturerStrDescriptor)
    USBD_FS_ProductStrDescriptor             0x0800307d   Thumb Code    16  usbd_desc.o(i.USBD_FS_ProductStrDescriptor)
    USBD_FS_SerialStrDescriptor              0x080030a9   Thumb Code    48  usbd_desc.o(i.USBD_FS_SerialStrDescriptor)
    USBD_GetString                           0x080031c7   Thumb Code    72  usbd_ctlreq.o(i.USBD_GetString)
    USBD_Get_USB_Status                      0x0800320f   Thumb Code    24  usbd_conf.o(i.USBD_Get_USB_Status)
    USBD_Init                                0x08003227   Thumb Code    38  usbd_core.o(i.USBD_Init)
    USBD_LL_ClearStallEP                     0x0800324d   Thumb Code    18  usbd_conf.o(i.USBD_LL_ClearStallEP)
    USBD_LL_CloseEP                          0x0800325f   Thumb Code    18  usbd_conf.o(i.USBD_LL_CloseEP)
    USBD_LL_DataInStage                      0x08003271   Thumb Code   168  usbd_core.o(i.USBD_LL_DataInStage)
    USBD_LL_DataOutStage                     0x08003319   Thumb Code   108  usbd_core.o(i.USBD_LL_DataOutStage)
    USBD_LL_DevConnected                     0x08003385   Thumb Code     4  usbd_core.o(i.USBD_LL_DevConnected)
    USBD_LL_DevDisconnected                  0x08003389   Thumb Code    24  usbd_core.o(i.USBD_LL_DevDisconnected)
    USBD_LL_GetRxDataSize                    0x080033a1   Thumb Code     8  usbd_conf.o(i.USBD_LL_GetRxDataSize)
    USBD_LL_Init                             0x080033a9   Thumb Code    90  usbd_conf.o(i.USBD_LL_Init)
    USBD_LL_IsStallEP                        0x08003409   Thumb Code    32  usbd_conf.o(i.USBD_LL_IsStallEP)
    USBD_LL_IsoINIncomplete                  0x08003429   Thumb Code    32  usbd_core.o(i.USBD_LL_IsoINIncomplete)
    USBD_LL_IsoOUTIncomplete                 0x08003449   Thumb Code    32  usbd_core.o(i.USBD_LL_IsoOUTIncomplete)
    USBD_LL_OpenEP                           0x08003469   Thumb Code    24  usbd_conf.o(i.USBD_LL_OpenEP)
    USBD_LL_PrepareReceive                   0x08003481   Thumb Code    18  usbd_conf.o(i.USBD_LL_PrepareReceive)
    USBD_LL_Reset                            0x08003493   Thumb Code    90  usbd_core.o(i.USBD_LL_Reset)
    USBD_LL_Resume                           0x080034ed   Thumb Code    20  usbd_core.o(i.USBD_LL_Resume)
    USBD_LL_SOF                              0x08003501   Thumb Code    32  usbd_core.o(i.USBD_LL_SOF)
    USBD_LL_SetSpeed                         0x08003521   Thumb Code     6  usbd_core.o(i.USBD_LL_SetSpeed)
    USBD_LL_SetUSBAddress                    0x08003527   Thumb Code    18  usbd_conf.o(i.USBD_LL_SetUSBAddress)
    USBD_LL_SetupStage                       0x08003539   Thumb Code    96  usbd_core.o(i.USBD_LL_SetupStage)
    USBD_LL_StallEP                          0x08003599   Thumb Code    18  usbd_conf.o(i.USBD_LL_StallEP)
    USBD_LL_Start                            0x080035ab   Thumb Code    18  usbd_conf.o(i.USBD_LL_Start)
    USBD_LL_Suspend                          0x080035bd   Thumb Code    18  usbd_core.o(i.USBD_LL_Suspend)
    USBD_LL_Transmit                         0x080035cf   Thumb Code    18  usbd_conf.o(i.USBD_LL_Transmit)
    USBD_ParseSetupRequest                   0x080035e1   Thumb Code    44  usbd_ctlreq.o(i.USBD_ParseSetupRequest)
    USBD_RegisterClass                       0x0800360d   Thumb Code    36  usbd_core.o(i.USBD_RegisterClass)
    USBD_SetClassConfig                      0x08003631   Thumb Code    20  usbd_core.o(i.USBD_SetClassConfig)
    USBD_Start                               0x08003701   Thumb Code     4  usbd_core.o(i.USBD_Start)
    USBD_StdDevReq                           0x08003705   Thumb Code   276  usbd_ctlreq.o(i.USBD_StdDevReq)
    USBD_StdEPReq                            0x08003819   Thumb Code   320  usbd_ctlreq.o(i.USBD_StdEPReq)
    USBD_StdItfReq                           0x08003959   Thumb Code    82  usbd_ctlreq.o(i.USBD_StdItfReq)
    USBD_static_free                         0x080039ab   Thumb Code     2  usbd_conf.o(i.USBD_static_free)
    USBD_static_malloc                       0x080039ad   Thumb Code     4  usbd_conf.o(i.USBD_static_malloc)
    USB_ActivateEndpoint                     0x080039b5   Thumb Code   122  stm32f4xx_ll_usb.o(i.USB_ActivateEndpoint)
    USB_ActivateSetup                        0x08003a35   Thumb Code    28  stm32f4xx_ll_usb.o(i.USB_ActivateSetup)
    USB_CoreInit                             0x08003a51   Thumb Code   112  stm32f4xx_ll_usb.o(i.USB_CoreInit)
    USB_DeactivateEndpoint                   0x08003afd   Thumb Code   194  stm32f4xx_ll_usb.o(i.USB_DeactivateEndpoint)
    USB_DevConnect                           0x08003bc9   Thumb Code    28  stm32f4xx_ll_usb.o(i.USB_DevConnect)
    USB_DevDisconnect                        0x08003be5   Thumb Code    28  stm32f4xx_ll_usb.o(i.USB_DevDisconnect)
    USB_DevInit                              0x08003c01   Thumb Code   362  stm32f4xx_ll_usb.o(i.USB_DevInit)
    USB_DisableGlobalInt                     0x08003d75   Thumb Code    12  stm32f4xx_ll_usb.o(i.USB_DisableGlobalInt)
    USB_EP0StartXfer                         0x08003d81   Thumb Code   276  stm32f4xx_ll_usb.o(i.USB_EP0StartXfer)
    USB_EP0_OutStart                         0x08003e99   Thumb Code    84  stm32f4xx_ll_usb.o(i.USB_EP0_OutStart)
    USB_EPClearStall                         0x08003ef1   Thumb Code    88  stm32f4xx_ll_usb.o(i.USB_EPClearStall)
    USB_EPSetStall                           0x08003f49   Thumb Code    88  stm32f4xx_ll_usb.o(i.USB_EPSetStall)
    USB_EPStartXfer                          0x08003fa1   Thumb Code   482  stm32f4xx_ll_usb.o(i.USB_EPStartXfer)
    USB_EnableGlobalInt                      0x08004189   Thumb Code    12  stm32f4xx_ll_usb.o(i.USB_EnableGlobalInt)
    USB_FlushRxFifo                          0x08004195   Thumb Code    28  stm32f4xx_ll_usb.o(i.USB_FlushRxFifo)
    USB_FlushTxFifo                          0x080041b5   Thumb Code    32  stm32f4xx_ll_usb.o(i.USB_FlushTxFifo)
    USB_GetDevSpeed                          0x080041d9   Thumb Code    26  stm32f4xx_ll_usb.o(i.USB_GetDevSpeed)
    USB_GetMode                              0x080041f3   Thumb Code     8  stm32f4xx_ll_usb.o(i.USB_GetMode)
    USB_ReadDevAllInEpInterrupt              0x080041fb   Thumb Code    14  stm32f4xx_ll_usb.o(i.USB_ReadDevAllInEpInterrupt)
    USB_ReadDevAllOutEpInterrupt             0x08004209   Thumb Code    14  stm32f4xx_ll_usb.o(i.USB_ReadDevAllOutEpInterrupt)
    USB_ReadDevInEPInterrupt                 0x08004217   Thumb Code    36  stm32f4xx_ll_usb.o(i.USB_ReadDevInEPInterrupt)
    USB_ReadDevOutEPInterrupt                0x0800423b   Thumb Code    16  stm32f4xx_ll_usb.o(i.USB_ReadDevOutEPInterrupt)
    USB_ReadInterrupts                       0x0800424b   Thumb Code     8  stm32f4xx_ll_usb.o(i.USB_ReadInterrupts)
    USB_ReadPacket                           0x08004253   Thumb Code    28  stm32f4xx_ll_usb.o(i.USB_ReadPacket)
    USB_SetCurrentMode                       0x0800426f   Thumb Code    46  stm32f4xx_ll_usb.o(i.USB_SetCurrentMode)
    USB_SetDevAddress                        0x0800429d   Thumb Code    34  stm32f4xx_ll_usb.o(i.USB_SetDevAddress)
    USB_SetTurnaroundTime                    0x080042c1   Thumb Code   158  stm32f4xx_ll_usb.o(i.USB_SetTurnaroundTime)
    USB_WritePacket                          0x080043a9   Thumb Code    36  stm32f4xx_ll_usb.o(i.USB_WritePacket)
    UsageFault_Handler                       0x080043cd   Thumb Code     2  stm32f4xx_it.o(i.UsageFault_Handler)
    __0sprintf$1                             0x080043d1   Thumb Code    34  printf1.o(i.__0sprintf$1)
    __1sprintf$1                             0x080043d1   Thumb Code     0  printf1.o(i.__0sprintf$1)
    __2sprintf                               0x080043d1   Thumb Code     0  printf1.o(i.__0sprintf$1)
    __ARM_fpclassify                         0x080043f9   Thumb Code    48  fpclassify.o(i.__ARM_fpclassify)
    __hardfp_atan                            0x08004449   Thumb Code   622  atan.o(i.__hardfp_atan)
    __hardfp_atan2                           0x08004721   Thumb Code   432  atan2.o(i.__hardfp_atan2)
    __hardfp_fabs                            0x08004911   Thumb Code    20  fabs.o(i.__hardfp_fabs)
    __hardfp_sqrt                            0x08004925   Thumb Code   122  sqrt.o(i.__hardfp_sqrt)
    __kernel_poly                            0x0800499f   Thumb Code   248  poly.o(i.__kernel_poly)
    __mathlib_dbl_infnan                     0x08004a97   Thumb Code    20  dunder.o(i.__mathlib_dbl_infnan)
    __mathlib_dbl_infnan2                    0x08004aab   Thumb Code    20  dunder.o(i.__mathlib_dbl_infnan2)
    __mathlib_dbl_underflow                  0x08004ac1   Thumb Code    24  dunder.o(i.__mathlib_dbl_underflow)
    __scatterload_copy                       0x08004ae1   Thumb Code    14  handlers.o(i.__scatterload_copy)
    __scatterload_null                       0x08004aef   Thumb Code     2  handlers.o(i.__scatterload_null)
    __scatterload_zeroinit                   0x08004af1   Thumb Code    14  handlers.o(i.__scatterload_zeroinit)
    __set_errno                              0x08004b01   Thumb Code     6  errno.o(i.__set_errno)
    atan                                     0x08004c6b   Thumb Code    16  atan.o(i.atan)
    fabs                                     0x08004c7b   Thumb Code    24  fabs.o(i.fabs)
    main                                     0x08004c95   Thumb Code   144  main.o(i.main)
    AHBPrescTable                            0x08004d78   Data          16  system_stm32f4xx.o(.constdata)
    APBPrescTable                            0x08004d88   Data           8  system_stm32f4xx.o(.constdata)
    __mathlib_zero                           0x08004e28   Data           8  qnan.o(.constdata)
    Region$$Table$$Base                      0x08004e30   Number         0  anon$$obj.o(Region$$Table)
    Region$$Table$$Limit                     0x08004e50   Number         0  anon$$obj.o(Region$$Table)
    timer                                    0x20000000   Data           4  mpu6050.o(.data)
    KalmanX                                  0x20000008   Data          72  mpu6050.o(.data)
    KalmanY                                  0x20000050   Data          72  mpu6050.o(.data)
    FS_Desc                                  0x20000098   Data          28  usbd_desc.o(.data)
    USBD_LangIDDesc                          0x200000b4   Data           4  usbd_desc.o(.data)
    USBD_FS_DeviceDesc                       0x200000b8   Data          18  usbd_desc.o(.data)
    USBD_StringSerial                        0x200000cc   Data          26  usbd_desc.o(.data)
    USBD_Interface_fops_FS                   0x200000e8   Data          20  usbd_cdc_if.o(.data)
    uwTickFreq                               0x200000fc   Data           1  stm32f4xx_hal.o(.data)
    uwTickPrio                               0x20000100   Data           4  stm32f4xx_hal.o(.data)
    uwTick                                   0x20000104   Data           4  stm32f4xx_hal.o(.data)
    SystemCoreClock                          0x20000108   Data           4  system_stm32f4xx.o(.data)
    USBD_CDC                                 0x200001e8   Data          56  usbd_cdc.o(.data)
    MPU6050                                  0x20000228   Data          88  main.o(.bss)
    hi2c1                                    0x20000280   Data          84  i2c.o(.bss)
    hUsbDeviceFS                             0x200002d4   Data         720  usb_device.o(.bss)
    USBD_StrDesc                             0x200005a4   Data         512  usbd_desc.o(.bss)
    UserRxBufferFS                           0x200007a4   Data        2048  usbd_cdc_if.o(.bss)
    UserTxBufferFS                           0x20000fa4   Data        2048  usbd_cdc_if.o(.bss)
    hpcd_USB_OTG_FS                          0x200019c4   Data        1032  usbd_conf.o(.bss)
    __initial_sp                             0x20005dd0   Data           0  startup_stm32f407xx.o(STACK)



==============================================================================

Memory Map of the image

  Image Entry point : 0x08000189

  Load Region LR_IROM1 (Base: 0x08000000, Size: 0x00005074, Max: 0x00100000, ABSOLUTE, COMPRESSED[0x00004f2c])

    Execution Region ER_IROM1 (Exec base: 0x08000000, Load base: 0x08000000, Size: 0x00004e50, Max: 0x00100000, ABSOLUTE)

    Exec Addr    Load Addr    Size         Type   Attr      Idx    E Section Name        Object

    0x08000000   0x08000000   0x00000188   Data   RO            3    RESET               startup_stm32f407xx.o
    0x08000188   0x08000188   0x00000000   Code   RO         3453  * .ARM.Collect$$$$00000000  mc_w.l(entry.o)
    0x08000188   0x08000188   0x00000004   Code   RO         3762    .ARM.Collect$$$$00000001  mc_w.l(entry2.o)
    0x0800018c   0x0800018c   0x00000004   Code   RO         3765    .ARM.Collect$$$$00000004  mc_w.l(entry5.o)
    0x08000190   0x08000190   0x00000000   Code   RO         3767    .ARM.Collect$$$$00000008  mc_w.l(entry7b.o)
    0x08000190   0x08000190   0x00000000   Code   RO         3769    .ARM.Collect$$$$0000000A  mc_w.l(entry8b.o)
    0x08000190   0x08000190   0x00000008   Code   RO         3770    .ARM.Collect$$$$0000000B  mc_w.l(entry9a.o)
    0x08000198   0x08000198   0x00000000   Code   RO         3772    .ARM.Collect$$$$0000000D  mc_w.l(entry10a.o)
    0x08000198   0x08000198   0x00000000   Code   RO         3774    .ARM.Collect$$$$0000000F  mc_w.l(entry11a.o)
    0x08000198   0x08000198   0x00000004   Code   RO         3763    .ARM.Collect$$$$00002712  mc_w.l(entry2.o)
    0x0800019c   0x0800019c   0x00000024   Code   RO            4    .text               startup_stm32f407xx.o
    0x080001c0   0x080001c0   0x00000062   Code   RO         3456    .text               mc_w.l(uldiv.o)
    0x08000222   0x08000222   0x00000024   Code   RO         3458    .text               mc_w.l(memcpya.o)
    0x08000246   0x08000246   0x00000024   Code   RO         3460    .text               mc_w.l(memseta.o)
    0x0800026a   0x0800026a   0x0000000e   Code   RO         3462    .text               mc_w.l(strlen.o)
    0x08000278   0x08000278   0x0000014e   Code   RO         3727    .text               mf_w.l(dadd.o)
    0x080003c6   0x080003c6   0x000000e4   Code   RO         3729    .text               mf_w.l(dmul.o)
    0x080004aa   0x080004aa   0x000000de   Code   RO         3731    .text               mf_w.l(ddiv.o)
    0x08000588   0x08000588   0x00000022   Code   RO         3735    .text               mf_w.l(dflti.o)
    0x080005aa   0x080005aa   0x0000001a   Code   RO         3737    .text               mf_w.l(dfltui.o)
    0x080005c4   0x080005c4   0x00000030   Code   RO         3739    .text               mf_w.l(cdcmple.o)
    0x080005f4   0x080005f4   0x00000030   Code   RO         3741    .text               mf_w.l(cdrcmple.o)
    0x08000624   0x08000624   0x0000002c   Code   RO         3779    .text               mc_w.l(uidiv.o)
    0x08000650   0x08000650   0x0000001e   Code   RO         3781    .text               mc_w.l(llshl.o)
    0x0800066e   0x0800066e   0x00000020   Code   RO         3783    .text               mc_w.l(llushr.o)
    0x0800068e   0x0800068e   0x00000024   Code   RO         3785    .text               mc_w.l(llsshr.o)
    0x080006b2   0x080006b2   0x00000000   Code   RO         3794    .text               mc_w.l(iusefp.o)
    0x080006b2   0x080006b2   0x000000ba   Code   RO         3795    .text               mf_w.l(depilogue.o)
    0x0800076c   0x0800076c   0x000000a2   Code   RO         3797    .text               mf_w.l(dsqrt.o)
    0x0800080e   0x0800080e   0x00000002   PAD
    0x08000810   0x08000810   0x00000024   Code   RO         3801    .text               mc_w.l(init.o)
    0x08000834   0x08000834   0x00000056   Code   RO         3813    .text               mc_w.l(__dczerorl2.o)
    0x0800088a   0x0800088a   0x00000002   Code   RO          331    i.BusFault_Handler  stm32f4xx_it.o
    0x0800088c   0x0800088c   0x00000004   Code   RO          554    i.CDC_Control_FS    usbd_cdc_if.o
    0x08000890   0x08000890   0x00000004   Code   RO          555    i.CDC_DeInit_FS     usbd_cdc_if.o
    0x08000894   0x08000894   0x00000024   Code   RO          556    i.CDC_Init_FS       usbd_cdc_if.o
    0x080008b8   0x080008b8   0x00000018   Code   RO          557    i.CDC_Receive_FS    usbd_cdc_if.o
    0x080008d0   0x080008d0   0x00000004   Code   RO          558    i.CDC_TransmitCplt_FS  usbd_cdc_if.o
    0x080008d4   0x080008d4   0x0000002c   Code   RO          559    i.CDC_Transmit_FS   usbd_cdc_if.o
    0x08000900   0x08000900   0x00000002   Code   RO          332    i.DebugMon_Handler  stm32f4xx_it.o
    0x08000902   0x08000902   0x00000004   Code   RO          186    i.Error_Handler     main.o
    0x08000906   0x08000906   0x00000002   PAD
    0x08000908   0x08000908   0x00000024   Code   RO         2265    i.HAL_Delay         stm32f4xx_hal.o
    0x0800092c   0x0800092c   0x000001ec   Code   RO         1739    i.HAL_GPIO_Init     stm32f4xx_hal_gpio.o
    0x08000b18   0x08000b18   0x0000000c   Code   RO         2271    i.HAL_GetTick       stm32f4xx_hal.o
    0x08000b24   0x08000b24   0x00000188   Code   RO         2527    i.HAL_I2C_Init      stm32f4xx_hal_i2c.o
    0x08000cac   0x08000cac   0x000001f8   Code   RO         2545    i.HAL_I2C_Mem_Read  stm32f4xx_hal_i2c.o
    0x08000ea4   0x08000ea4   0x00000130   Code   RO         2548    i.HAL_I2C_Mem_Write  stm32f4xx_hal_i2c.o
    0x08000fd4   0x08000fd4   0x00000068   Code   RO          290    i.HAL_I2C_MspInit   i2c.o
    0x0800103c   0x0800103c   0x00000010   Code   RO         2277    i.HAL_IncTick       stm32f4xx_hal.o
    0x0800104c   0x0800104c   0x00000034   Code   RO         2278    i.HAL_Init          stm32f4xx_hal.o
    0x08001080   0x08001080   0x00000040   Code   RO         2279    i.HAL_InitTick      stm32f4xx_hal.o
    0x080010c0   0x080010c0   0x00000030   Code   RO          413    i.HAL_MspInit       stm32f4xx_hal_msp.o
    0x080010f0   0x080010f0   0x0000001a   Code   RO         2128    i.HAL_NVIC_EnableIRQ  stm32f4xx_hal_cortex.o
    0x0800110a   0x0800110a   0x00000002   PAD
    0x0800110c   0x0800110c   0x00000040   Code   RO         2134    i.HAL_NVIC_SetPriority  stm32f4xx_hal_cortex.o
    0x0800114c   0x0800114c   0x00000024   Code   RO         2135    i.HAL_NVIC_SetPriorityGrouping  stm32f4xx_hal_cortex.o
    0x08001170   0x08001170   0x00000002   Code   RO         1045    i.HAL_PCDEx_LPM_Callback  stm32f4xx_hal_pcd_ex.o
    0x08001172   0x08001172   0x00000008   Code   RO         1046    i.HAL_PCDEx_SetRxFiFo  stm32f4xx_hal_pcd_ex.o
    0x0800117a   0x0800117a   0x00000044   Code   RO         1047    i.HAL_PCDEx_SetTxFiFo  stm32f4xx_hal_pcd_ex.o
    0x080011be   0x080011be   0x00000008   Code   RO          611    i.HAL_PCD_ConnectCallback  usbd_conf.o
    0x080011c6   0x080011c6   0x00000012   Code   RO          612    i.HAL_PCD_DataInStageCallback  usbd_conf.o
    0x080011d8   0x080011d8   0x00000014   Code   RO          613    i.HAL_PCD_DataOutStageCallback  usbd_conf.o
    0x080011ec   0x080011ec   0x00000008   Code   RO          614    i.HAL_PCD_DisconnectCallback  usbd_conf.o
    0x080011f4   0x080011f4   0x0000004c   Code   RO          827    i.HAL_PCD_EP_Close  stm32f4xx_hal_pcd.o
    0x08001240   0x08001240   0x0000005c   Code   RO          828    i.HAL_PCD_EP_ClrStall  stm32f4xx_hal_pcd.o
    0x0800129c   0x0800129c   0x00000012   Code   RO          830    i.HAL_PCD_EP_GetRxCount  stm32f4xx_hal_pcd.o
    0x080012ae   0x080012ae   0x00000060   Code   RO          831    i.HAL_PCD_EP_Open   stm32f4xx_hal_pcd.o
    0x0800130e   0x0800130e   0x00000048   Code   RO          832    i.HAL_PCD_EP_Receive  stm32f4xx_hal_pcd.o
    0x08001356   0x08001356   0x00000074   Code   RO          833    i.HAL_PCD_EP_SetStall  stm32f4xx_hal_pcd.o
    0x080013ca   0x080013ca   0x00000040   Code   RO          834    i.HAL_PCD_EP_Transmit  stm32f4xx_hal_pcd.o
    0x0800140a   0x0800140a   0x00000002   PAD
    0x0800140c   0x0800140c   0x00000434   Code   RO          836    i.HAL_PCD_IRQHandler  stm32f4xx_hal_pcd.o
    0x08001840   0x08001840   0x00000008   Code   RO          615    i.HAL_PCD_ISOINIncompleteCallback  usbd_conf.o
    0x08001848   0x08001848   0x00000008   Code   RO          616    i.HAL_PCD_ISOOUTIncompleteCallback  usbd_conf.o
    0x08001850   0x08001850   0x000000e2   Code   RO          839    i.HAL_PCD_Init      stm32f4xx_hal_pcd.o
    0x08001932   0x08001932   0x00000002   PAD
    0x08001934   0x08001934   0x00000084   Code   RO          618    i.HAL_PCD_MspInit   usbd_conf.o
    0x080019b8   0x080019b8   0x0000002c   Code   RO          619    i.HAL_PCD_ResetCallback  usbd_conf.o
    0x080019e4   0x080019e4   0x00000008   Code   RO          620    i.HAL_PCD_ResumeCallback  usbd_conf.o
    0x080019ec   0x080019ec   0x00000008   Code   RO          621    i.HAL_PCD_SOFCallback  usbd_conf.o
    0x080019f4   0x080019f4   0x00000028   Code   RO          845    i.HAL_PCD_SetAddress  stm32f4xx_hal_pcd.o
    0x08001a1c   0x08001a1c   0x0000000e   Code   RO          622    i.HAL_PCD_SetupStageCallback  usbd_conf.o
    0x08001a2a   0x08001a2a   0x00000042   Code   RO          847    i.HAL_PCD_Start     stm32f4xx_hal_pcd.o
    0x08001a6c   0x08001a6c   0x00000030   Code   RO          623    i.HAL_PCD_SuspendCallback  usbd_conf.o
    0x08001a9c   0x08001a9c   0x00000134   Code   RO         1385    i.HAL_RCC_ClockConfig  stm32f4xx_hal_rcc.o
    0x08001bd0   0x08001bd0   0x0000000c   Code   RO         1390    i.HAL_RCC_GetHCLKFreq  stm32f4xx_hal_rcc.o
    0x08001bdc   0x08001bdc   0x00000020   Code   RO         1392    i.HAL_RCC_GetPCLK1Freq  stm32f4xx_hal_rcc.o
    0x08001bfc   0x08001bfc   0x00000060   Code   RO         1394    i.HAL_RCC_GetSysClockFreq  stm32f4xx_hal_rcc.o
    0x08001c5c   0x08001c5c   0x0000036c   Code   RO         1397    i.HAL_RCC_OscConfig  stm32f4xx_hal_rcc.o
    0x08001fc8   0x08001fc8   0x00000028   Code   RO         2139    i.HAL_SYSTICK_Config  stm32f4xx_hal_cortex.o
    0x08001ff0   0x08001ff0   0x00000002   Code   RO          333    i.HardFault_Handler  stm32f4xx_it.o
    0x08001ff2   0x08001ff2   0x0000002e   Code   RO         2569    i.I2C_IsAcknowledgeFailed  stm32f4xx_hal_i2c.o
    0x08002020   0x08002020   0x000000fc   Code   RO         2579    i.I2C_RequestMemoryRead  stm32f4xx_hal_i2c.o
    0x0800211c   0x0800211c   0x000000a8   Code   RO         2580    i.I2C_RequestMemoryWrite  stm32f4xx_hal_i2c.o
    0x080021c4   0x080021c4   0x0000004c   Code   RO         2583    i.I2C_WaitOnBTFFlagUntilTimeout  stm32f4xx_hal_i2c.o
    0x08002210   0x08002210   0x00000068   Code   RO         2584    i.I2C_WaitOnFlagUntilTimeout  stm32f4xx_hal_i2c.o
    0x08002278   0x08002278   0x00000096   Code   RO         2585    i.I2C_WaitOnMasterAddressFlagUntilTimeout  stm32f4xx_hal_i2c.o
    0x0800230e   0x0800230e   0x00000066   Code   RO         2586    i.I2C_WaitOnRXNEFlagUntilTimeout  stm32f4xx_hal_i2c.o
    0x08002374   0x08002374   0x0000004c   Code   RO         2587    i.I2C_WaitOnTXEFlagUntilTimeout  stm32f4xx_hal_i2c.o
    0x080023c0   0x080023c0   0x00000038   Code   RO          468    i.IntToUnicode      usbd_desc.o
    0x080023f8   0x080023f8   0x000001d6   Code   RO           13    i.Kalman_getAngle   mpu6050.o
    0x080025ce   0x080025ce   0x00000092   Code   RO           14    i.MPU6050_Init      mpu6050.o
    0x08002660   0x08002660   0x000002c4   Code   RO           16    i.MPU6050_Read_All  mpu6050.o
    0x08002924   0x08002924   0x0000003c   Code   RO          265    i.MX_GPIO_Init      gpio.o
    0x08002960   0x08002960   0x00000040   Code   RO          291    i.MX_I2C1_Init      i2c.o
    0x080029a0   0x080029a0   0x00000054   Code   RO          437    i.MX_USB_DEVICE_Init  usb_device.o
    0x080029f4   0x080029f4   0x00000002   Code   RO          334    i.MemManage_Handler  stm32f4xx_it.o
    0x080029f6   0x080029f6   0x00000002   Code   RO          335    i.NMI_Handler       stm32f4xx_it.o
    0x080029f8   0x080029f8   0x0000000c   Code   RO          336    i.OTG_FS_IRQHandler  stm32f4xx_it.o
    0x08002a04   0x08002a04   0x000000cc   Code   RO          851    i.PCD_EP_OutXfrComplete_int  stm32f4xx_hal_pcd.o
    0x08002ad0   0x08002ad0   0x000000a2   Code   RO          852    i.PCD_WriteEmptyTxFifo  stm32f4xx_hal_pcd.o
    0x08002b72   0x08002b72   0x00000002   Code   RO          337    i.PendSV_Handler    stm32f4xx_it.o
    0x08002b74   0x08002b74   0x00000002   Code   RO          338    i.SVC_Handler       stm32f4xx_it.o
    0x08002b76   0x08002b76   0x0000000a   Code   RO         3173    i.SWAPBYTE          usbd_ctlreq.o
    0x08002b80   0x08002b80   0x00000004   Code   RO          339    i.SysTick_Handler   stm32f4xx_it.o
    0x08002b84   0x08002b84   0x00000090   Code   RO          187    i.SystemClock_Config  main.o
    0x08002c14   0x08002c14   0x00000010   Code   RO         2998    i.SystemInit        system_stm32f4xx.o
    0x08002c24   0x08002c24   0x00000062   Code   RO         3306    i.USBD_CDC_DataIn   usbd_cdc.o
    0x08002c86   0x08002c86   0x0000002a   Code   RO         3307    i.USBD_CDC_DataOut  usbd_cdc.o
    0x08002cb0   0x08002cb0   0x00000048   Code   RO         3308    i.USBD_CDC_DeInit   usbd_cdc.o
    0x08002cf8   0x08002cf8   0x0000002e   Code   RO         3309    i.USBD_CDC_EP0_RxReady  usbd_cdc.o
    0x08002d26   0x08002d26   0x00000002   PAD
    0x08002d28   0x08002d28   0x0000000c   Code   RO         3310    i.USBD_CDC_GetDeviceQualifierDescriptor  usbd_cdc.o
    0x08002d34   0x08002d34   0x0000000c   Code   RO         3311    i.USBD_CDC_GetFSCfgDesc  usbd_cdc.o
    0x08002d40   0x08002d40   0x0000000c   Code   RO         3312    i.USBD_CDC_GetHSCfgDesc  usbd_cdc.o
    0x08002d4c   0x08002d4c   0x0000000c   Code   RO         3313    i.USBD_CDC_GetOtherSpeedCfgDesc  usbd_cdc.o
    0x08002d58   0x08002d58   0x000000a2   Code   RO         3314    i.USBD_CDC_Init     usbd_cdc.o
    0x08002dfa   0x08002dfa   0x00000028   Code   RO         3315    i.USBD_CDC_ReceivePacket  usbd_cdc.o
    0x08002e22   0x08002e22   0x0000000e   Code   RO         3316    i.USBD_CDC_RegisterInterface  usbd_cdc.o
    0x08002e30   0x08002e30   0x00000012   Code   RO         3317    i.USBD_CDC_SetRxBuffer  usbd_cdc.o
    0x08002e42   0x08002e42   0x00000016   Code   RO         3318    i.USBD_CDC_SetTxBuffer  usbd_cdc.o
    0x08002e58   0x08002e58   0x000000be   Code   RO         3319    i.USBD_CDC_Setup    usbd_cdc.o
    0x08002f16   0x08002f16   0x00000036   Code   RO         3320    i.USBD_CDC_TransmitPacket  usbd_cdc.o
    0x08002f4c   0x08002f4c   0x00000010   Code   RO         3035    i.USBD_ClrClassConfig  usbd_core.o
    0x08002f5c   0x08002f5c   0x00000010   Code   RO         3246    i.USBD_CtlContinueRx  usbd_ioreq.o
    0x08002f6c   0x08002f6c   0x00000010   Code   RO         3247    i.USBD_CtlContinueSendData  usbd_ioreq.o
    0x08002f7c   0x08002f7c   0x00000016   Code   RO         3174    i.USBD_CtlError     usbd_ctlreq.o
    0x08002f92   0x08002f92   0x0000001e   Code   RO         3248    i.USBD_CtlPrepareRx  usbd_ioreq.o
    0x08002fb0   0x08002fb0   0x00000016   Code   RO         3249    i.USBD_CtlReceiveStatus  usbd_ioreq.o
    0x08002fc6   0x08002fc6   0x0000001a   Code   RO         3250    i.USBD_CtlSendData  usbd_ioreq.o
    0x08002fe0   0x08002fe0   0x00000016   Code   RO         3251    i.USBD_CtlSendStatus  usbd_ioreq.o
    0x08002ff6   0x08002ff6   0x00000002   PAD
    0x08002ff8   0x08002ff8   0x00000020   Code   RO          469    i.USBD_FS_ConfigStrDescriptor  usbd_desc.o
    0x08003018   0x08003018   0x0000000c   Code   RO          470    i.USBD_FS_DeviceDescriptor  usbd_desc.o
    0x08003024   0x08003024   0x00000024   Code   RO          471    i.USBD_FS_InterfaceStrDescriptor  usbd_desc.o
    0x08003048   0x08003048   0x0000000c   Code   RO          472    i.USBD_FS_LangIDStrDescriptor  usbd_desc.o
    0x08003054   0x08003054   0x00000028   Code   RO          473    i.USBD_FS_ManufacturerStrDescriptor  usbd_desc.o
    0x0800307c   0x0800307c   0x0000002c   Code   RO          474    i.USBD_FS_ProductStrDescriptor  usbd_desc.o
    0x080030a8   0x080030a8   0x00000038   Code   RO          475    i.USBD_FS_SerialStrDescriptor  usbd_desc.o
    0x080030e0   0x080030e0   0x000000e6   Code   RO         3175    i.USBD_GetDescriptor  usbd_ctlreq.o
    0x080031c6   0x080031c6   0x00000048   Code   RO         3176    i.USBD_GetString    usbd_ctlreq.o
    0x0800320e   0x0800320e   0x00000018   Code   RO          624    i.USBD_Get_USB_Status  usbd_conf.o
    0x08003226   0x08003226   0x00000026   Code   RO         3037    i.USBD_Init         usbd_core.o
    0x0800324c   0x0800324c   0x00000012   Code   RO          625    i.USBD_LL_ClearStallEP  usbd_conf.o
    0x0800325e   0x0800325e   0x00000012   Code   RO          626    i.USBD_LL_CloseEP   usbd_conf.o
    0x08003270   0x08003270   0x000000a8   Code   RO         3038    i.USBD_LL_DataInStage  usbd_core.o
    0x08003318   0x08003318   0x0000006c   Code   RO         3039    i.USBD_LL_DataOutStage  usbd_core.o
    0x08003384   0x08003384   0x00000004   Code   RO         3040    i.USBD_LL_DevConnected  usbd_core.o
    0x08003388   0x08003388   0x00000018   Code   RO         3041    i.USBD_LL_DevDisconnected  usbd_core.o
    0x080033a0   0x080033a0   0x00000008   Code   RO          630    i.USBD_LL_GetRxDataSize  usbd_conf.o
    0x080033a8   0x080033a8   0x00000060   Code   RO          631    i.USBD_LL_Init      usbd_conf.o
    0x08003408   0x08003408   0x00000020   Code   RO          632    i.USBD_LL_IsStallEP  usbd_conf.o
    0x08003428   0x08003428   0x00000020   Code   RO         3042    i.USBD_LL_IsoINIncomplete  usbd_core.o
    0x08003448   0x08003448   0x00000020   Code   RO         3043    i.USBD_LL_IsoOUTIncomplete  usbd_core.o
    0x08003468   0x08003468   0x00000018   Code   RO          633    i.USBD_LL_OpenEP    usbd_conf.o
    0x08003480   0x08003480   0x00000012   Code   RO          634    i.USBD_LL_PrepareReceive  usbd_conf.o
    0x08003492   0x08003492   0x0000005a   Code   RO         3044    i.USBD_LL_Reset     usbd_core.o
    0x080034ec   0x080034ec   0x00000014   Code   RO         3045    i.USBD_LL_Resume    usbd_core.o
    0x08003500   0x08003500   0x00000020   Code   RO         3046    i.USBD_LL_SOF       usbd_core.o
    0x08003520   0x08003520   0x00000006   Code   RO         3047    i.USBD_LL_SetSpeed  usbd_core.o
    0x08003526   0x08003526   0x00000012   Code   RO          635    i.USBD_LL_SetUSBAddress  usbd_conf.o
    0x08003538   0x08003538   0x00000060   Code   RO         3048    i.USBD_LL_SetupStage  usbd_core.o
    0x08003598   0x08003598   0x00000012   Code   RO          636    i.USBD_LL_StallEP   usbd_conf.o
    0x080035aa   0x080035aa   0x00000012   Code   RO          637    i.USBD_LL_Start     usbd_conf.o
    0x080035bc   0x080035bc   0x00000012   Code   RO         3049    i.USBD_LL_Suspend   usbd_core.o
    0x080035ce   0x080035ce   0x00000012   Code   RO          639    i.USBD_LL_Transmit  usbd_conf.o
    0x080035e0   0x080035e0   0x0000002c   Code   RO         3177    i.USBD_ParseSetupRequest  usbd_ctlreq.o
    0x0800360c   0x0800360c   0x00000024   Code   RO         3050    i.USBD_RegisterClass  usbd_core.o
    0x08003630   0x08003630   0x00000014   Code   RO         3052    i.USBD_SetClassConfig  usbd_core.o
    0x08003644   0x08003644   0x000000bc   Code   RO         3178    i.USBD_SetConfig    usbd_ctlreq.o
    0x08003700   0x08003700   0x00000004   Code   RO         3053    i.USBD_Start        usbd_core.o
    0x08003704   0x08003704   0x00000114   Code   RO         3179    i.USBD_StdDevReq    usbd_ctlreq.o
    0x08003818   0x08003818   0x00000140   Code   RO         3180    i.USBD_StdEPReq     usbd_ctlreq.o
    0x08003958   0x08003958   0x00000052   Code   RO         3181    i.USBD_StdItfReq    usbd_ctlreq.o
    0x080039aa   0x080039aa   0x00000002   Code   RO          640    i.USBD_static_free  usbd_conf.o
    0x080039ac   0x080039ac   0x00000008   Code   RO          641    i.USBD_static_malloc  usbd_conf.o
    0x080039b4   0x080039b4   0x00000080   Code   RO         1087    i.USB_ActivateEndpoint  stm32f4xx_ll_usb.o
    0x08003a34   0x08003a34   0x0000001c   Code   RO         1089    i.USB_ActivateSetup  stm32f4xx_ll_usb.o
    0x08003a50   0x08003a50   0x00000074   Code   RO         1091    i.USB_CoreInit      stm32f4xx_ll_usb.o
    0x08003ac4   0x08003ac4   0x00000038   Code   RO         1092    i.USB_CoreReset     stm32f4xx_ll_usb.o
    0x08003afc   0x08003afc   0x000000cc   Code   RO         1095    i.USB_DeactivateEndpoint  stm32f4xx_ll_usb.o
    0x08003bc8   0x08003bc8   0x0000001c   Code   RO         1096    i.USB_DevConnect    stm32f4xx_ll_usb.o
    0x08003be4   0x08003be4   0x0000001c   Code   RO         1097    i.USB_DevDisconnect  stm32f4xx_ll_usb.o
    0x08003c00   0x08003c00   0x00000174   Code   RO         1098    i.USB_DevInit       stm32f4xx_ll_usb.o
    0x08003d74   0x08003d74   0x0000000c   Code   RO         1099    i.USB_DisableGlobalInt  stm32f4xx_ll_usb.o
    0x08003d80   0x08003d80   0x00000118   Code   RO         1102    i.USB_EP0StartXfer  stm32f4xx_ll_usb.o
    0x08003e98   0x08003e98   0x00000058   Code   RO         1103    i.USB_EP0_OutStart  stm32f4xx_ll_usb.o
    0x08003ef0   0x08003ef0   0x00000058   Code   RO         1104    i.USB_EPClearStall  stm32f4xx_ll_usb.o
    0x08003f48   0x08003f48   0x00000058   Code   RO         1105    i.USB_EPSetStall    stm32f4xx_ll_usb.o
    0x08003fa0   0x08003fa0   0x000001e8   Code   RO         1106    i.USB_EPStartXfer   stm32f4xx_ll_usb.o
    0x08004188   0x08004188   0x0000000c   Code   RO         1107    i.USB_EnableGlobalInt  stm32f4xx_ll_usb.o
    0x08004194   0x08004194   0x00000020   Code   RO         1108    i.USB_FlushRxFifo   stm32f4xx_ll_usb.o
    0x080041b4   0x080041b4   0x00000024   Code   RO         1109    i.USB_FlushTxFifo   stm32f4xx_ll_usb.o
    0x080041d8   0x080041d8   0x0000001a   Code   RO         1111    i.USB_GetDevSpeed   stm32f4xx_ll_usb.o
    0x080041f2   0x080041f2   0x00000008   Code   RO         1113    i.USB_GetMode       stm32f4xx_ll_usb.o
    0x080041fa   0x080041fa   0x0000000e   Code   RO         1120    i.USB_ReadDevAllInEpInterrupt  stm32f4xx_ll_usb.o
    0x08004208   0x08004208   0x0000000e   Code   RO         1121    i.USB_ReadDevAllOutEpInterrupt  stm32f4xx_ll_usb.o
    0x08004216   0x08004216   0x00000024   Code   RO         1122    i.USB_ReadDevInEPInterrupt  stm32f4xx_ll_usb.o
    0x0800423a   0x0800423a   0x00000010   Code   RO         1123    i.USB_ReadDevOutEPInterrupt  stm32f4xx_ll_usb.o
    0x0800424a   0x0800424a   0x00000008   Code   RO         1124    i.USB_ReadInterrupts  stm32f4xx_ll_usb.o
    0x08004252   0x08004252   0x0000001c   Code   RO         1125    i.USB_ReadPacket    stm32f4xx_ll_usb.o
    0x0800426e   0x0800426e   0x0000002e   Code   RO         1127    i.USB_SetCurrentMode  stm32f4xx_ll_usb.o
    0x0800429c   0x0800429c   0x00000022   Code   RO         1128    i.USB_SetDevAddress  stm32f4xx_ll_usb.o
    0x080042be   0x080042be   0x00000002   PAD
    0x080042c0   0x080042c0   0x000000e8   Code   RO         1130    i.USB_SetTurnaroundTime  stm32f4xx_ll_usb.o
    0x080043a8   0x080043a8   0x00000024   Code   RO         1133    i.USB_WritePacket   stm32f4xx_ll_usb.o
    0x080043cc   0x080043cc   0x00000002   Code   RO          340    i.UsageFault_Handler  stm32f4xx_it.o
    0x080043ce   0x080043ce   0x00000002   PAD
    0x080043d0   0x080043d0   0x00000028   Code   RO         3513    i.__0sprintf$1      mc_w.l(printf1.o)
    0x080043f8   0x080043f8   0x00000030   Code   RO         3757    i.__ARM_fpclassify  m_wm.l(fpclassify.o)
    0x08004428   0x08004428   0x00000020   Code   RO         2141    i.__NVIC_SetPriority  stm32f4xx_hal_cortex.o
    0x08004448   0x08004448   0x000002d8   Code   RO         3409    i.__hardfp_atan     m_wm.l(atan.o)
    0x08004720   0x08004720   0x000001f0   Code   RO         3423    i.__hardfp_atan2    m_wm.l(atan2.o)
    0x08004910   0x08004910   0x00000014   Code   RO         3435    i.__hardfp_fabs     m_wm.l(fabs.o)
    0x08004924   0x08004924   0x0000007a   Code   RO         3441    i.__hardfp_sqrt     m_wm.l(sqrt.o)
    0x0800499e   0x0800499e   0x000000f8   Code   RO         3759    i.__kernel_poly     m_wm.l(poly.o)
    0x08004a96   0x08004a96   0x00000014   Code   RO         3744    i.__mathlib_dbl_infnan  m_wm.l(dunder.o)
    0x08004aaa   0x08004aaa   0x00000014   Code   RO         3745    i.__mathlib_dbl_infnan2  m_wm.l(dunder.o)
    0x08004abe   0x08004abe   0x00000002   PAD
    0x08004ac0   0x08004ac0   0x00000020   Code   RO         3749    i.__mathlib_dbl_underflow  m_wm.l(dunder.o)
    0x08004ae0   0x08004ae0   0x0000000e   Code   RO         3807    i.__scatterload_copy  mc_w.l(handlers.o)
    0x08004aee   0x08004aee   0x00000002   Code   RO         3808    i.__scatterload_null  mc_w.l(handlers.o)
    0x08004af0   0x08004af0   0x0000000e   Code   RO         3809    i.__scatterload_zeroinit  mc_w.l(handlers.o)
    0x08004afe   0x08004afe   0x00000002   PAD
    0x08004b00   0x08004b00   0x0000000c   Code   RO         3789    i.__set_errno       mc_w.l(errno.o)
    0x08004b0c   0x08004b0c   0x00000154   Code   RO         3518    i._printf_core      mc_w.l(printf1.o)
    0x08004c60   0x08004c60   0x0000000a   Code   RO         3520    i._sputc            mc_w.l(printf1.o)
    0x08004c6a   0x08004c6a   0x00000010   Code   RO         3411    i.atan              m_wm.l(atan.o)
    0x08004c7a   0x08004c7a   0x00000018   Code   RO         3437    i.fabs              m_wm.l(fabs.o)
    0x08004c92   0x08004c92   0x00000002   PAD
    0x08004c94   0x08004c94   0x000000e4   Code   RO          188    i.main              main.o
    0x08004d78   0x08004d78   0x00000010   Data   RO         2999    .constdata          system_stm32f4xx.o
    0x08004d88   0x08004d88   0x00000008   Data   RO         3000    .constdata          system_stm32f4xx.o
    0x08004d90   0x08004d90   0x00000098   Data   RO         3412    .constdata          m_wm.l(atan.o)
    0x08004e28   0x08004e28   0x00000008   Data   RO         3761    .constdata          m_wm.l(qnan.o)
    0x08004e30   0x08004e30   0x00000020   Data   RO         3805    Region$$Table       anon$$obj.o


    Execution Region RW_IRAM2 (Exec base: 0x10000000, Load base: 0x08004f2c, Size: 0x00000000, Max: 0x00010000, ABSOLUTE)

    **** No section assigned to this execution region ****


    Execution Region RW_IRAM1 (Exec base: 0x20000000, Load base: 0x08004e50, Size: 0x00005dd0, Max: 0x00020000, ABSOLUTE, COMPRESSED[0x000000dc])

    Exec Addr    Load Addr    Size         Type   Attr      Idx    E Section Name        Object

    0x20000000   COMPRESSED   0x00000098   Data   RW           21    .data               mpu6050.o
    0x20000098   COMPRESSED   0x0000001c   Data   RW          477    .data               usbd_desc.o
    0x200000b4   COMPRESSED   0x00000032   Data   RW          478    .data               usbd_desc.o
    0x200000e6   COMPRESSED   0x00000002   PAD
    0x200000e8   COMPRESSED   0x00000014   Data   RW          561    .data               usbd_cdc_if.o
    0x200000fc   COMPRESSED   0x0000000c   Data   RW         2285    .data               stm32f4xx_hal.o
    0x20000108   COMPRESSED   0x00000004   Data   RW         3001    .data               system_stm32f4xx.o
    0x2000010c   COMPRESSED   0x00000001   Data   RW         3182    .data               usbd_ctlreq.o
    0x2000010d   COMPRESSED   0x00000003   PAD
    0x20000110   COMPRESSED   0x000000d7   Data   RW         3321    .data               usbd_cdc.o
    0x200001e7   COMPRESSED   0x00000001   PAD
    0x200001e8   COMPRESSED   0x00000038   Data   RW         3322    .data               usbd_cdc.o
    0x20000220   COMPRESSED   0x00000004   Data   RW         3790    .data               mc_w.l(errno.o)
    0x20000224   COMPRESSED   0x00000004   PAD
    0x20000228        -       0x00000058   Zero   RW          189    .bss                main.o
    0x20000280        -       0x00000054   Zero   RW          292    .bss                i2c.o
    0x200002d4        -       0x000002d0   Zero   RW          438    .bss                usb_device.o
    0x200005a4        -       0x00000200   Zero   RW          476    .bss                usbd_desc.o
    0x200007a4        -       0x00001000   Zero   RW          560    .bss                usbd_cdc_if.o
    0x200017a4        -       0x00000628   Zero   RW          642    .bss                usbd_conf.o
    0x20001dcc   COMPRESSED   0x00000004   PAD
    0x20001dd0        -       0x00004000   Zero   RW            1    STACK               startup_stm32f407xx.o


==============================================================================

Image component sizes


      Code (inc. data)   RO Data    RW Data    ZI Data      Debug   Object Name

        60          6          0          0          0        871   gpio.o
       168         26          0          0         84       1757   i2c.o
       376         92          0          0         88       9967   main.o
      1324         78          0        152          0     666994   mpu6050.o
        36          8        392          0      16384        852   startup_stm32f407xx.o
       180         28          0         12          0       9549   stm32f4xx_hal.o
       198         14          0          0          0      34055   stm32f4xx_hal_cortex.o
       492         44          0          0          0       1568   stm32f4xx_hal_gpio.o
      2174         52          0          0          0      13146   stm32f4xx_hal_i2c.o
        48          6          0          0          0        890   stm32f4xx_hal_msp.o
      2308         14          0          0          0      13009   stm32f4xx_hal_pcd.o
        78          0          0          0          0       2473   stm32f4xx_hal_pcd_ex.o
      1324         66          0          0          0       5233   stm32f4xx_hal_rcc.o
        32          6          0          0          0       4818   stm32f4xx_it.o
      2582        132          0          0          0      23348   stm32f4xx_ll_usb.o
        16          4         24          4          0       1183   system_stm32f4xx.o
        84         18          0          0        720        844   usb_device.o
       806         16          0        271          0      14089   usbd_cdc.o
       116         22          0         20       4096       4060   usbd_cdc_if.o
       644         24          0          0       1576      17312   usbd_conf.o
       744          0          0          0          0      12941   usbd_core.o
      1244         30          0          1          0      14516   usbd_ctlreq.o
       288        104          0         78        512       6361   usbd_desc.o
       132          0          0          0          0       4652   usbd_ioreq.o

    ----------------------------------------------------------------------
     15470        790        448        544      23464     864488   Object Totals
         0          0         32          0          0          0   (incl. Generated)
        16          0          0          6          4          0   (incl. Padding)

    ----------------------------------------------------------------------

      Code (inc. data)   RO Data    RW Data    ZI Data      Debug   Library Member Name

       744        106        152          0          0        352   atan.o
       496         64          0          0          0        192   atan2.o
        72          8          0          0          0        372   dunder.o
        44          0          0          0          0        248   fabs.o
        48          0          0          0          0        124   fpclassify.o
       248          0          0          0          0        152   poly.o
         0          0          8          0          0          0   qnan.o
       122          0          0          0          0        148   sqrt.o
        86          0          0          0          0          0   __dczerorl2.o
         0          0          0          0          0          0   entry.o
         0          0          0          0          0          0   entry10a.o
         0          0          0          0          0          0   entry11a.o
         8          4          0          0          0          0   entry2.o
         4          0          0          0          0          0   entry5.o
         0          0          0          0          0          0   entry7b.o
         0          0          0          0          0          0   entry8b.o
         8          4          0          0          0          0   entry9a.o
        12          6          0          4          0         68   errno.o
        30          0          0          0          0          0   handlers.o
        36          8          0          0          0         68   init.o
         0          0          0          0          0          0   iusefp.o
        30          0          0          0          0         68   llshl.o
        36          0          0          0          0         68   llsshr.o
        32          0          0          0          0         68   llushr.o
        36          0          0          0          0         68   memcpya.o
        36          0          0          0          0        108   memseta.o
       390         10          0          0          0        252   printf1.o
        14          0          0          0          0         68   strlen.o
        44          0          0          0          0         80   uidiv.o
        98          0          0          0          0         92   uldiv.o
        48          0          0          0          0         68   cdcmple.o
        48          0          0          0          0         68   cdrcmple.o
       334          0          0          0          0        148   dadd.o
       222          0          0          0          0        100   ddiv.o
       186          0          0          0          0        176   depilogue.o
        34          0          0          0          0         76   dflti.o
        26          0          0          0          0         76   dfltui.o
       228          0          0          0          0         96   dmul.o
       162          0          0          0          0        100   dsqrt.o

    ----------------------------------------------------------------------
      3970        210        160          4          4       3504   Library Totals
         8          0          0          0          4          0   (incl. Padding)

    ----------------------------------------------------------------------

      Code (inc. data)   RO Data    RW Data    ZI Data      Debug   Library Name

      1774        178        160          0          0       1588   m_wm.l
       900         32          0          4          0       1008   mc_w.l
      1288          0          0          0          0        908   mf_w.l

    ----------------------------------------------------------------------
      3970        210        160          4          4       3504   Library Totals

    ----------------------------------------------------------------------

==============================================================================


      Code (inc. data)   RO Data    RW Data    ZI Data      Debug   

     19440       1000        608        548      23468     848940   Grand Totals
     19440       1000        608        220      23468     848940   ELF Image Totals (compressed)
     19440       1000        608        220          0          0   ROM Totals

==============================================================================

    Total RO  Size (Code + RO Data)                20048 (  19.58kB)
    Total RW  Size (RW Data + ZI Data)             24016 (  23.45kB)
    Total ROM Size (Code + RO Data + RW Data)      20268 (  19.79kB)

==============================================================================

