Component: ARM Compiler 5.06 update 6 (build 750) Tool: armlink [4d35ed]

==============================================================================

Section Cross References

    startup_stm32f407xx.o(RESET) refers to startup_stm32f407xx.o(STACK) for __initial_sp
    startup_stm32f407xx.o(RESET) refers to startup_stm32f407xx.o(.text) for Reset_Handler
    startup_stm32f407xx.o(RESET) refers to stm32f4xx_it.o(i.NMI_Handler) for NMI_Handler
    startup_stm32f407xx.o(RESET) refers to stm32f4xx_it.o(i.HardFault_Handler) for HardFault_Handler
    startup_stm32f407xx.o(RESET) refers to stm32f4xx_it.o(i.MemManage_Handler) for MemManage_Handler
    startup_stm32f407xx.o(RESET) refers to stm32f4xx_it.o(i.BusFault_Handler) for BusFault_Handler
    startup_stm32f407xx.o(RESET) refers to stm32f4xx_it.o(i.UsageFault_Handler) for UsageFault_Handler
    startup_stm32f407xx.o(RESET) refers to stm32f4xx_it.o(i.SVC_Handler) for SVC_Handler
    startup_stm32f407xx.o(RESET) refers to stm32f4xx_it.o(i.DebugMon_Handler) for DebugMon_Handler
    startup_stm32f407xx.o(RESET) refers to stm32f4xx_it.o(i.PendSV_Handler) for PendSV_Handler
    startup_stm32f407xx.o(RESET) refers to stm32f4xx_it.o(i.SysTick_Handler) for SysTick_Handler
    startup_stm32f407xx.o(RESET) refers to stm32f4xx_it.o(i.ADC_IRQHandler) for ADC_IRQHandler
    startup_stm32f407xx.o(RESET) refers to stm32f4xx_it.o(i.OTG_FS_IRQHandler) for OTG_FS_IRQHandler
    startup_stm32f407xx.o(.text) refers to system_stm32f4xx.o(i.SystemInit) for SystemInit
    startup_stm32f407xx.o(.text) refers to entry.o(.ARM.Collect$$$$00000000) for __main
    main.o(i.CDC_ReceiveCallBack) refers to usbd_cdc_if.o(i.CDC_Transmit_FS) for CDC_Transmit_FS
    main.o(i.CDC_ReceiveCallBack) refers to stm32f4xx_hal_gpio.o(i.HAL_GPIO_TogglePin) for HAL_GPIO_TogglePin
    main.o(i.SystemClock_Config) refers to memseta.o(.text) for __aeabi_memclr4
    main.o(i.SystemClock_Config) refers to stm32f4xx_hal_rcc.o(i.HAL_RCC_OscConfig) for HAL_RCC_OscConfig
    main.o(i.SystemClock_Config) refers to stm32f4xx_hal_rcc.o(i.HAL_RCC_ClockConfig) for HAL_RCC_ClockConfig
    main.o(i.main) refers to memseta.o(.text) for __aeabi_memclr4
    main.o(i.main) refers to stm32f4xx_hal.o(i.HAL_Init) for HAL_Init
    main.o(i.main) refers to main.o(i.SystemClock_Config) for SystemClock_Config
    main.o(i.main) refers to gpio.o(i.MX_GPIO_Init) for MX_GPIO_Init
    main.o(i.main) refers to adc.o(i.MX_ADC1_Init) for MX_ADC1_Init
    main.o(i.main) refers to usb_device.o(i.MX_USB_DEVICE_Init) for MX_USB_DEVICE_Init
    main.o(i.main) refers to stm32f4xx_hal_adc.o(i.HAL_ADC_Start) for HAL_ADC_Start
    main.o(i.main) refers to stm32f4xx_hal_adc.o(i.HAL_ADC_PollForConversion) for HAL_ADC_PollForConversion
    main.o(i.main) refers to stm32f4xx_hal_adc.o(i.HAL_ADC_GetValue) for HAL_ADC_GetValue
    main.o(i.main) refers to dfltui.o(.text) for __aeabi_ui2d
    main.o(i.main) refers to dmul.o(.text) for __aeabi_dmul
    main.o(i.main) refers to dfixui.o(.text) for __aeabi_d2uiz
    main.o(i.main) refers to printf1.o(i.__0sprintf$1) for __2sprintf
    main.o(i.main) refers to strlen.o(.text) for strlen
    main.o(i.main) refers to usbd_cdc_if.o(i.CDC_Transmit_FS) for CDC_Transmit_FS
    main.o(i.main) refers to adc.o(.bss) for hadc1
    adc.o(i.HAL_ADC_MspDeInit) refers to stm32f4xx_hal_gpio.o(i.HAL_GPIO_DeInit) for HAL_GPIO_DeInit
    adc.o(i.HAL_ADC_MspDeInit) refers to stm32f4xx_hal_cortex.o(i.HAL_NVIC_DisableIRQ) for HAL_NVIC_DisableIRQ
    adc.o(i.HAL_ADC_MspInit) refers to memseta.o(.text) for __aeabi_memclr4
    adc.o(i.HAL_ADC_MspInit) refers to stm32f4xx_hal_gpio.o(i.HAL_GPIO_Init) for HAL_GPIO_Init
    adc.o(i.HAL_ADC_MspInit) refers to stm32f4xx_hal_cortex.o(i.HAL_NVIC_SetPriority) for HAL_NVIC_SetPriority
    adc.o(i.HAL_ADC_MspInit) refers to stm32f4xx_hal_cortex.o(i.HAL_NVIC_EnableIRQ) for HAL_NVIC_EnableIRQ
    adc.o(i.MX_ADC1_Init) refers to stm32f4xx_hal_adc.o(i.HAL_ADC_Init) for HAL_ADC_Init
    adc.o(i.MX_ADC1_Init) refers to main.o(i.Error_Handler) for Error_Handler
    adc.o(i.MX_ADC1_Init) refers to stm32f4xx_hal_adc.o(i.HAL_ADC_ConfigChannel) for HAL_ADC_ConfigChannel
    adc.o(i.MX_ADC1_Init) refers to adc.o(.bss) for .bss
    stm32f4xx_it.o(i.ADC_IRQHandler) refers to stm32f4xx_hal_adc.o(i.HAL_ADC_IRQHandler) for HAL_ADC_IRQHandler
    stm32f4xx_it.o(i.ADC_IRQHandler) refers to adc.o(.bss) for hadc1
    stm32f4xx_it.o(i.OTG_FS_IRQHandler) refers to stm32f4xx_hal_pcd.o(i.HAL_PCD_IRQHandler) for HAL_PCD_IRQHandler
    stm32f4xx_it.o(i.OTG_FS_IRQHandler) refers to usbd_conf.o(.bss) for hpcd_USB_OTG_FS
    stm32f4xx_it.o(i.SysTick_Handler) refers to stm32f4xx_hal.o(i.HAL_IncTick) for HAL_IncTick
    stm32f4xx_hal_pcd.o(i.HAL_PCD_ActivateRemoteWakeup) refers to stm32f4xx_ll_usb.o(i.USB_ActivateRemoteWakeup) for USB_ActivateRemoteWakeup
    stm32f4xx_hal_pcd.o(i.HAL_PCD_DeActivateRemoteWakeup) refers to stm32f4xx_ll_usb.o(i.USB_DeActivateRemoteWakeup) for USB_DeActivateRemoteWakeup
[...]
    .text                                    0x08000412   Section        0  depilogue.o(.text)
    .text                                    0x08000412   Section        0  iusefp.o(.text)
    .text                                    0x080004cc   Section       36  init.o(.text)
    .text                                    0x080004f0   Section        0  __dczerorl2.o(.text)
    i.ADC_IRQHandler                         0x08000548   Section        0  stm32f4xx_it.o(i.ADC_IRQHandler)
    i.ADC_Init                               0x08000554   Section        0  stm32f4xx_hal_adc.o(i.ADC_Init)
    ADC_Init                                 0x08000555   Thumb Code   284  stm32f4xx_hal_adc.o(i.ADC_Init)
    i.BusFault_Handler                       0x0800067c   Section        0  stm32f4xx_it.o(i.BusFault_Handler)
    i.CDC_Control_FS                         0x0800067e   Section        0  usbd_cdc_if.o(i.CDC_Control_FS)
    CDC_Control_FS                           0x0800067f   Thumb Code     4  usbd_cdc_if.o(i.CDC_Control_FS)
    i.CDC_DeInit_FS                          0x08000682   Section        0  usbd_cdc_if.o(i.CDC_DeInit_FS)
    CDC_DeInit_FS                            0x08000683   Thumb Code     4  usbd_cdc_if.o(i.CDC_DeInit_FS)
    i.CDC_Init_FS                            0x08000688   Section        0  usbd_cdc_if.o(i.CDC_Init_FS)
    CDC_Init_FS                              0x08000689   Thumb Code    24  usbd_cdc_if.o(i.CDC_Init_FS)
    i.CDC_Receive_FS                         0x080006ac   Section        0  usbd_cdc_if.o(i.CDC_Receive_FS)
    CDC_Receive_FS                           0x080006ad   Thumb Code    32  usbd_cdc_if.o(i.CDC_Receive_FS)
    i.CDC_TransmitCplt_FS                    0x080006d0   Section        0  usbd_cdc_if.o(i.CDC_TransmitCplt_FS)
    CDC_TransmitCplt_FS                      0x080006d1   Thumb Code     4  usbd_cdc_if.o(i.CDC_TransmitCplt_FS)
    i.CDC_Transmit_FS                        0x080006d4   Section        0  usbd_cdc_if.o(i.CDC_Transmit_FS)
    i.DebugMon_Handler                       0x08000700   Section        0  stm32f4xx_it.o(i.DebugMon_Handler)
    i.Error_Handler                          0x08000702   Section        0  main.o(i.Error_Handler)
    i.HAL_ADCEx_InjectedConvCpltCallback     0x08000706   Section        0  stm32f4xx_hal_adc_ex.o(i.HAL_ADCEx_InjectedConvCpltCallback)
    i.HAL_ADC_ConfigChannel                  0x08000708   Section        0  stm32f4xx_hal_adc.o(i.HAL_ADC_ConfigChannel)
    i.HAL_ADC_ConvCpltCallback               0x08000854   Section        0  stm32f4xx_hal_adc.o(i.HAL_ADC_ConvCpltCallback)
    i.HAL_ADC_ErrorCallback                  0x08000856   Section        0  stm32f4xx_hal_adc.o(i.HAL_ADC_ErrorCallback)
    i.HAL_ADC_GetValue                       0x08000858   Section        0  stm32f4xx_hal_adc.o(i.HAL_ADC_GetValue)
    i.HAL_ADC_IRQHandler                     0x0800085e   Section        0  stm32f4xx_hal_adc.o(i.HAL_ADC_IRQHandler)
    i.HAL_ADC_Init                           0x0800099a   Section        0  stm32f4xx_hal_adc.o(i.HAL_ADC_Init)
    i.HAL_ADC_LevelOutOfWindowCallback       0x080009ee   Section        0  stm32f4xx_hal_adc.o(i.HAL_ADC_LevelOutOfWindowCallback)
    i.HAL_ADC_MspInit                        0x080009f0   Section        0  adc.o(i.HAL_ADC_MspInit)
    i.HAL_ADC_PollForConversion              0x08000a60   Section        0  stm32f4xx_hal_adc.o(i.HAL_ADC_PollForConversion)
    i.HAL_ADC_Start                          0x08000b0c   Section        0  stm32f4xx_hal_adc.o(i.HAL_ADC_Start)
    i.HAL_Delay                              0x08000c08   Section        0  stm32f4xx_hal.o(i.HAL_Delay)
    i.HAL_GPIO_Init                          0x08000c2c   Section        0  stm32f4xx_hal_gpio.o(i.HAL_GPIO_Init)
    i.HAL_GetTick                            0x08000e18   Section        0  stm32f4xx_hal.o(i.HAL_GetTick)
    i.HAL_IncTick                            0x08000e24   Section        0  stm32f4xx_hal.o(i.HAL_IncTick)
    i.HAL_Init                               0x08000e34   Section        0  stm32f4xx_hal.o(i.HAL_Init)
    i.HAL_InitTick                           0x08000e68   Section        0  stm32f4xx_hal.o(i.HAL_InitTick)
    i.HAL_MspInit                            0x08000ea8   Section        0  stm32f4xx_hal_msp.o(i.HAL_MspInit)
    i.HAL_NVIC_EnableIRQ                     0x08000ed8   Section        0  stm32f4xx_hal_cortex.o(i.HAL_NVIC_EnableIRQ)
    i.HAL_NVIC_SetPriority                   0x08000ef4   Section        0  stm32f4xx_hal_cortex.o(i.HAL_NVIC_SetPriority)
    i.HAL_NVIC_SetPriorityGrouping           0x08000f34   Section        0  stm32f4xx_hal_cortex.o(i.HAL_NVIC_SetPriorityGrouping)
    i.HAL_PCDEx_LPM_Callback                 0x08000f58   Section        0  stm32f4xx_hal_pcd_ex.o(i.HAL_PCDEx_LPM_Callback)
    i.HAL_PCDEx_SetRxFiFo                    0x08000f5a   Section        0  stm32f4xx_hal_pcd_ex.o(i.HAL_PCDEx_SetRxFiFo)
    i.HAL_PCDEx_SetTxFiFo                    0x08000f62   Section        0  stm32f4xx_hal_pcd_ex.o(i.HAL_PCDEx_SetTxFiFo)
    i.HAL_PCD_ConnectCallback                0x08000fa6   Section        0  usbd_conf.o(i.HAL_PCD_ConnectCallback)
    i.HAL_PCD_DataInStageCallback            0x08000fae   Section        0  usbd_conf.o(i.HAL_PCD_DataInStageCallback)
    i.HAL_PCD_DataOutStageCallback           0x08000fc0   Section        0  usbd_conf.o(i.HAL_PCD_DataOutStageCallback)
    i.HAL_PCD_DisconnectCallback             0x08000fd4   Section        0  usbd_conf.o(i.HAL_PCD_DisconnectCallback)
    i.HAL_PCD_EP_Close                       0x08000fdc   Section        0  stm32f4xx_hal_pcd.o(i.HAL_PCD_EP_Close)
    i.HAL_PCD_EP_ClrStall                    0x08001028   Section        0  stm32f4xx_hal_pcd.o(i.HAL_PCD_EP_ClrStall)
    i.HAL_PCD_EP_GetRxCount                  0x08001084   Section        0  stm32f4xx_hal_pcd.o(i.HAL_PCD_EP_GetRxCount)
    i.HAL_PCD_EP_Open                        0x08001096   Section        0  stm32f4xx_hal_pcd.o(i.HAL_PCD_EP_Open)
    i.HAL_PCD_EP_Receive                     0x080010f6   Section        0  stm32f4xx_hal_pcd.o(i.HAL_PCD_EP_Receive)
    i.HAL_PCD_EP_SetStall                    0x0800113e   Section        0  stm32f4xx_hal_pcd.o(i.HAL_PCD_EP_SetStall)
    i.HAL_PCD_EP_Transmit                    0x080011b2   Section        0  stm32f4xx_hal_pcd.o(i.HAL_PCD_EP_Transmit)
    i.HAL_PCD_IRQHandler                     0x080011f4   Section        0  stm32f4xx_hal_pcd.o(i.HAL_PCD_IRQHandler)
    i.HAL_PCD_ISOINIncompleteCallback        0x08001628   Section        0  usbd_conf.o(i.HAL_PCD_ISOINIncompleteCallback)
    i.HAL_PCD_ISOOUTIncompleteCallback       0x08001630   Section        0  usbd_conf.o(i.HAL_PCD_ISOOUTIncompleteCallback)
    i.HAL_PCD_Init                           0x08001638   Section        0  stm32f4xx_hal_pcd.o(i.HAL_PCD_Init)
    i.HAL_PCD_MspInit                        0x0800171c   Section        0  usbd_conf.o(i.HAL_PCD_MspInit)
    i.HAL_PCD_ResetCallback                  0x080017a0   Section        0  usbd_conf.o(i.HAL_PCD_ResetCallback)
    i.HAL_PCD_ResumeCallback                 0x080017cc   Section        0  usbd_conf.o(i.HAL_PCD_ResumeCallback)
    i.HAL_PCD_SOFCallback                    0x080017d4   Section        0  usbd_conf.o(i.HAL_PCD_SOFCallback)
    i.HAL_PCD_SetAddress                     0x080017dc   Section        0  stm32f4xx_hal_pcd.o(i.HAL_PCD_SetAddress)
    i.HAL_PCD_SetupStageCallback             0x08001804   Section        0  usbd_conf.o(i.HAL_PCD_SetupStageCallback)
    i.HAL_PCD_Start                          0x08001812   Section        0  stm32f4xx_hal_pcd.o(i.HAL_PCD_Start)
    i.HAL_PCD_SuspendCallback                0x08001854   Section        0  usbd_conf.o(i.HAL_PCD_SuspendCallback)
    i.HAL_RCC_ClockConfig                    0x08001884   Section        0  stm32f4xx_hal_rcc.o(i.HAL_RCC_ClockConfig)
    i.HAL_RCC_GetHCLKFreq                    0x080019b8   Section        0  stm32f4xx_hal_rcc.o(i.HAL_RCC_GetHCLKFreq)
    i.HAL_RCC_GetSysClockFreq                0x080019c4   Section        0  stm32f4xx_hal_rcc.o(i.HAL_RCC_GetSysClockFreq)
    i.HAL_RCC_OscConfig                      0x08001a24   Section        0  stm32f4xx_hal_rcc.o(i.HAL_RCC_OscConfig)
    i.HAL_SYSTICK_Config                     0x08001d90   Section        0  stm32f4xx_hal_cortex.o(i.HAL_SYSTICK_Config)
    i.HardFault_Handler                      0x08001db8   Section        0  stm32f4xx_it.o(i.HardFault_Handler)
    i.IntToUnicode                           0x08001dbc   Section        0  usbd_desc.o(i.IntToUnicode)
    IntToUnicode                             0x08001dbd   Thumb Code    56  usbd_desc.o(i.IntToUnicode)
    i.MX_ADC1_Init                           0x08001df4   Section        0  adc.o(i.MX_ADC1_Init)
    i.MX_GPIO_Init                           0x08001e54   Section        0  gpio.o(i.MX_GPIO_Init)
    i.MX_USB_DEVICE_Init                     0x08001e80   Section        0  usb_device.o(i.MX_USB_DEVICE_Init)
    i.MemManage_Handler                      0x08001ed4   Section        0  stm32f4xx_it.o(i.MemManage_Handler)
    i.NMI_Handler                            0x08001ed6   Section        0  stm32f4xx_it.o(i.NMI_Handler)
    i.OTG_FS_IRQHandler                      0x08001ed8   Section        0  stm32f4xx_it.o(i.OTG_FS_IRQHandler)
    i.PCD_EP_OutXfrComplete_int              0x08001ee4   Section        0  stm32f4xx_hal_pcd.o(i.PCD_EP_OutXfrComplete_int)
    PCD_EP_OutXfrComplete_int                0x08001ee5   Thumb Code   196  stm32f4xx_hal_pcd.o(i.PCD_EP_OutXfrComplete_int)
    i.PCD_WriteEmptyTxFifo                   0x08001fb0   Section        0  stm32f4xx_hal_pcd.o(i.PCD_WriteEmptyTxFifo)
    PCD_WriteEmptyTxFifo                     0x08001fb1   Thumb Code   162  stm32f4xx_hal_pcd.o(i.PCD_WriteEmptyTxFifo)
    i.PendSV_Handler                         0x08002052   Section        0  stm32f4xx_it.o(i.PendSV_Handler)
    i.SVC_Handler                            0x08002054   Section        0  stm32f4xx_it.o(i.SVC_Handler)
    i.SWAPBYTE                               0x08002056   Section        0  usbd_ctlreq.o(i.SWAPBYTE)
    SWAPBYTE                                 0x08002057   Thumb Code    10  usbd_ctlreq.o(i.SWAPBYTE)
    i.SysTick_Handler                        0x08002060   Section        0  stm32f4xx_it.o(i.SysTick_Handler)
    i.SystemClock_Config                     0x08002064   Section        0  main.o(i.SystemClock_Config)
    i.SystemInit                             0x080020f4   Section        0  system_stm32f4xx.o(i.SystemInit)
    i.USBD_CDC_DataIn                        0x08002104   Section        0  usbd_cdc.o(i.USBD_CDC_DataIn)
    USBD_CDC_DataIn                          0x08002105   Thumb Code    98  usbd_cdc.o(i.USBD_CDC_DataIn)
    i.USBD_CDC_DataOut                       0x08002166   Section        0  usbd_cdc.o(i.USBD_CDC_DataOut)
    USBD_CDC_DataOut                         0x08002167   Thumb Code    42  usbd_cdc.o(i.USBD_CDC_DataOut)
    i.USBD_CDC_DeInit                        0x08002190   Section        0  usbd_cdc.o(i.USBD_CDC_DeInit)
    USBD_CDC_DeInit                          0x08002191   Thumb Code    72  usbd_cdc.o(i.USBD_CDC_DeInit)
    i.USBD_CDC_EP0_RxReady                   0x080021d8   Section        0  usbd_cdc.o(i.USBD_CDC_EP0_RxReady)
    USBD_CDC_EP0_RxReady                     0x080021d9   Thumb Code    46  usbd_cdc.o(i.USBD_CDC_EP0_RxReady)
    i.USBD_CDC_GetDeviceQualifierDescriptor  0x08002208   Section        0  usbd_cdc.o(i.USBD_CDC_GetDeviceQualifierDescriptor)
    i.USBD_CDC_GetFSCfgDesc                  0x08002214   Section        0  usbd_cdc.o(i.USBD_CDC_GetFSCfgDesc)
    USBD_CDC_GetFSCfgDesc                    0x08002215   Thumb Code     8  usbd_cdc.o(i.USBD_CDC_GetFSCfgDesc)
    i.USBD_CDC_GetHSCfgDesc                  0x08002220   Section        0  usbd_cdc.o(i.USBD_CDC_GetHSCfgDesc)
    USBD_CDC_GetHSCfgDesc                    0x08002221   Thumb Code     8  usbd_cdc.o(i.USBD_CDC_GetHSCfgDesc)
    i.USBD_CDC_GetOtherSpeedCfgDesc          0x0800222c   Section        0  usbd_cdc.o(i.USBD_CDC_GetOtherSpeedCfgDesc)
    USBD_CDC_GetOtherSpeedCfgDesc            0x0800222d   Thumb Code     8  usbd_cdc.o(i.USBD_CDC_GetOtherSpeedCfgDesc)
    i.USBD_CDC_Init                          0x08002238   Section        0  usbd_cdc.o(i.USBD_CDC_Init)
    USBD_CDC_Init                            0x08002239   Thumb Code   162  usbd_cdc.o(i.USBD_CDC_Init)
    i.USBD_CDC_ReceivePacket                 0x080022da   Section        0  usbd_cdc.o(i.USBD_CDC_ReceivePacket)
    i.USBD_CDC_RegisterInterface             0x08002302   Section        0  usbd_cdc.o(i.USBD_CDC_RegisterInterface)
    i.USBD_CDC_SetRxBuffer                   0x08002310   Section        0  usbd_cdc.o(i.USBD_CDC_SetRxBuffer)
    i.USBD_CDC_SetTxBuffer                   0x08002322   Section        0  usbd_cdc.o(i.USBD_CDC_SetTxBuffer)
    i.USBD_CDC_Setup                         0x08002338   Section        0  usbd_cdc.o(i.USBD_CDC_Setup)
    USBD_CDC_Setup                           0x08002339   Thumb Code   190  usbd_cdc.o(i.USBD_CDC_Setup)
    i.USBD_CDC_TransmitPacket                0x080023f6   Section        0  usbd_cdc.o(i.USBD_CDC_TransmitPacket)
    i.USBD_ClrClassConfig                    0x0800242c   Section        0  usbd_core.o(i.USBD_ClrClassConfig)
    i.USBD_CtlContinueRx                     0x0800243c   Section        0  usbd_ioreq.o(i.USBD_CtlContinueRx)
    i.USBD_CtlContinueSendData               0x0800244c   Section        0  usbd_ioreq.o(i.USBD_CtlContinueSendData)
    i.USBD_CtlError                          0x0800245c   Section        0  usbd_ctlreq.o(i.USBD_CtlError)
    i.USBD_CtlPrepareRx                      0x08002472   Section        0  usbd_ioreq.o(i.USBD_CtlPrepareRx)
    i.USBD_CtlReceiveStatus                  0x08002490   Section        0  usbd_ioreq.o(i.USBD_CtlReceiveStatus)
    i.USBD_CtlSendData                       0x080024a6   Section        0  usbd_ioreq.o(i.USBD_CtlSendData)
    i.USBD_CtlSendStatus                     0x080024c0   Section        0  usbd_ioreq.o(i.USBD_CtlSendStatus)
    i.USBD_FS_ConfigStrDescriptor            0x080024d8   Section        0  usbd_desc.o(i.USBD_FS_ConfigStrDescriptor)
    i.USBD_FS_DeviceDescriptor               0x080024f8   Section        0  usbd_desc.o(i.USBD_FS_DeviceDescriptor)
    i.USBD_FS_InterfaceStrDescriptor         0x08002504   Section        0  usbd_desc.o(i.USBD_FS_InterfaceStrDescriptor)
    i.USBD_FS_LangIDStrDescriptor            0x08002528   Section        0  usbd_desc.o(i.USBD_FS_LangIDStrDescriptor)
    i.USBD_FS_ManufacturerStrDescriptor      0x08002534   Section        0  usbd_desc.o(i.USBD_FS_ManufacturerStrDescriptor)
    i.USBD_FS_ProductStrDescriptor           0x0800255c   Section        0  usbd_desc.o(i.USBD_FS_ProductStrDescriptor)
    i.USBD_FS_SerialStrDescriptor            0x08002588   Section        0  usbd_desc.o(i.USBD_FS_SerialStrDescriptor)
    i.USBD_GetDescriptor                     0x080025c0   Section        0  usbd_ctlreq.o(i.USBD_GetDescriptor)
    USBD_GetDescriptor                       0x080025c1   Thumb Code   230  usbd_ctlreq.o(i.USBD_GetDescriptor)
    i.USBD_GetString                         0x080026a6   Section        0  usbd_ctlreq.o(i.USBD_GetString)
    i.USBD_Get_USB_Status                    0x080026ee   Section        0  usbd_conf.o(i.USBD_Get_USB_Status)
    i.USBD_Init                              0x08002706   Section        0  usbd_core.o(i.USBD_Init)
    i.USBD_LL_ClearStallEP                   0x0800272c   Section        0  usbd_conf.o(i.USBD_LL_ClearStallEP)
    i.USBD_LL_CloseEP                        0x0800273e   Section        0  usbd_conf.o(i.USBD_LL_CloseEP)
    i.USBD_LL_DataInStage                    0x08002750   Section        0  usbd_core.o(i.USBD_LL_DataInStage)
    i.USBD_LL_DataOutStage                   0x080027f8   Section        0  usbd_core.o(i.USBD_LL_DataOutStage)
    i.USBD_LL_DevConnected                   0x08002864   Section        0  usbd_core.o(i.USBD_LL_DevConnected)
    i.USBD_LL_DevDisconnected                0x08002868   Section        0  usbd_core.o(i.USBD_LL_DevDisconnected)
    i.USBD_LL_GetRxDataSize                  0x08002880   Section        0  usbd_conf.o(i.USBD_LL_GetRxDataSize)
    i.USBD_LL_Init                           0x08002888   Section        0  usbd_conf.o(i.USBD_LL_Init)
    i.USBD_LL_IsStallEP                      0x080028e8   Section        0  usbd_conf.o(i.USBD_LL_IsStallEP)
    i.USBD_LL_IsoINIncomplete                0x08002908   Section        0  usbd_core.o(i.USBD_LL_IsoINIncomplete)
    i.USBD_LL_IsoOUTIncomplete               0x08002928   Section        0  usbd_core.o(i.USBD_LL_IsoOUTIncomplete)
    i.USBD_LL_OpenEP                         0x08002948   Section        0  usbd_conf.o(i.USBD_LL_OpenEP)
    i.USBD_LL_PrepareReceive                 0x08002960   Section        0  usbd_conf.o(i.USBD_LL_PrepareReceive)
    i.USBD_LL_Reset                          0x08002972   Section        0  usbd_core.o(i.USBD_LL_Reset)
    i.USBD_LL_Resume                         0x080029cc   Section        0  usbd_core.o(i.USBD_LL_Resume)
    i.USBD_LL_SOF                            0x080029e0   Section        0  usbd_core.o(i.USBD_LL_SOF)
    i.USBD_LL_SetSpeed                       0x08002a00   Section        0  usbd_core.o(i.USBD_LL_SetSpeed)
    i.USBD_LL_SetUSBAddress                  0x08002a06   Section        0  usbd_conf.o(i.USBD_LL_SetUSBAddress)
    i.USBD_LL_SetupStage                     0x08002a18   Section        0  usbd_core.o(i.USBD_LL_SetupStage)
    i.USBD_LL_StallEP                        0x08002a78   Section        0  usbd_conf.o(i.USBD_LL_StallEP)
    i.USBD_LL_Start                          0x08002a8a   Section        0  usbd_conf.o(i.USBD_LL_Start)
    i.USBD_LL_Suspend                        0x08002a9c   Section        0  usbd_core.o(i.USBD_LL_Suspend)
    i.USBD_LL_Transmit                       0x08002aae   Section        0  usbd_conf.o(i.USBD_LL_Transmit)
    i.USBD_ParseSetupRequest                 0x08002ac0   Section        0  usbd_ctlreq.o(i.USBD_ParseSetupRequest)
    i.USBD_RegisterClass                     0x08002aec   Section        0  usbd_core.o(i.USBD_RegisterClass)
    i.USBD_SetClassConfig                    0x08002b10   Section        0  usbd_core.o(i.USBD_SetClassConfig)
    i.USBD_SetConfig                         0x08002b24   Section        0  usbd_ctlreq.o(i.USBD_SetConfig)
    USBD_SetConfig                           0x08002b25   Thumb Code   182  usbd_ctlreq.o(i.USBD_SetConfig)
    i.USBD_Start                             0x08002be0   Section        0  usbd_core.o(i.USBD_Start)
    i.USBD_StdDevReq                         0x08002be4   Section        0  usbd_ctlreq.o(i.USBD_StdDevReq)
    i.USBD_StdEPReq                          0x08002cf8   Section        0  usbd_ctlreq.o(i.USBD_StdEPReq)
    i.USBD_StdItfReq                         0x08002e38   Section        0  usbd_ctlreq.o(i.USBD_StdItfReq)
    i.USBD_static_free                       0x08002e8a   Section        0  usbd_conf.o(i.USBD_static_free)
    i.USBD_static_malloc                     0x08002e8c   Section        0  usbd_conf.o(i.USBD_static_malloc)
    i.USB_ActivateEndpoint                   0x08002e94   Section        0  stm32f4xx_ll_usb.o(i.USB_ActivateEndpoint)
    i.USB_ActivateSetup                      0x08002f14   Section        0  stm32f4xx_ll_usb.o(i.USB_ActivateSetup)
    i.USB_CoreInit                           0x08002f30   Section        0  stm32f4xx_ll_usb.o(i.USB_CoreInit)
    i.USB_CoreReset                          0x08002fa4   Section        0  stm32f4xx_ll_usb.o(i.USB_CoreReset)
    USB_CoreReset                            0x08002fa5   Thumb Code    50  stm32f4xx_ll_usb.o(i.USB_CoreReset)
    i.USB_DeactivateEndpoint                 0x08002fdc   Section        0  stm32f4xx_ll_usb.o(i.USB_DeactivateEndpoint)
    i.USB_DevConnect                         0x080030a8   Section        0  stm32f4xx_ll_usb.o(i.USB_DevConnect)
    i.USB_DevDisconnect                      0x080030c4   Section        0  stm32f4xx_ll_usb.o(i.USB_DevDisconnect)
    i.USB_DevInit                            0x080030e0   Section        0  stm32f4xx_ll_usb.o(i.USB_DevInit)
    i.USB_DisableGlobalInt                   0x08003254   Section        0  stm32f4xx_ll_usb.o(i.USB_DisableGlobalInt)
    i.USB_EP0StartXfer                       0x08003260   Section        0  stm32f4xx_ll_usb.o(i.USB_EP0StartXfer)
    i.USB_EP0_OutStart                       0x08003378   Section        0  stm32f4xx_ll_usb.o(i.USB_EP0_OutStart)
    i.USB_EPClearStall                       0x080033d0   Section        0  stm32f4xx_ll_usb.o(i.USB_EPClearStall)
    i.USB_EPSetStall                         0x08003428   Section        0  stm32f4xx_ll_usb.o(i.USB_EPSetStall)
    i.USB_EPStartXfer                        0x08003480   Section        0  stm32f4xx_ll_usb.o(i.USB_EPStartXfer)
    i.USB_EnableGlobalInt                    0x08003668   Section        0  stm32f4xx_ll_usb.o(i.USB_EnableGlobalInt)
    i.USB_FlushRxFifo                        0x08003674   Section        0  stm32f4xx_ll_usb.o(i.USB_FlushRxFifo)
    i.USB_FlushTxFifo                        0x08003694   Section        0  stm32f4xx_ll_usb.o(i.USB_FlushTxFifo)
    i.USB_GetDevSpeed                        0x080036b8   Section        0  stm32f4xx_ll_usb.o(i.USB_GetDevSpeed)
    i.USB_GetMode                            0x080036d2   Section        0  stm32f4xx_ll_usb.o(i.USB_GetMode)
    i.USB_ReadDevAllInEpInterrupt            0x080036da   Section        0  stm32f4xx_ll_usb.o(i.USB_ReadDevAllInEpInterrupt)
    i.USB_ReadDevAllOutEpInterrupt           0x080036e8   Section        0  stm32f4xx_ll_usb.o(i.USB_ReadDevAllOutEpInterrupt)
    i.USB_ReadDevInEPInterrupt               0x080036f6   Section        0  stm32f4xx_ll_usb.o(i.USB_ReadDevInEPInterrupt)
    i.USB_ReadDevOutEPInterrupt              0x0800371a   Section        0  stm32f4xx_ll_usb.o(i.USB_ReadDevOutEPInterrupt)
    i.USB_ReadInterrupts                     0x0800372a   Section        0  stm32f4xx_ll_usb.o(i.USB_ReadInterrupts)
    i.USB_ReadPacket                         0x08003732   Section        0  stm32f4xx_ll_usb.o(i.USB_ReadPacket)
    i.USB_SetCurrentMode                     0x0800374e   Section        0  stm32f4xx_ll_usb.o(i.USB_SetCurrentMode)
    i.USB_SetDevAddress                      0x0800377c   Section        0  stm32f4xx_ll_usb.o(i.USB_SetDevAddress)
    i.USB_SetTurnaroundTime                  0x080037a0   Section        0  stm32f4xx_ll_usb.o(i.USB_SetTurnaroundTime)
    i.USB_WritePacket                        0x08003888   Section        0  stm32f4xx_ll_usb.o(i.USB_WritePacket)
    i.UsageFault_Handler                     0x080038ac   Section        0  stm32f4xx_it.o(i.UsageFault_Handler)
    i.__0sprintf$1                           0x080038b0   Section        0  printf1.o(i.__0sprintf$1)
    i.__NVIC_SetPriority                     0x080038d8   Section        0  stm32f4xx_hal_cortex.o(i.__NVIC_SetPriority)
    __NVIC_SetPriority                       0x080038d9   Thumb Code    32  stm32f4xx_hal_cortex.o(i.__NVIC_SetPriority)
    i.__scatterload_copy                     0x080038f8   Section       14  handlers.o(i.__scatterload_copy)
    i.__scatterload_null                     0x08003906   Section        2  handlers.o(i.__scatterload_null)
    i.__scatterload_zeroinit                 0x08003908   Section       14  handlers.o(i.__scatterload_zeroinit)
    i._printf_core                           0x08003918   Section        0  printf1.o(i._printf_core)
    _printf_core                             0x08003919   Thumb Code   336  printf1.o(i._printf_core)
    i._sputc                                 0x08003a6c   Section        0  printf1.o(i._sputc)
    _sputc                                   0x08003a6d   Thumb Code    10  printf1.o(i._sputc)
    i.main                                   0x08003a78   Section        0  main.o(i.main)
    .constdata                               0x08003b0c   Section       16  system_stm32f4xx.o(.constdata)
    .data                                    0x20000000   Section       12  stm32f4xx_hal.o(.data)
    .data                                    0x2000000c   Section        4  system_stm32f4xx.o(.data)
    .data                                    0x20000010   Section       28  usbd_desc.o(.data)
    .data                                    0x2000002c   Section       50  usbd_desc.o(.data)
    .data                                    0x20000060   Section       20  usbd_cdc_if.o(.data)
    .data                                    0x20000074   Section        1  usbd_ctlreq.o(.data)
    cfgidx                                   0x20000074   Data           1  usbd_ctlreq.o(.data)
    .data                                    0x20000078   Section      215  usbd_cdc.o(.data)
    USBD_CDC_DeviceQualifierDesc             0x20000078   Data          10  usbd_cdc.o(.data)
    USBD_CDC_CfgHSDesc                       0x20000084   Data          67  usbd_cdc.o(.data)
    USBD_CDC_CfgFSDesc                       0x200000c8   Data          67  usbd_cdc.o(.data)
    USBD_CDC_OtherSpeedCfgDesc               0x2000010c   Data          67  usbd_cdc.o(.data)
    .data                                    0x20000150   Section       56  usbd_cdc.o(.data)
    .bss                                     0x20000188   Section       72  adc.o(.bss)
    .bss                                     0x200001d0   Section      720  usb_device.o(.bss)
    .bss                                     0x200004a0   Section      512  usbd_desc.o(.bss)
    .bss                                     0x200006a0   Section     4096  usbd_cdc_if.o(.bss)
    .bss                                     0x200016a0   Section     1576  usbd_conf.o(.bss)
    mem                                      0x200016a0   Data         544  usbd_conf.o(.bss)
    STACK                                    0x20001cc8   Section    16384  startup_stm32f407xx.o(STACK)

    Global Symbols

    Symbol Name                              Value     Ov Type        Size  Object(Section)

    BuildAttributes$$THM_ISAv4$E$P$D$K$B$S$7EM$VFPi3$EXTD16$VFPS$VFMA$PE$A:L22UL41UL21$X:L11$S22US41US21$IEEE1$IW$USESV6$~STKCKD$USESV7$~SHL$OSPACE$ROPI$EBA8$MICROLIB$REQ8$PRES8$EABIv2 0x00000000   Number         0  anon$$obj.o ABSOLUTE
    __ARM_use_no_argv                        0x00000000   Number         0  main.o ABSOLUTE
    _printf_a                                0x00000000   Number         0  stubs.o ABSOLUTE
    _printf_c                                0x00000000   Number         0  stubs.o ABSOLUTE
    _printf_charcount                        0x00000000   Number         0  stubs.o ABSOLUTE
    _printf_d                                0x00000000   Number         0  stubs.o ABSOLUTE
    _printf_e                                0x00000000   Number         0  stubs.o ABSOLUTE
    _printf_f                                0x00000000   Number         0  stubs.o ABSOLUTE
    _printf_flags                            0x00000000   Number         0  stubs.o ABSOLUTE
    _printf_fp_dec                           0x00000000   Number         0  stubs.o ABSOLUTE
    _printf_fp_hex                           0x00000000   Number         0  stubs.o ABSOLUTE
    _printf_g                                0x00000000   Number         0  stubs.o ABSOLUTE
    _printf_i                                0x00000000   Number         0  stubs.o ABSOLUTE
    _printf_int_dec                          0x00000000   Number         0  stubs.o ABSOLUTE
    _printf_l                                0x00000000   Number         0  stubs.o ABSOLUTE
    _printf_lc                               0x00000000   Number         0  stubs.o ABSOLUTE
    _printf_ll                               0x00000000   Number         0  stubs.o ABSOLUTE
    _printf_lld                              0x00000000   Number         0  stubs.o ABSOLUTE
    _printf_lli                              0x00000000   Number         0  stubs.o ABSOLUTE
    _printf_llo                              0x00000000   Number         0  stubs.o ABSOLUTE
    _printf_llu                              0x00000000   Number         0  stubs.o ABSOLUTE
    _printf_llx                              0x00000000   Number         0  stubs.o ABSOLUTE
    _printf_longlong_dec                     0x00000000   Number         0  stubs.o ABSOLUTE
    _printf_longlong_hex                     0x00000000   Number         0  stubs.o ABSOLUTE
    _printf_longlong_oct                     0x00000000   Number         0  stubs.o ABSOLUTE
    _printf_ls                               0x00000000   Number         0  stubs.o ABSOLUTE
    _printf_mbtowc                           0x00000000   Number         0  stubs.o ABSOLUTE
    _printf_n                                0x00000000   Number         0  stubs.o ABSOLUTE
    _printf_o                                0x00000000   Number         0  stubs.o ABSOLUTE
    _printf_p                                0x00000000   Number         0  stubs.o ABSOLUTE
    _printf_percent                          0x00000000   Number         0  stubs.o ABSOLUTE
    _printf_pre_padding                      0x00000000   Number         0  stubs.o ABSOLUTE
    _printf_return_value                     0x00000000   Number         0  stubs.o ABSOLUTE
    _printf_s                                0x00000000   Number         0  stubs.o ABSOLUTE
    _printf_sizespec                         0x00000000   Number         0  stubs.o ABSOLUTE
    _printf_str                              0x00000000   Number         0  stubs.o ABSOLUTE
    _printf_truncate_signed                  0x00000000   Number         0  stubs.o ABSOLUTE
    _printf_truncate_unsigned                0x00000000   Number         0  stubs.o ABSOLUTE
    _printf_u                                0x00000000   Number         0  stubs.o ABSOLUTE
    _printf_wc                               0x00000000   Number         0  stubs.o ABSOLUTE
    _printf_wctomb                           0x00000000   Number         0  stubs.o ABSOLUTE
    _printf_widthprec                        0x00000000   Number         0  stubs.o ABSOLUTE
    _printf_x                                0x00000000   Number         0  stubs.o ABSOLUTE
    __cpp_initialize__aeabi_                  - Undefined Weak Reference
    __cxa_finalize                            - Undefined Weak Reference
    _clock_init                               - Undefined Weak Reference
    _microlib_exit                            - Undefined Weak Reference
    __Vectors_Size                           0x00000188   Number         0  startup_stm32f407xx.o ABSOLUTE
    __Vectors                                0x08000000   Data           4  startup_stm32f407xx.o(RESET)
    __Vectors_End                            0x08000188   Data           0  startup_stm32f407xx.o(RESET)
    __main                                   0x08000189   Thumb Code     0  entry.o(.ARM.Collect$$$$00000000)
    _main_stk                                0x08000189   Thumb Code     0  entry2.o(.ARM.Collect$$$$00000001)
    _main_scatterload                        0x0800018d   Thumb Code     0  entry5.o(.ARM.Collect$$$$00000004)
    __main_after_scatterload                 0x08000191   Thumb Code     0  entry5.o(.ARM.Collect$$$$00000004)
    _main_clock                              0x08000191   Thumb Code     0  entry7b.o(.ARM.Collect$$$$00000008)
    _main_cpp_init                           0x08000191   Thumb Code     0  entry8b.o(.ARM.Collect$$$$0000000A)
    _main_init                               0x08000191   Thumb Code     0  entry9a.o(.ARM.Collect$$$$0000000B)
    __rt_final_cpp                           0x08000199   Thumb Code     0  entry10a.o(.ARM.Collect$$$$0000000D)
    __rt_final_exit                          0x08000199   Thumb Code     0  entry11a.o(.ARM.Collect$$$$0000000F)
    Reset_Handler                            0x0800019d   Thumb Code     8  startup_stm32f407xx.o(.text)
    CAN1_RX0_IRQHandler                      0x080001b7   Thumb Code     0  startup_stm32f407xx.o(.text)
    CAN1_RX1_IRQHandler                      0x080001b7   Thumb Code     0  startup_stm32f407xx.o(.text)
    CAN1_SCE_IRQHandler                      0x080001b7   Thumb Code     0  startup_stm32f407xx.o(.text)
    CAN1_TX_IRQHandler                       0x080001b7   Thumb Code     0  startup_stm32f407xx.o(.text)
    CAN2_RX0_IRQHandler                      0x080001b7   Thumb Code     0  startup_stm32f407xx.o(.text)
    CAN2_RX1_IRQHandler                      0x080001b7   Thumb Code     0  startup_stm32f407xx.o(.text)
    CAN2_SCE_IRQHandler                      0x080001b7   Thumb Code     0  startup_stm32f407xx.o(.text)
    CAN2_TX_IRQHandler                       0x080001b7   Thumb Code     0  startup_stm32f407xx.o(.text)
    DCMI_IRQHandler                          0x080001b7   Thumb Code     0  startup_stm32f407xx.o(.text)
    DMA1_Stream0_IRQHandler                  0x080001b7   Thumb Code     0  startup_stm32f407xx.o(.text)
    DMA1_Stream1_IRQHandler                  0x080001b7   Thumb Code     0  startup_stm32f407xx.o(.text)
    DMA1_Stream2_IRQHandler                  0x080001b7   Thumb Code     0  startup_stm32f407xx.o(.text)
    DMA1_Stream3_IRQHandler                  0x080001b7   Thumb Code     0  startup_stm32f407xx.o(.text)
    DMA1_Stream4_IRQHandler                  0x080001b7   Thumb Code     0  startup_stm32f407xx.o(.text)
    DMA1_Stream5_IRQHandler                  0x080001b7   Thumb Code     0  startup_stm32f407xx.o(.text)
    DMA1_Stream6_IRQHandler                  0x080001b7   Thumb Code     0  startup_stm32f407xx.o(.text)
    DMA1_Stream7_IRQHandler                  0x080001b7   Thumb Code     0  startup_stm32f407xx.o(.text)
    DMA2_Stream0_IRQHandler                  0x080001b7   Thumb Code     0  startup_stm32f407xx.o(.text)
    DMA2_Stream1_IRQHandler                  0x080001b7   Thumb Code     0  startup_stm32f407xx.o(.text)
    DMA2_Stream2_IRQHandler                  0x080001b7   Thumb Code     0  startup_stm32f407xx.o(.text)
    DMA2_Stream3_IRQHandler                  0x080001b7   Thumb Code     0  startup_stm32f407xx.o(.text)
    DMA2_Stream4_IRQHandler                  0x080001b7   Thumb Code     0  startup_stm32f407xx.o(.text)
    DMA2_Stream5_IRQHandler                  0x080001b7   Thumb Code     0  startup_stm32f407xx.o(.text)
    DMA2_Stream6_IRQHandler                  0x080001b7   Thumb Code     0  startup_stm32f407xx.o(.text)
    DMA2_Stream7_IRQHandler                  0x080001b7   Thumb Code     0  startup_stm32f407xx.o(.text)
    ETH_IRQHandler                           0x080001b7   Thumb Code     0  startup_stm32f407xx.o(.text)
    ETH_WKUP_IRQHandler                      0x080001b7   Thumb Code     0  startup_stm32f407xx.o(.text)
    EXTI0_IRQHandler                         0x080001b7   Thumb Code     0  startup_stm32f407xx.o(.text)
    EXTI15_10_IRQHandler                     0x080001b7   Thumb Code     0  startup_stm32f407xx.o(.text)
    EXTI1_IRQHandler                         0x080001b7   Thumb Code     0  startup_stm32f407xx.o(.text)
    EXTI2_IRQHandler                         0x080001b7   Thumb Code     0  startup_stm32f407xx.o(.text)
    EXTI3_IRQHandler                         0x080001b7   Thumb Code     0  startup_stm32f407xx.o(.text)
    EXTI4_IRQHandler                         0x080001b7   Thumb Code     0  startup_stm32f407xx.o(.text)
    EXTI9_5_IRQHandler                       0x080001b7   Thumb Code     0  startup_stm32f407xx.o(.text)
    FLASH_IRQHandler                         0x080001b7   Thumb Code     0  startup_stm32f407xx.o(.text)
    FMC_IRQHandler                           0x080001b7   Thumb Code     0  startup_stm32f407xx.o(.text)
    FPU_IRQHandler                           0x080001b7   Thumb Code     0  startup_stm32f407xx.o(.text)
    HASH_RNG_IRQHandler                      0x080001b7   Thumb Code     0  startup_stm32f407xx.o(.text)
    I2C1_ER_IRQHandler                       0x080001b7   Thumb Code     0  startup_stm32f407xx.o(.text)
    I2C1_EV_IRQHandler                       0x080001b7   Thumb Code     0  startup_stm32f407xx.o(.text)
    I2C2_ER_IRQHandler                       0x080001b7   Thumb Code     0  startup_stm32f407xx.o(.text)
    I2C2_EV_IRQHandler                       0x080001b7   Thumb Code     0  startup_stm32f407xx.o(.text)
    I2C3_ER_IRQHandler                       0x080001b7   Thumb Code     0  startup_stm32f407xx.o(.text)
    I2C3_EV_IRQHandler                       0x080001b7   Thumb Code     0  startup_stm32f407xx.o(.text)
    OTG_FS_WKUP_IRQHandler                   0x080001b7   Thumb Code     0  startup_stm32f407xx.o(.text)
    OTG_HS_EP1_IN_IRQHandler                 0x080001b7   Thumb Code     0  startup_stm32f407xx.o(.text)
    OTG_HS_EP1_OUT_IRQHandler                0x080001b7   Thumb Code     0  startup_stm32f407xx.o(.text)
    OTG_HS_IRQHandler                        0x080001b7   Thumb Code     0  startup_stm32f407xx.o(.text)
    OTG_HS_WKUP_IRQHandler                   0x080001b7   Thumb Code     0  startup_stm32f407xx.o(.text)
    PVD_IRQHandler                           0x080001b7   Thumb Code     0  startup_stm32f407xx.o(.text)
    RCC_IRQHandler                           0x080001b7   Thumb Code     0  startup_stm32f407xx.o(.text)
    RTC_Alarm_IRQHandler                     0x080001b7   Thumb Code     0  startup_stm32f407xx.o(.text)
    RTC_WKUP_IRQHandler                      0x080001b7   Thumb Code     0  startup_stm32f407xx.o(.text)
    SDIO_IRQHandler                          0x080001b7   Thumb Code     0  startup_stm32f407xx.o(.text)
    SPI1_IRQHandler                          0x080001b7   Thumb Code     0  startup_stm32f407xx.o(.text)
    SPI2_IRQHandler                          0x080001b7   Thumb Code     0  startup_stm32f407xx.o(.text)
    SPI3_IRQHandler                          0x080001b7   Thumb Code     0  startup_stm32f407xx.o(.text)
    TAMP_STAMP_IRQHandler                    0x080001b7   Thumb Code     0  startup_stm32f407xx.o(.text)
    TIM1_BRK_TIM9_IRQHandler                 0x080001b7   Thumb Code     0  startup_stm32f407xx.o(.text)
    TIM1_CC_IRQHandler                       0x080001b7   Thumb Code     0  startup_stm32f407xx.o(.text)
    TIM1_TRG_COM_TIM11_IRQHandler            0x080001b7   Thumb Code     0  startup_stm32f407xx.o(.text)
    TIM1_UP_TIM10_IRQHandler                 0x080001b7   Thumb Code     0  startup_stm32f407xx.o(.text)
    TIM2_IRQHandler                          0x080001b7   Thumb Code     0  startup_stm32f407xx.o(.text)
    TIM3_IRQHandler                          0x080001b7   Thumb Code     0  startup_stm32f407xx.o(.text)
    TIM4_IRQHandler                          0x080001b7   Thumb Code     0  startup_stm32f407xx.o(.text)
    TIM5_IRQHandler                          0x080001b7   Thumb Code     0  startup_stm32f407xx.o(.text)
    TIM6_DAC_IRQHandler                      0x080001b7   Thumb Code     0  startup_stm32f407xx.o(.text)
    TIM7_IRQHandler                          0x080001b7   Thumb Code     0  startup_stm32f407xx.o(.text)
    TIM8_BRK_TIM12_IRQHandler                0x080001b7   Thumb Code     0  startup_stm32f407xx.o(.text)
    TIM8_CC_IRQHandler                       0x080001b7   Thumb Code     0  startup_stm32f407xx.o(.text)
    TIM8_TRG_COM_TIM14_IRQHandler            0x080001b7   Thumb Code     0  startup_stm32f407xx.o(.text)
    TIM8_UP_TIM13_IRQHandler                 0x080001b7   Thumb Code     0  startup_stm32f407xx.o(.text)
    UART4_IRQHandler                         0x080001b7   Thumb Code     0  startup_stm32f407xx.o(.text)
    UART5_IRQHandler                         0x080001b7   Thumb Code     0  startup_stm32f407xx.o(.text)
    USART1_IRQHandler                        0x080001b7   Thumb Code     0  startup_stm32f407xx.o(.text)
    USART2_IRQHandler                        0x080001b7   Thumb Code     0  startup_stm32f407xx.o(.text)
    USART3_IRQHandler                        0x080001b7   Thumb Code     0  startup_stm32f407xx.o(.text)
    USART6_IRQHandler                        0x080001b7   Thumb Code     0  startup_stm32f407xx.o(.text)
    WWDG_IRQHandler                          0x080001b7   Thumb Code     0  startup_stm32f407xx.o(.text)
    __aeabi_uldivmod                         0x080001c1   Thumb Code    98  uldiv.o(.text)
    __aeabi_memcpy                           0x08000223   Thumb Code    36  memcpya.o(.text)
    __aeabi_memcpy4                          0x08000223   Thumb Code     0  memcpya.o(.text)
    __aeabi_memcpy8                          0x08000223   Thumb Code     0  memcpya.o(.text)
    __aeabi_memset                           0x08000247   Thumb Code    14  memseta.o(.text)
    __aeabi_memset4                          0x08000247   Thumb Code     0  memseta.o(.text)
    __aeabi_memset8                          0x08000247   Thumb Code     0  memseta.o(.text)
    __aeabi_memclr                           0x08000255   Thumb Code     4  memseta.o(.text)
    __aeabi_memclr4                          0x08000255   Thumb Code     0  memseta.o(.text)
    __aeabi_memclr8                          0x08000255   Thumb Code     0  memseta.o(.text)
    _memset$wrapper                          0x08000259   Thumb Code    18  memseta.o(.text)
    strlen                                   0x0800026b   Thumb Code    14  strlen.o(.text)
    __aeabi_dmul                             0x08000279   Thumb Code   228  dmul.o(.text)
    __aeabi_ui2d                             0x0800035d   Thumb Code    26  dfltui.o(.text)
    __aeabi_d2uiz                            0x08000377   Thumb Code    50  dfixui.o(.text)
    __aeabi_uidiv                            0x080003a9   Thumb Code     0  uidiv.o(.text)
    __aeabi_uidivmod                         0x080003a9   Thumb Code    44  uidiv.o(.text)
    __aeabi_llsl                             0x080003d5   Thumb Code    30  llshl.o(.text)
    _ll_shift_l                              0x080003d5   Thumb Code     0  llshl.o(.text)
    __aeabi_llsr                             0x080003f3   Thumb Code    32  llushr.o(.text)
    _ll_ushift_r                             0x080003f3   Thumb Code     0  llushr.o(.text)
    __I$use$fp                               0x08000413   Thumb Code     0  iusefp.o(.text)
    _double_round                            0x08000413   Thumb Code    30  depilogue.o(.text)
    _double_epilogue                         0x08000431   Thumb Code   156  depilogue.o(.text)
    __scatterload                            0x080004cd   Thumb Code    28  init.o(.text)
    __scatterload_rt2                        0x080004cd   Thumb Code     0  init.o(.text)
    __decompress                             0x080004f1   Thumb Code     0  __dczerorl2.o(.text)
    __decompress1                            0x080004f1   Thumb Code    86  __dczerorl2.o(.text)
    ADC_IRQHandler                           0x08000549   Thumb Code     6  stm32f4xx_it.o(i.ADC_IRQHandler)
    BusFault_Handler                         0x0800067d   Thumb Code     2  stm32f4xx_it.o(i.BusFault_Handler)
    CDC_Transmit_FS                          0x080006d5   Thumb Code    38  usbd_cdc_if.o(i.CDC_Transmit_FS)
    DebugMon_Handler                         0x08000701   Thumb Code     2  stm32f4xx_it.o(i.DebugMon_Handler)
    Error_Handler                            0x08000703   Thumb Code     4  main.o(i.Error_Handler)
    HAL_ADCEx_InjectedConvCpltCallback       0x08000707   Thumb Code     2  stm32f4xx_hal_adc_ex.o(i.HAL_ADCEx_InjectedConvCpltCallback)
    HAL_ADC_ConfigChannel                    0x08000709   Thumb Code   316  stm32f4xx_hal_adc.o(i.HAL_ADC_ConfigChannel)
    HAL_ADC_ConvCpltCallback                 0x08000855   Thumb Code     2  stm32f4xx_hal_adc.o(i.HAL_ADC_ConvCpltCallback)
    HAL_ADC_ErrorCallback                    0x08000857   Thumb Code     2  stm32f4xx_hal_adc.o(i.HAL_ADC_ErrorCallback)
    HAL_ADC_GetValue                         0x08000859   Thumb Code     6  stm32f4xx_hal_adc.o(i.HAL_ADC_GetValue)
    HAL_ADC_IRQHandler                       0x0800085f   Thumb Code   316  stm32f4xx_hal_adc.o(i.HAL_ADC_IRQHandler)
    HAL_ADC_Init                             0x0800099b   Thumb Code    84  stm32f4xx_hal_adc.o(i.HAL_ADC_Init)
    HAL_ADC_LevelOutOfWindowCallback         0x080009ef   Thumb Code     2  stm32f4xx_hal_adc.o(i.HAL_ADC_LevelOutOfWindowCallback)
    HAL_ADC_MspInit                          0x080009f1   Thumb Code   100  adc.o(i.HAL_ADC_MspInit)
    HAL_ADC_PollForConversion                0x08000a61   Thumb Code   170  stm32f4xx_hal_adc.o(i.HAL_ADC_PollForConversion)
    HAL_ADC_Start                            0x08000b0d   Thumb Code   228  stm32f4xx_hal_adc.o(i.HAL_ADC_Start)
    HAL_Delay                                0x08000c09   Thumb Code    32  stm32f4xx_hal.o(i.HAL_Delay)
    HAL_GPIO_Init                            0x08000c2d   Thumb Code   448  stm32f4xx_hal_gpio.o(i.HAL_GPIO_Init)
    HAL_GetTick                              0x08000e19   Thumb Code     6  stm32f4xx_hal.o(i.HAL_GetTick)
    HAL_IncTick                              0x08000e25   Thumb Code    12  stm32f4xx_hal.o(i.HAL_IncTick)
    HAL_Init                                 0x08000e35   Thumb Code    48  stm32f4xx_hal.o(i.HAL_Init)
    HAL_InitTick                             0x08000e69   Thumb Code    54  stm32f4xx_hal.o(i.HAL_InitTick)
    HAL_MspInit                              0x08000ea9   Thumb Code    42  stm32f4xx_hal_msp.o(i.HAL_MspInit)
    HAL_NVIC_EnableIRQ                       0x08000ed9   Thumb Code    26  stm32f4xx_hal_cortex.o(i.HAL_NVIC_EnableIRQ)
    HAL_NVIC_SetPriority                     0x08000ef5   Thumb Code    60  stm32f4xx_hal_cortex.o(i.HAL_NVIC_SetPriority)
    HAL_NVIC_SetPriorityGrouping             0x08000f35   Thumb Code    26  stm32f4xx_hal_cortex.o(i.HAL_NVIC_SetPriorityGrouping)
    HAL_PCDEx_LPM_Callback                   0x08000f59   Thumb Code     2  stm32f4xx_hal_pcd_ex.o(i.HAL_PCDEx_LPM_Callback)
    HAL_PCDEx_SetRxFiFo                      0x08000f5b   Thumb Code     8  stm32f4xx_hal_pcd_ex.o(i.HAL_PCDEx_SetRxFiFo)
    HAL_PCDEx_SetTxFiFo                      0x08000f63   Thumb Code    68  stm32f4xx_hal_pcd_ex.o(i.HAL_PCDEx_SetTxFiFo)
    HAL_PCD_ConnectCallback                  0x08000fa7   Thumb Code     8  usbd_conf.o(i.HAL_PCD_ConnectCallback)
    HAL_PCD_DataInStageCallback              0x08000faf   Thumb Code    18  usbd_conf.o(i.HAL_PCD_DataInStageCallback)
    HAL_PCD_DataOutStageCallback             0x08000fc1   Thumb Code    20  usbd_conf.o(i.HAL_PCD_DataOutStageCallback)
    HAL_PCD_DisconnectCallback               0x08000fd5   Thumb Code     8  usbd_conf.o(i.HAL_PCD_DisconnectCallback)
    HAL_PCD_EP_Close                         0x08000fdd   Thumb Code    76  stm32f4xx_hal_pcd.o(i.HAL_PCD_EP_Close)
    HAL_PCD_EP_ClrStall                      0x08001029   Thumb Code    92  stm32f4xx_hal_pcd.o(i.HAL_PCD_EP_ClrStall)
    HAL_PCD_EP_GetRxCount                    0x08001085   Thumb Code    18  stm32f4xx_hal_pcd.o(i.HAL_PCD_EP_GetRxCount)
    HAL_PCD_EP_Open                          0x08001097   Thumb Code    96  stm32f4xx_hal_pcd.o(i.HAL_PCD_EP_Open)
    HAL_PCD_EP_Receive                       0x080010f7   Thumb Code    72  stm32f4xx_hal_pcd.o(i.HAL_PCD_EP_Receive)
    HAL_PCD_EP_SetStall                      0x0800113f   Thumb Code   116  stm32f4xx_hal_pcd.o(i.HAL_PCD_EP_SetStall)
    HAL_PCD_EP_Transmit                      0x080011b3   Thumb Code    64  stm32f4xx_hal_pcd.o(i.HAL_PCD_EP_Transmit)
    HAL_PCD_IRQHandler                       0x080011f5   Thumb Code  1070  stm32f4xx_hal_pcd.o(i.HAL_PCD_IRQHandler)
    HAL_PCD_ISOINIncompleteCallback          0x08001629   Thumb Code     8  usbd_conf.o(i.HAL_PCD_ISOINIncompleteCallback)
    HAL_PCD_ISOOUTIncompleteCallback         0x08001631   Thumb Code     8  usbd_conf.o(i.HAL_PCD_ISOOUTIncompleteCallback)
    HAL_PCD_Init                             0x08001639   Thumb Code   226  stm32f4xx_hal_pcd.o(i.HAL_PCD_Init)
    HAL_PCD_MspInit                          0x0800171d   Thumb Code   122  usbd_conf.o(i.HAL_PCD_MspInit)
    HAL_PCD_ResetCallback                    0x080017a1   Thumb Code    44  usbd_conf.o(i.HAL_PCD_ResetCallback)
    HAL_PCD_ResumeCallback                   0x080017cd   Thumb Code     8  usbd_conf.o(i.HAL_PCD_ResumeCallback)
    HAL_PCD_SOFCallback                      0x080017d5   Thumb Code     8  usbd_conf.o(i.HAL_PCD_SOFCallback)
    HAL_PCD_SetAddress                       0x080017dd   Thumb Code    40  stm32f4xx_hal_pcd.o(i.HAL_PCD_SetAddress)
    HAL_PCD_SetupStageCallback               0x08001805   Thumb Code    14  usbd_conf.o(i.HAL_PCD_SetupStageCallback)
    HAL_PCD_Start                            0x08001813   Thumb Code    66  stm32f4xx_hal_pcd.o(i.HAL_PCD_Start)
    HAL_PCD_SuspendCallback                  0x08001855   Thumb Code    44  usbd_conf.o(i.HAL_PCD_SuspendCallback)
    HAL_RCC_ClockConfig                      0x08001885   Thumb Code   288  stm32f4xx_hal_rcc.o(i.HAL_RCC_ClockConfig)
    HAL_RCC_GetHCLKFreq                      0x080019b9   Thumb Code     6  stm32f4xx_hal_rcc.o(i.HAL_RCC_GetHCLKFreq)
    HAL_RCC_GetSysClockFreq                  0x080019c5   Thumb Code    88  stm32f4xx_hal_rcc.o(i.HAL_RCC_GetSysClockFreq)
    HAL_RCC_OscConfig                        0x08001a25   Thumb Code   856  stm32f4xx_hal_rcc.o(i.HAL_RCC_OscConfig)
    HAL_SYSTICK_Config                       0x08001d91   Thumb Code    40  stm32f4xx_hal_cortex.o(i.HAL_SYSTICK_Config)
    HardFault_Handler                        0x08001db9   Thumb Code     2  stm32f4xx_it.o(i.HardFault_Handler)
    MX_ADC1_Init                             0x08001df5   Thumb Code    84  adc.o(i.MX_ADC1_Init)
    MX_GPIO_Init                             0x08001e55   Thumb Code    38  gpio.o(i.MX_GPIO_Init)
    MX_USB_DEVICE_Init                       0x08001e81   Thumb Code    66  usb_device.o(i.MX_USB_DEVICE_Init)
    MemManage_Handler                        0x08001ed5   Thumb Code     2  stm32f4xx_it.o(i.MemManage_Handler)
    NMI_Handler                              0x08001ed7   Thumb Code     2  stm32f4xx_it.o(i.NMI_Handler)
    OTG_FS_IRQHandler                        0x08001ed9   Thumb Code     6  stm32f4xx_it.o(i.OTG_FS_IRQHandler)
    PendSV_Handler                           0x08002053   Thumb Code     2  stm32f4xx_it.o(i.PendSV_Handler)
    SVC_Handler                              0x08002055   Thumb Code     2  stm32f4xx_it.o(i.SVC_Handler)
    SysTick_Handler                          0x08002061   Thumb Code     4  stm32f4xx_it.o(i.SysTick_Handler)
    SystemClock_Config                       0x08002065   Thumb Code   136  main.o(i.SystemClock_Config)
    SystemInit                               0x080020f5   Thumb Code    12  system_stm32f4xx.o(i.SystemInit)
    USBD_CDC_GetDeviceQualifierDescriptor    0x08002209   Thumb Code     8  usbd_cdc.o(i.USBD_CDC_GetDeviceQualifierDescriptor)
    USBD_CDC_ReceivePacket                   0x080022db   Thumb Code    40  usbd_cdc.o(i.USBD_CDC_ReceivePacket)
    USBD_CDC_RegisterInterface               0x08002303   Thumb Code    14  usbd_cdc.o(i.USBD_CDC_RegisterInterface)
    USBD_CDC_SetRxBuffer                     0x08002311   Thumb Code    18  usbd_cdc.o(i.USBD_CDC_SetRxBuffer)
    USBD_CDC_SetTxBuffer                     0x08002323   Thumb Code    22  usbd_cdc.o(i.USBD_CDC_SetTxBuffer)
    USBD_CDC_TransmitPacket                  0x080023f7   Thumb Code    54  usbd_cdc.o(i.USBD_CDC_TransmitPacket)
    USBD_ClrClassConfig                      0x0800242d   Thumb Code    16  usbd_core.o(i.USBD_ClrClassConfig)
    USBD_CtlContinueRx                       0x0800243d   Thumb Code    16  usbd_ioreq.o(i.USBD_CtlContinueRx)
    USBD_CtlContinueSendData                 0x0800244d   Thumb Code    16  usbd_ioreq.o(i.USBD_CtlContinueSendData)
    USBD_CtlError                            0x0800245d   Thumb Code    22  usbd_ctlreq.o(i.USBD_CtlError)
    USBD_CtlPrepareRx                        0x08002473   Thumb Code    30  usbd_ioreq.o(i.USBD_CtlPrepareRx)
    USBD_CtlReceiveStatus                    0x08002491   Thumb Code    22  usbd_ioreq.o(i.USBD_CtlReceiveStatus)
    USBD_CtlSendData                         0x080024a7   Thumb Code    26  usbd_ioreq.o(i.USBD_CtlSendData)
    USBD_CtlSendStatus                       0x080024c1   Thumb Code    22  usbd_ioreq.o(i.USBD_CtlSendStatus)
    USBD_FS_ConfigStrDescriptor              0x080024d9   Thumb Code    16  usbd_desc.o(i.USBD_FS_ConfigStrDescriptor)
    USBD_FS_DeviceDescriptor                 0x080024f9   Thumb Code     8  usbd_desc.o(i.USBD_FS_DeviceDescriptor)
    USBD_FS_InterfaceStrDescriptor           0x08002505   Thumb Code    16  usbd_desc.o(i.USBD_FS_InterfaceStrDescriptor)
    USBD_FS_LangIDStrDescriptor              0x08002529   Thumb Code     8  usbd_desc.o(i.USBD_FS_LangIDStrDescriptor)
    USBD_FS_ManufacturerStrDescriptor        0x08002535   Thumb Code    16  usbd_desc.o(i.USBD_FS_ManufacturerStrDescriptor)
    USBD_FS_ProductStrDescriptor             0x0800255d   Thumb Code    16  usbd_desc.o(i.USBD_FS_ProductStrDescriptor)
    USBD_FS_SerialStrDescriptor              0x08002589   Thumb Code    48  usbd_desc.o(i.USBD_FS_SerialStrDescriptor)
    USBD_GetString                           0x080026a7   Thumb Code    72  usbd_ctlreq.o(i.USBD_GetString)
    USBD_Get_USB_Status                      0x080026ef   Thumb Code    24  usbd_conf.o(i.USBD_Get_USB_Status)
    USBD_Init                                0x08002707   Thumb Code    38  usbd_core.o(i.USBD_Init)
    USBD_LL_ClearStallEP                     0x0800272d   Thumb Code    18  usbd_conf.o(i.USBD_LL_ClearStallEP)
    USBD_LL_CloseEP                          0x0800273f   Thumb Code    18  usbd_conf.o(i.USBD_LL_CloseEP)
    USBD_LL_DataInStage                      0x08002751   Thumb Code   168  usbd_core.o(i.USBD_LL_DataInStage)
    USBD_LL_DataOutStage                     0x080027f9   Thumb Code   108  usbd_core.o(i.USBD_LL_DataOutStage)
    USBD_LL_DevConnected                     0x08002865   Thumb Code     4  usbd_core.o(i.USBD_LL_DevConnected)
    USBD_LL_DevDisconnected                  0x08002869   Thumb Code    24  usbd_core.o(i.USBD_LL_DevDisconnected)
    USBD_LL_GetRxDataSize                    0x08002881   Thumb Code     8  usbd_conf.o(i.USBD_LL_GetRxDataSize)
    USBD_LL_Init                             0x08002889   Thumb Code    90  usbd_conf.o(i.USBD_LL_Init)
    USBD_LL_IsStallEP                        0x080028e9   Thumb Code    32  usbd_conf.o(i.USBD_LL_IsStallEP)
    USBD_LL_IsoINIncomplete                  0x08002909   Thumb Code    32  usbd_core.o(i.USBD_LL_IsoINIncomplete)
    USBD_LL_IsoOUTIncomplete                 0x08002929   Thumb Code    32  usbd_core.o(i.USBD_LL_IsoOUTIncomplete)
    USBD_LL_OpenEP                           0x08002949   Thumb Code    24  usbd_conf.o(i.USBD_LL_OpenEP)
    USBD_LL_PrepareReceive                   0x08002961   Thumb Code    18  usbd_conf.o(i.USBD_LL_PrepareReceive)
    USBD_LL_Reset                            0x08002973   Thumb Code    90  usbd_core.o(i.USBD_LL_Reset)
    USBD_LL_Resume                           0x080029cd   Thumb Code    20  usbd_core.o(i.USBD_LL_Resume)
    USBD_LL_SOF                              0x080029e1   Thumb Code    32  usbd_core.o(i.USBD_LL_SOF)
    USBD_LL_SetSpeed                         0x08002a01   Thumb Code     6  usbd_core.o(i.USBD_LL_SetSpeed)
    USBD_LL_SetUSBAddress                    0x08002a07   Thumb Code    18  usbd_conf.o(i.USBD_LL_SetUSBAddress)
    USBD_LL_SetupStage                       0x08002a19   Thumb Code    96  usbd_core.o(i.USBD_LL_SetupStage)
    USBD_LL_StallEP                          0x08002a79   Thumb Code    18  usbd_conf.o(i.USBD_LL_StallEP)
    USBD_LL_Start                            0x08002a8b   Thumb Code    18  usbd_conf.o(i.USBD_LL_Start)
    USBD_LL_Suspend                          0x08002a9d   Thumb Code    18  usbd_core.o(i.USBD_LL_Suspend)
    USBD_LL_Transmit                         0x08002aaf   Thumb Code    18  usbd_conf.o(i.USBD_LL_Transmit)
    USBD_ParseSetupRequest                   0x08002ac1   Thumb Code    44  usbd_ctlreq.o(i.USBD_ParseSetupRequest)
    USBD_RegisterClass                       0x08002aed   Thumb Code    36  usbd_core.o(i.USBD_RegisterClass)
    USBD_SetClassConfig                      0x08002b11   Thumb Code    20  usbd_core.o(i.USBD_SetClassConfig)
    USBD_Start                               0x08002be1   Thumb Code     4  usbd_core.o(i.USBD_Start)
    USBD_StdDevReq                           0x08002be5   Thumb Code   276  usbd_ctlreq.o(i.USBD_StdDevReq)
    USBD_StdEPReq                            0x08002cf9   Thumb Code   320  usbd_ctlreq.o(i.USBD_StdEPReq)
    USBD_StdItfReq                           0x08002e39   Thumb Code    82  usbd_ctlreq.o(i.USBD_StdItfReq)
    USBD_static_free                         0x08002e8b   Thumb Code     2  usbd_conf.o(i.USBD_static_free)
    USBD_static_malloc                       0x08002e8d   Thumb Code     4  usbd_conf.o(i.USBD_static_malloc)
    USB_ActivateEndpoint                     0x08002e95   Thumb Code   122  stm32f4xx_ll_usb.o(i.USB_ActivateEndpoint)
    USB_ActivateSetup                        0x08002f15   Thumb Code    28  stm32f4xx_ll_usb.o(i.USB_ActivateSetup)
    USB_CoreInit                             0x08002f31   Thumb Code   112  stm32f4xx_ll_usb.o(i.USB_CoreInit)
    USB_DeactivateEndpoint                   0x08002fdd   Thumb Code   194  stm32f4xx_ll_usb.o(i.USB_DeactivateEndpoint)
    USB_DevConnect                           0x080030a9   Thumb Code    28  stm32f4xx_ll_usb.o(i.USB_DevConnect)
    USB_DevDisconnect                        0x080030c5   Thumb Code    28  stm32f4xx_ll_usb.o(i.USB_DevDisconnect)
    USB_DevInit                              0x080030e1   Thumb Code   362  stm32f4xx_ll_usb.o(i.USB_DevInit)
    USB_DisableGlobalInt                     0x08003255   Thumb Code    12  stm32f4xx_ll_usb.o(i.USB_DisableGlobalInt)
    USB_EP0StartXfer                         0x08003261   Thumb Code   276  stm32f4xx_ll_usb.o(i.USB_EP0StartXfer)
    USB_EP0_OutStart                         0x08003379   Thumb Code    84  stm32f4xx_ll_usb.o(i.USB_EP0_OutStart)
    USB_EPClearStall                         0x080033d1   Thumb Code    88  stm32f4xx_ll_usb.o(i.USB_EPClearStall)
    USB_EPSetStall                           0x08003429   Thumb Code    88  stm32f4xx_ll_usb.o(i.USB_EPSetStall)
    USB_EPStartXfer                          0x08003481   Thumb Code   482  stm32f4xx_ll_usb.o(i.USB_EPStartXfer)
    USB_EnableGlobalInt                      0x08003669   Thumb Code    12  stm32f4xx_ll_usb.o(i.USB_EnableGlobalInt)
    USB_FlushRxFifo                          0x08003675   Thumb Code    28  stm32f4xx_ll_usb.o(i.USB_FlushRxFifo)
    USB_FlushTxFifo                          0x08003695   Thumb Code    32  stm32f4xx_ll_usb.o(i.USB_FlushTxFifo)
    USB_GetDevSpeed                          0x080036b9   Thumb Code    26  stm32f4xx_ll_usb.o(i.USB_GetDevSpeed)
    USB_GetMode                              0x080036d3   Thumb Code     8  stm32f4xx_ll_usb.o(i.USB_GetMode)
    USB_ReadDevAllInEpInterrupt              0x080036db   Thumb Code    14  stm32f4xx_ll_usb.o(i.USB_ReadDevAllInEpInterrupt)
    USB_ReadDevAllOutEpInterrupt             0x080036e9   Thumb Code    14  stm32f4xx_ll_usb.o(i.USB_ReadDevAllOutEpInterrupt)
    USB_ReadDevInEPInterrupt                 0x080036f7   Thumb Code    36  stm32f4xx_ll_usb.o(i.USB_ReadDevInEPInterrupt)
    USB_ReadDevOutEPInterrupt                0x0800371b   Thumb Code    16  stm32f4xx_ll_usb.o(i.USB_ReadDevOutEPInterrupt)
    USB_ReadInterrupts                       0x0800372b   Thumb Code     8  stm32f4xx_ll_usb.o(i.USB_ReadInterrupts)
    USB_ReadPacket                           0x08003733   Thumb Code    28  stm32f4xx_ll_usb.o(i.USB_ReadPacket)
    USB_SetCurrentMode                       0x0800374f   Thumb Code    46  stm32f4xx_ll_usb.o(i.USB_SetCurrentMode)
    USB_SetDevAddress                        0x0800377d   Thumb Code    34  stm32f4xx_ll_usb.o(i.USB_SetDevAddress)
    USB_SetTurnaroundTime                    0x080037a1   Thumb Code   158  stm32f4xx_ll_usb.o(i.USB_SetTurnaroundTime)
    USB_WritePacket                          0x08003889   Thumb Code    36  stm32f4xx_ll_usb.o(i.USB_WritePacket)
    UsageFault_Handler                       0x080038ad   Thumb Code     2  stm32f4xx_it.o(i.UsageFault_Handler)
    __0sprintf$1                             0x080038b1   Thumb Code    34  printf1.o(i.__0sprintf$1)
    __1sprintf$1                             0x080038b1   Thumb Code     0  printf1.o(i.__0sprintf$1)
    __2sprintf                               0x080038b1   Thumb Code     0  printf1.o(i.__0sprintf$1)
    __scatterload_copy                       0x080038f9   Thumb Code    14  handlers.o(i.__scatterload_copy)
    __scatterload_null                       0x08003907   Thumb Code     2  handlers.o(i.__scatterload_null)
    __scatterload_zeroinit                   0x08003909   Thumb Code    14  handlers.o(i.__scatterload_zeroinit)
    main                                     0x08003a79   Thumb Code   114  main.o(i.main)
    AHBPrescTable                            0x08003b0c   Data          16  system_stm32f4xx.o(.constdata)
    Region$$Table$$Base                      0x08003b1c   Number         0  anon$$obj.o(Region$$Table)
    Region$$Table$$Limit                     0x08003b3c   Number         0  anon$$obj.o(Region$$Table)
    uwTickFreq                               0x20000000   Data           1  stm32f4xx_hal.o(.data)
    uwTickPrio                               0x20000004   Data           4  stm32f4xx_hal.o(.data)
    uwTick                                   0x20000008   Data           4  stm32f4xx_hal.o(.data)
    SystemCoreClock                          0x2000000c   Data           4  system_stm32f4xx.o(.data)
    FS_Desc                                  0x20000010   Data          28  usbd_desc.o(.data)
    USBD_LangIDDesc                          0x2000002c   Data           4  usbd_desc.o(.data)
    USBD_FS_DeviceDesc                       0x20000030   Data          18  usbd_desc.o(.data)
    USBD_StringSerial                        0x20000044   Data          26  usbd_desc.o(.data)
    USBD_Interface_fops_FS                   0x20000060   Data          20  usbd_cdc_if.o(.data)
    USBD_CDC                                 0x20000150   Data          56  usbd_cdc.o(.data)
    hadc1                                    0x20000188   Data          72  adc.o(.bss)
    hUsbDeviceFS                             0x200001d0   Data         720  usb_device.o(.bss)
    USBD_StrDesc                             0x200004a0   Data         512  usbd_desc.o(.bss)
    UserRxBufferFS                           0x200006a0   Data        2048  usbd_cdc_if.o(.bss)
    UserTxBufferFS                           0x20000ea0   Data        2048  usbd_cdc_if.o(.bss)
    hpcd_USB_OTG_FS                          0x200018c0   Data        1032  usbd_conf.o(.bss)
    __initial_sp                             0x20005cc8   Data           0  startup_stm32f407xx.o(STACK)



==============================================================================

Memory Map of the image

  Image Entry point : 0x08000189

  Load Region LR_IROM1 (Base: 0x08000000, Size: 0x00003cc4, Max: 0x00100000, ABSOLUTE, COMPRESSED[0x00003c00])

    Execution Region ER_IROM1 (Exec base: 0x08000000, Load base: 0x08000000, Size: 0x00003b3c, Max: 0x00100000, ABSOLUTE)

    Exec Addr    Load Addr    Size         Type   Attr      Idx    E Section Name        Object

    0x08000000   0x08000000   0x00000188   Data   RO            3    RESET               startup_stm32f407xx.o
    0x08000188   0x08000188   0x00000000   Code   RO         3190  * .ARM.Collect$$$$00000000  mc_w.l(entry.o)
    0x08000188   0x08000188   0x00000004   Code   RO         3470    .ARM.Collect$$$$00000001  mc_w.l(entry2.o)
    0x0800018c   0x0800018c   0x00000004   Code   RO         3473    .ARM.Collect$$$$00000004  mc_w.l(entry5.o)
    0x08000190   0x08000190   0x00000000   Code   RO         3475    .ARM.Collect$$$$00000008  mc_w.l(entry7b.o)
    0x08000190   0x08000190   0x00000000   Code   RO         3477    .ARM.Collect$$$$0000000A  mc_w.l(entry8b.o)
    0x08000190   0x08000190   0x00000008   Code   RO         3478    .ARM.Collect$$$$0000000B  mc_w.l(entry9a.o)
    0x08000198   0x08000198   0x00000000   Code   RO         3480    .ARM.Collect$$$$0000000D  mc_w.l(entry10a.o)
    0x08000198   0x08000198   0x00000000   Code   RO         3482    .ARM.Collect$$$$0000000F  mc_w.l(entry11a.o)
    0x08000198   0x08000198   0x00000004   Code   RO         3471    .ARM.Collect$$$$00002712  mc_w.l(entry2.o)
    0x0800019c   0x0800019c   0x00000024   Code   RO            4    .text               startup_stm32f407xx.o
    0x080001c0   0x080001c0   0x00000062   Code   RO         3193    .text               mc_w.l(uldiv.o)
    0x08000222   0x08000222   0x00000024   Code   RO         3195    .text               mc_w.l(memcpya.o)
    0x08000246   0x08000246   0x00000024   Code   RO         3197    .text               mc_w.l(memseta.o)
    0x0800026a   0x0800026a   0x0000000e   Code   RO         3199    .text               mc_w.l(strlen.o)
    0x08000278   0x08000278   0x000000e4   Code   RO         3464    .text               mf_w.l(dmul.o)
    0x0800035c   0x0800035c   0x0000001a   Code   RO         3466    .text               mf_w.l(dfltui.o)
    0x08000376   0x08000376   0x00000032   Code   RO         3468    .text               mf_w.l(dfixui.o)
    0x080003a8   0x080003a8   0x0000002c   Code   RO         3487    .text               mc_w.l(uidiv.o)
    0x080003d4   0x080003d4   0x0000001e   Code   RO         3489    .text               mc_w.l(llshl.o)
    0x080003f2   0x080003f2   0x00000020   Code   RO         3491    .text               mc_w.l(llushr.o)
    0x08000412   0x08000412   0x00000000   Code   RO         3493    .text               mc_w.l(iusefp.o)
    0x08000412   0x08000412   0x000000ba   Code   RO         3494    .text               mf_w.l(depilogue.o)
    0x080004cc   0x080004cc   0x00000024   Code   RO         3504    .text               mc_w.l(init.o)
    0x080004f0   0x080004f0   0x00000056   Code   RO         3518    .text               mc_w.l(__dczerorl2.o)
    0x08000546   0x08000546   0x00000002   PAD
    0x08000548   0x08000548   0x0000000c   Code   RO          273    i.ADC_IRQHandler    stm32f4xx_it.o
    0x08000554   0x08000554   0x00000128   Code   RO         2086    i.ADC_Init          stm32f4xx_hal_adc.o
    0x0800067c   0x0800067c   0x00000002   Code   RO          274    i.BusFault_Handler  stm32f4xx_it.o
    0x0800067e   0x0800067e   0x00000004   Code   RO         2552    i.CDC_Control_FS    usbd_cdc_if.o
    0x08000682   0x08000682   0x00000004   Code   RO         2553    i.CDC_DeInit_FS     usbd_cdc_if.o
    0x08000686   0x08000686   0x00000002   PAD
    0x08000688   0x08000688   0x00000024   Code   RO         2554    i.CDC_Init_FS       usbd_cdc_if.o
    0x080006ac   0x080006ac   0x00000024   Code   RO         2555    i.CDC_Receive_FS    usbd_cdc_if.o
    0x080006d0   0x080006d0   0x00000004   Code   RO         2556    i.CDC_TransmitCplt_FS  usbd_cdc_if.o
    0x080006d4   0x080006d4   0x0000002c   Code   RO         2557    i.CDC_Transmit_FS   usbd_cdc_if.o
    0x08000700   0x08000700   0x00000002   Code   RO          275    i.DebugMon_Handler  stm32f4xx_it.o
    0x08000702   0x08000702   0x00000004   Code   RO           14    i.Error_Handler     main.o
    0x08000706   0x08000706   0x00000002   Code   RO         2257    i.HAL_ADCEx_InjectedConvCpltCallback  stm32f4xx_hal_adc_ex.o
    0x08000708   0x08000708   0x0000014c   Code   RO         2088    i.HAL_ADC_ConfigChannel  stm32f4xx_hal_adc.o
    0x08000854   0x08000854   0x00000002   Code   RO         2089    i.HAL_ADC_ConvCpltCallback  stm32f4xx_hal_adc.o
    0x08000856   0x08000856   0x00000002   Code   RO         2092    i.HAL_ADC_ErrorCallback  stm32f4xx_hal_adc.o
    0x08000858   0x08000858   0x00000006   Code   RO         2095    i.HAL_ADC_GetValue  stm32f4xx_hal_adc.o
    0x0800085e   0x0800085e   0x0000013c   Code   RO         2096    i.HAL_ADC_IRQHandler  stm32f4xx_hal_adc.o
    0x0800099a   0x0800099a   0x00000054   Code   RO         2097    i.HAL_ADC_Init      stm32f4xx_hal_adc.o
    0x080009ee   0x080009ee   0x00000002   Code   RO         2098    i.HAL_ADC_LevelOutOfWindowCallback  stm32f4xx_hal_adc.o
    0x080009f0   0x080009f0   0x00000070   Code   RO          232    i.HAL_ADC_MspInit   adc.o
    0x08000a60   0x08000a60   0x000000aa   Code   RO         2101    i.HAL_ADC_PollForConversion  stm32f4xx_hal_adc.o
    0x08000b0a   0x08000b0a   0x00000002   PAD
    0x08000b0c   0x08000b0c   0x000000fc   Code   RO         2103    i.HAL_ADC_Start     stm32f4xx_hal_adc.o
    0x08000c08   0x08000c08   0x00000024   Code   RO         1832    i.HAL_Delay         stm32f4xx_hal.o
    0x08000c2c   0x08000c2c   0x000001ec   Code   RO         1306    i.HAL_GPIO_Init     stm32f4xx_hal_gpio.o
    0x08000e18   0x08000e18   0x0000000c   Code   RO         1838    i.HAL_GetTick       stm32f4xx_hal.o
    0x08000e24   0x08000e24   0x00000010   Code   RO         1844    i.HAL_IncTick       stm32f4xx_hal.o
    0x08000e34   0x08000e34   0x00000034   Code   RO         1845    i.HAL_Init          stm32f4xx_hal.o
    0x08000e68   0x08000e68   0x00000040   Code   RO         1846    i.HAL_InitTick      stm32f4xx_hal.o
    0x08000ea8   0x08000ea8   0x00000030   Code   RO          361    i.HAL_MspInit       stm32f4xx_hal_msp.o
    0x08000ed8   0x08000ed8   0x0000001a   Code   RO         1695    i.HAL_NVIC_EnableIRQ  stm32f4xx_hal_cortex.o
    0x08000ef2   0x08000ef2   0x00000002   PAD
    0x08000ef4   0x08000ef4   0x00000040   Code   RO         1701    i.HAL_NVIC_SetPriority  stm32f4xx_hal_cortex.o
    0x08000f34   0x08000f34   0x00000024   Code   RO         1702    i.HAL_NVIC_SetPriorityGrouping  stm32f4xx_hal_cortex.o
    0x08000f58   0x08000f58   0x00000002   Code   RO          612    i.HAL_PCDEx_LPM_Callback  stm32f4xx_hal_pcd_ex.o
    0x08000f5a   0x08000f5a   0x00000008   Code   RO          613    i.HAL_PCDEx_SetRxFiFo  stm32f4xx_hal_pcd_ex.o
    0x08000f62   0x08000f62   0x00000044   Code   RO          614    i.HAL_PCDEx_SetTxFiFo  stm32f4xx_hal_pcd_ex.o
    0x08000fa6   0x08000fa6   0x00000008   Code   RO         2609    i.HAL_PCD_ConnectCallback  usbd_conf.o
    0x08000fae   0x08000fae   0x00000012   Code   RO         2610    i.HAL_PCD_DataInStageCallback  usbd_conf.o
    0x08000fc0   0x08000fc0   0x00000014   Code   RO         2611    i.HAL_PCD_DataOutStageCallback  usbd_conf.o
    0x08000fd4   0x08000fd4   0x00000008   Code   RO         2612    i.HAL_PCD_DisconnectCallback  usbd_conf.o
    0x08000fdc   0x08000fdc   0x0000004c   Code   RO          394    i.HAL_PCD_EP_Close  stm32f4xx_hal_pcd.o
    0x08001028   0x08001028   0x0000005c   Code   RO          395    i.HAL_PCD_EP_ClrStall  stm32f4xx_hal_pcd.o
    0x08001084   0x08001084   0x00000012   Code   RO          397    i.HAL_PCD_EP_GetRxCount  stm32f4xx_hal_pcd.o
    0x08001096   0x08001096   0x00000060   Code   RO          398    i.HAL_PCD_EP_Open   stm32f4xx_hal_pcd.o
    0x080010f6   0x080010f6   0x00000048   Code   RO          399    i.HAL_PCD_EP_Receive  stm32f4xx_hal_pcd.o
    0x0800113e   0x0800113e   0x00000074   Code   RO          400    i.HAL_PCD_EP_SetStall  stm32f4xx_hal_pcd.o
    0x080011b2   0x080011b2   0x00000040   Code   RO          401    i.HAL_PCD_EP_Transmit  stm32f4xx_hal_pcd.o
    0x080011f2   0x080011f2   0x00000002   PAD
    0x080011f4   0x080011f4   0x00000434   Code   RO          403    i.HAL_PCD_IRQHandler  stm32f4xx_hal_pcd.o
    0x08001628   0x08001628   0x00000008   Code   RO         2613    i.HAL_PCD_ISOINIncompleteCallback  usbd_conf.o
    0x08001630   0x08001630   0x00000008   Code   RO         2614    i.HAL_PCD_ISOOUTIncompleteCallback  usbd_conf.o
    0x08001638   0x08001638   0x000000e2   Code   RO          406    i.HAL_PCD_Init      stm32f4xx_hal_pcd.o
    0x0800171a   0x0800171a   0x00000002   PAD
    0x0800171c   0x0800171c   0x00000084   Code   RO         2616    i.HAL_PCD_MspInit   usbd_conf.o
    0x080017a0   0x080017a0   0x0000002c   Code   RO         2617    i.HAL_PCD_ResetCallback  usbd_conf.o
    0x080017cc   0x080017cc   0x00000008   Code   RO         2618    i.HAL_PCD_ResumeCallback  usbd_conf.o
    0x080017d4   0x080017d4   0x00000008   Code   RO         2619    i.HAL_PCD_SOFCallback  usbd_conf.o
    0x080017dc   0x080017dc   0x00000028   Code   RO          412    i.HAL_PCD_SetAddress  stm32f4xx_hal_pcd.o
    0x08001804   0x08001804   0x0000000e   Code   RO         2620    i.HAL_PCD_SetupStageCallback  usbd_conf.o
    0x08001812   0x08001812   0x00000042   Code   RO          414    i.HAL_PCD_Start     stm32f4xx_hal_pcd.o
    0x08001854   0x08001854   0x00000030   Code   RO         2621    i.HAL_PCD_SuspendCallback  usbd_conf.o
    0x08001884   0x08001884   0x00000134   Code   RO          952    i.HAL_RCC_ClockConfig  stm32f4xx_hal_rcc.o
    0x080019b8   0x080019b8   0x0000000c   Code   RO          957    i.HAL_RCC_GetHCLKFreq  stm32f4xx_hal_rcc.o
    0x080019c4   0x080019c4   0x00000060   Code   RO          961    i.HAL_RCC_GetSysClockFreq  stm32f4xx_hal_rcc.o
    0x08001a24   0x08001a24   0x0000036c   Code   RO          964    i.HAL_RCC_OscConfig  stm32f4xx_hal_rcc.o
    0x08001d90   0x08001d90   0x00000028   Code   RO         1706    i.HAL_SYSTICK_Config  stm32f4xx_hal_cortex.o
    0x08001db8   0x08001db8   0x00000002   Code   RO          276    i.HardFault_Handler  stm32f4xx_it.o
    0x08001dba   0x08001dba   0x00000002   PAD
    0x08001dbc   0x08001dbc   0x00000038   Code   RO         2466    i.IntToUnicode      usbd_desc.o
    0x08001df4   0x08001df4   0x00000060   Code   RO          233    i.MX_ADC1_Init      adc.o
    0x08001e54   0x08001e54   0x0000002c   Code   RO          207    i.MX_GPIO_Init      gpio.o
    0x08001e80   0x08001e80   0x00000054   Code   RO         2435    i.MX_USB_DEVICE_Init  usb_device.o
    0x08001ed4   0x08001ed4   0x00000002   Code   RO          277    i.MemManage_Handler  stm32f4xx_it.o
    0x08001ed6   0x08001ed6   0x00000002   Code   RO          278    i.NMI_Handler       stm32f4xx_it.o
    0x08001ed8   0x08001ed8   0x0000000c   Code   RO          279    i.OTG_FS_IRQHandler  stm32f4xx_it.o
    0x08001ee4   0x08001ee4   0x000000cc   Code   RO          418    i.PCD_EP_OutXfrComplete_int  stm32f4xx_hal_pcd.o
    0x08001fb0   0x08001fb0   0x000000a2   Code   RO          419    i.PCD_WriteEmptyTxFifo  stm32f4xx_hal_pcd.o
    0x08002052   0x08002052   0x00000002   Code   RO          280    i.PendSV_Handler    stm32f4xx_it.o
    0x08002054   0x08002054   0x00000002   Code   RO          281    i.SVC_Handler       stm32f4xx_it.o
    0x08002056   0x08002056   0x0000000a   Code   RO         2954    i.SWAPBYTE          usbd_ctlreq.o
    0x08002060   0x08002060   0x00000004   Code   RO          282    i.SysTick_Handler   stm32f4xx_it.o
    0x08002064   0x08002064   0x00000090   Code   RO           15    i.SystemClock_Config  main.o
    0x080020f4   0x080020f4   0x00000010   Code   RO         2398    i.SystemInit        system_stm32f4xx.o
    0x08002104   0x08002104   0x00000062   Code   RO         3087    i.USBD_CDC_DataIn   usbd_cdc.o
    0x08002166   0x08002166   0x0000002a   Code   RO         3088    i.USBD_CDC_DataOut  usbd_cdc.o
    0x08002190   0x08002190   0x00000048   Code   RO         3089    i.USBD_CDC_DeInit   usbd_cdc.o
    0x080021d8   0x080021d8   0x0000002e   Code   RO         3090    i.USBD_CDC_EP0_RxReady  usbd_cdc.o
    0x08002206   0x08002206   0x00000002   PAD
    0x08002208   0x08002208   0x0000000c   Code   RO         3091    i.USBD_CDC_GetDeviceQualifierDescriptor  usbd_cdc.o
    0x08002214   0x08002214   0x0000000c   Code   RO         3092    i.USBD_CDC_GetFSCfgDesc  usbd_cdc.o
    0x08002220   0x08002220   0x0000000c   Code   RO         3093    i.USBD_CDC_GetHSCfgDesc  usbd_cdc.o
    0x0800222c   0x0800222c   0x0000000c   Code   RO         3094    i.USBD_CDC_GetOtherSpeedCfgDesc  usbd_cdc.o
    0x08002238   0x08002238   0x000000a2   Code   RO         3095    i.USBD_CDC_Init     usbd_cdc.o
    0x080022da   0x080022da   0x00000028   Code   RO         3096    i.USBD_CDC_ReceivePacket  usbd_cdc.o
    0x08002302   0x08002302   0x0000000e   Code   RO         3097    i.USBD_CDC_RegisterInterface  usbd_cdc.o
    0x08002310   0x08002310   0x00000012   Code   RO         3098    i.USBD_CDC_SetRxBuffer  usbd_cdc.o
    0x08002322   0x08002322   0x00000016   Code   RO         3099    i.USBD_CDC_SetTxBuffer  usbd_cdc.o
    0x08002338   0x08002338   0x000000be   Code   RO         3100    i.USBD_CDC_Setup    usbd_cdc.o
    0x080023f6   0x080023f6   0x00000036   Code   RO         3101    i.USBD_CDC_TransmitPacket  usbd_cdc.o
    0x0800242c   0x0800242c   0x00000010   Code   RO         2816    i.USBD_ClrClassConfig  usbd_core.o
    0x0800243c   0x0800243c   0x00000010   Code   RO         3027    i.USBD_CtlContinueRx  usbd_ioreq.o
    0x0800244c   0x0800244c   0x00000010   Code   RO         3028    i.USBD_CtlContinueSendData  usbd_ioreq.o
    0x0800245c   0x0800245c   0x00000016   Code   RO         2955    i.USBD_CtlError     usbd_ctlreq.o
    0x08002472   0x08002472   0x0000001e   Code   RO         3029    i.USBD_CtlPrepareRx  usbd_ioreq.o
    0x08002490   0x08002490   0x00000016   Code   RO         3030    i.USBD_CtlReceiveStatus  usbd_ioreq.o
    0x080024a6   0x080024a6   0x0000001a   Code   RO         3031    i.USBD_CtlSendData  usbd_ioreq.o
    0x080024c0   0x080024c0   0x00000016   Code   RO         3032    i.USBD_CtlSendStatus  usbd_ioreq.o
    0x080024d6   0x080024d6   0x00000002   PAD
    0x080024d8   0x080024d8   0x00000020   Code   RO         2467    i.USBD_FS_ConfigStrDescriptor  usbd_desc.o
    0x080024f8   0x080024f8   0x0000000c   Code   RO         2468    i.USBD_FS_DeviceDescriptor  usbd_desc.o
    0x08002504   0x08002504   0x00000024   Code   RO         2469    i.USBD_FS_InterfaceStrDescriptor  usbd_desc.o
    0x08002528   0x08002528   0x0000000c   Code   RO         2470    i.USBD_FS_LangIDStrDescriptor  usbd_desc.o
    0x08002534   0x08002534   0x00000028   Code   RO         2471    i.USBD_FS_ManufacturerStrDescriptor  usbd_desc.o
    0x0800255c   0x0800255c   0x0000002c   Code   RO         2472    i.USBD_FS_ProductStrDescriptor  usbd_desc.o
    0x08002588   0x08002588   0x00000038   Code   RO         2473    i.USBD_FS_SerialStrDescriptor  usbd_desc.o
    0x080025c0   0x080025c0   0x000000e6   Code   RO         2956    i.USBD_GetDescriptor  usbd_ctlreq.o
    0x080026a6   0x080026a6   0x00000048   Code   RO         2957    i.USBD_GetString    usbd_ctlreq.o
    0x080026ee   0x080026ee   0x00000018   Code   RO         2622    i.USBD_Get_USB_Status  usbd_conf.o
    0x08002706   0x08002706   0x00000026   Code   RO         2818    i.USBD_Init         usbd_core.o
    0x0800272c   0x0800272c   0x00000012   Code   RO         2623    i.USBD_LL_ClearStallEP  usbd_conf.o
    0x0800273e   0x0800273e   0x00000012   Code   RO         2624    i.USBD_LL_CloseEP   usbd_conf.o
    0x08002750   0x08002750   0x000000a8   Code   RO         2819    i.USBD_LL_DataInStage  usbd_core.o
    0x080027f8   0x080027f8   0x0000006c   Code   RO         2820    i.USBD_LL_DataOutStage  usbd_core.o
    0x08002864   0x08002864   0x00000004   Code   RO         2821    i.USBD_LL_DevConnected  usbd_core.o
    0x08002868   0x08002868   0x00000018   Code   RO         2822    i.USBD_LL_DevDisconnected  usbd_core.o
    0x08002880   0x08002880   0x00000008   Code   RO         2628    i.USBD_LL_GetRxDataSize  usbd_conf.o
    0x08002888   0x08002888   0x00000060   Code   RO         2629    i.USBD_LL_Init      usbd_conf.o
    0x080028e8   0x080028e8   0x00000020   Code   RO         2630    i.USBD_LL_IsStallEP  usbd_conf.o
    0x08002908   0x08002908   0x00000020   Code   RO         2823    i.USBD_LL_IsoINIncomplete  usbd_core.o
    0x08002928   0x08002928   0x00000020   Code   RO         2824    i.USBD_LL_IsoOUTIncomplete  usbd_core.o
    0x08002948   0x08002948   0x00000018   Code   RO         2631    i.USBD_LL_OpenEP    usbd_conf.o
    0x08002960   0x08002960   0x00000012   Code   RO         2632    i.USBD_LL_PrepareReceive  usbd_conf.o
    0x08002972   0x08002972   0x0000005a   Code   RO         2825    i.USBD_LL_Reset     usbd_core.o
    0x080029cc   0x080029cc   0x00000014   Code   RO         2826    i.USBD_LL_Resume    usbd_core.o
    0x080029e0   0x080029e0   0x00000020   Code   RO         2827    i.USBD_LL_SOF       usbd_core.o
    0x08002a00   0x08002a00   0x00000006   Code   RO         2828    i.USBD_LL_SetSpeed  usbd_core.o
    0x08002a06   0x08002a06   0x00000012   Code   RO         2633    i.USBD_LL_SetUSBAddress  usbd_conf.o
    0x08002a18   0x08002a18   0x00000060   Code   RO         2829    i.USBD_LL_SetupStage  usbd_core.o
    0x08002a78   0x08002a78   0x00000012   Code   RO         2634    i.USBD_LL_StallEP   usbd_conf.o
    0x08002a8a   0x08002a8a   0x00000012   Code   RO         2635    i.USBD_LL_Start     usbd_conf.o
    0x08002a9c   0x08002a9c   0x00000012   Code   RO         2830    i.USBD_LL_Suspend   usbd_core.o
    0x08002aae   0x08002aae   0x00000012   Code   RO         2637    i.USBD_LL_Transmit  usbd_conf.o
    0x08002ac0   0x08002ac0   0x0000002c   Code   RO         2958    i.USBD_ParseSetupRequest  usbd_ctlreq.o
    0x08002aec   0x08002aec   0x00000024   Code   RO         2831    i.USBD_RegisterClass  usbd_core.o
    0x08002b10   0x08002b10   0x00000014   Code   RO         2833    i.USBD_SetClassConfig  usbd_core.o
    0x08002b24   0x08002b24   0x000000bc   Code   RO         2959    i.USBD_SetConfig    usbd_ctlreq.o
    0x08002be0   0x08002be0   0x00000004   Code   RO         2834    i.USBD_Start        usbd_core.o
    0x08002be4   0x08002be4   0x00000114   Code   RO         2960    i.USBD_StdDevReq    usbd_ctlreq.o
    0x08002cf8   0x08002cf8   0x00000140   Code   RO         2961    i.USBD_StdEPReq     usbd_ctlreq.o
    0x08002e38   0x08002e38   0x00000052   Code   RO         2962    i.USBD_StdItfReq    usbd_ctlreq.o
    0x08002e8a   0x08002e8a   0x00000002   Code   RO         2638    i.USBD_static_free  usbd_conf.o
    0x08002e8c   0x08002e8c   0x00000008   Code   RO         2639    i.USBD_static_malloc  usbd_conf.o
    0x08002e94   0x08002e94   0x00000080   Code   RO          654    i.USB_ActivateEndpoint  stm32f4xx_ll_usb.o
    0x08002f14   0x08002f14   0x0000001c   Code   RO          656    i.USB_ActivateSetup  stm32f4xx_ll_usb.o
    0x08002f30   0x08002f30   0x00000074   Code   RO          658    i.USB_CoreInit      stm32f4xx_ll_usb.o
    0x08002fa4   0x08002fa4   0x00000038   Code   RO          659    i.USB_CoreReset     stm32f4xx_ll_usb.o
    0x08002fdc   0x08002fdc   0x000000cc   Code   RO          662    i.USB_DeactivateEndpoint  stm32f4xx_ll_usb.o
    0x080030a8   0x080030a8   0x0000001c   Code   RO          663    i.USB_DevConnect    stm32f4xx_ll_usb.o
    0x080030c4   0x080030c4   0x0000001c   Code   RO          664    i.USB_DevDisconnect  stm32f4xx_ll_usb.o
    0x080030e0   0x080030e0   0x00000174   Code   RO          665    i.USB_DevInit       stm32f4xx_ll_usb.o
    0x08003254   0x08003254   0x0000000c   Code   RO          666    i.USB_DisableGlobalInt  stm32f4xx_ll_usb.o
    0x08003260   0x08003260   0x00000118   Code   RO          669    i.USB_EP0StartXfer  stm32f4xx_ll_usb.o
    0x08003378   0x08003378   0x00000058   Code   RO          670    i.USB_EP0_OutStart  stm32f4xx_ll_usb.o
    0x080033d0   0x080033d0   0x00000058   Code   RO          671    i.USB_EPClearStall  stm32f4xx_ll_usb.o
    0x08003428   0x08003428   0x00000058   Code   RO          672    i.USB_EPSetStall    stm32f4xx_ll_usb.o
    0x08003480   0x08003480   0x000001e8   Code   RO          673    i.USB_EPStartXfer   stm32f4xx_ll_usb.o
    0x08003668   0x08003668   0x0000000c   Code   RO          674    i.USB_EnableGlobalInt  stm32f4xx_ll_usb.o
    0x08003674   0x08003674   0x00000020   Code   RO          675    i.USB_FlushRxFifo   stm32f4xx_ll_usb.o
    0x08003694   0x08003694   0x00000024   Code   RO          676    i.USB_FlushTxFifo   stm32f4xx_ll_usb.o
    0x080036b8   0x080036b8   0x0000001a   Code   RO          678    i.USB_GetDevSpeed   stm32f4xx_ll_usb.o
    0x080036d2   0x080036d2   0x00000008   Code   RO          680    i.USB_GetMode       stm32f4xx_ll_usb.o
    0x080036da   0x080036da   0x0000000e   Code   RO          687    i.USB_ReadDevAllInEpInterrupt  stm32f4xx_ll_usb.o
    0x080036e8   0x080036e8   0x0000000e   Code   RO          688    i.USB_ReadDevAllOutEpInterrupt  stm32f4xx_ll_usb.o
    0x080036f6   0x080036f6   0x00000024   Code   RO          689    i.USB_ReadDevInEPInterrupt  stm32f4xx_ll_usb.o
    0x0800371a   0x0800371a   0x00000010   Code   RO          690    i.USB_ReadDevOutEPInterrupt  stm32f4xx_ll_usb.o
    0x0800372a   0x0800372a   0x00000008   Code   RO          691    i.USB_ReadInterrupts  stm32f4xx_ll_usb.o
    0x08003732   0x08003732   0x0000001c   Code   RO          692    i.USB_ReadPacket    stm32f4xx_ll_usb.o
    0x0800374e   0x0800374e   0x0000002e   Code   RO          694    i.USB_SetCurrentMode  stm32f4xx_ll_usb.o
    0x0800377c   0x0800377c   0x00000022   Code   RO          695    i.USB_SetDevAddress  stm32f4xx_ll_usb.o
    0x0800379e   0x0800379e   0x00000002   PAD
    0x080037a0   0x080037a0   0x000000e8   Code   RO          697    i.USB_SetTurnaroundTime  stm32f4xx_ll_usb.o
    0x08003888   0x08003888   0x00000024   Code   RO          700    i.USB_WritePacket   stm32f4xx_ll_usb.o
    0x080038ac   0x080038ac   0x00000002   Code   RO          283    i.UsageFault_Handler  stm32f4xx_it.o
    0x080038ae   0x080038ae   0x00000002   PAD
    0x080038b0   0x080038b0   0x00000028   Code   RO         3250    i.__0sprintf$1      mc_w.l(printf1.o)
    0x080038d8   0x080038d8   0x00000020   Code   RO         1708    i.__NVIC_SetPriority  stm32f4xx_hal_cortex.o
    0x080038f8   0x080038f8   0x0000000e   Code   RO         3512    i.__scatterload_copy  mc_w.l(handlers.o)
    0x08003906   0x08003906   0x00000002   Code   RO         3513    i.__scatterload_null  mc_w.l(handlers.o)
    0x08003908   0x08003908   0x0000000e   Code   RO         3514    i.__scatterload_zeroinit  mc_w.l(handlers.o)
    0x08003916   0x08003916   0x00000002   PAD
    0x08003918   0x08003918   0x00000154   Code   RO         3255    i._printf_core      mc_w.l(printf1.o)
    0x08003a6c   0x08003a6c   0x0000000a   Code   RO         3257    i._sputc            mc_w.l(printf1.o)
    0x08003a76   0x08003a76   0x00000002   PAD
    0x08003a78   0x08003a78   0x00000094   Code   RO           16    i.main              main.o
    0x08003b0c   0x08003b0c   0x00000010   Data   RO         2399    .constdata          system_stm32f4xx.o
    0x08003b1c   0x08003b1c   0x00000020   Data   RO         3510    Region$$Table       anon$$obj.o


    Execution Region RW_IRAM2 (Exec base: 0x10000000, Load base: 0x08003c00, Size: 0x00000000, Max: 0x00010000, ABSOLUTE)

    **** No section assigned to this execution region ****


    Execution Region RW_IRAM1 (Exec base: 0x20000000, Load base: 0x08003b3c, Size: 0x00005cc8, Max: 0x00020000, ABSOLUTE, COMPRESSED[0x000000c4])

    Exec Addr    Load Addr    Size         Type   Attr      Idx    E Section Name        Object

    0x20000000   COMPRESSED   0x0000000c   Data   RW         1852    .data               stm32f4xx_hal.o
    0x2000000c   COMPRESSED   0x00000004   Data   RW         2401    .data               system_stm32f4xx.o
    0x20000010   COMPRESSED   0x0000001c   Data   RW         2475    .data               usbd_desc.o
    0x2000002c   COMPRESSED   0x00000032   Data   RW         2476    .data               usbd_desc.o
    0x2000005e   COMPRESSED   0x00000002   PAD
    0x20000060   COMPRESSED   0x00000014   Data   RW         2559    .data               usbd_cdc_if.o
    0x20000074   COMPRESSED   0x00000001   Data   RW         2963    .data               usbd_ctlreq.o
    0x20000075   COMPRESSED   0x00000003   PAD
    0x20000078   COMPRESSED   0x000000d7   Data   RW         3102    .data               usbd_cdc.o
    0x2000014f   COMPRESSED   0x00000001   PAD
    0x20000150   COMPRESSED   0x00000038   Data   RW         3103    .data               usbd_cdc.o
    0x20000188        -       0x00000048   Zero   RW          234    .bss                adc.o
    0x200001d0        -       0x000002d0   Zero   RW         2436    .bss                usb_device.o
    0x200004a0        -       0x00000200   Zero   RW         2474    .bss                usbd_desc.o
    0x200006a0        -       0x00001000   Zero   RW         2558    .bss                usbd_cdc_if.o
    0x200016a0        -       0x00000628   Zero   RW         2640    .bss                usbd_conf.o
    0x20001cc8        -       0x00004000   Zero   RW            1    STACK               startup_stm32f407xx.o


==============================================================================

Image component sizes


      Code (inc. data)   RO Data    RW Data    ZI Data      Debug   Object Name

       208         24          0          0         72       1745   adc.o
        44          6          0          0          0        819   gpio.o
       296         42          0          0          0     684391   main.o
        36          8        392          0      16384        844   startup_stm32f407xx.o
       180         28          0         12          0       9485   stm32f4xx_hal.o
      1462         52          0          0          0       7937   stm32f4xx_hal_adc.o
         2          0          0          0          0       1001   stm32f4xx_hal_adc_ex.o
       198         14          0          0          0      34007   stm32f4xx_hal_cortex.o
       492         44          0          0          0       1552   stm32f4xx_hal_gpio.o
        48          6          0          0          0        874   stm32f4xx_hal_msp.o
      2308         14          0          0          0      12897   stm32f4xx_hal_pcd.o
        78          0          0          0          0       2441   stm32f4xx_hal_pcd_ex.o
      1292         54          0          0          0       4578   stm32f4xx_hal_rcc.o
        44         12          0          0          0       5211   stm32f4xx_it.o
      2582        132          0          0          0      23108   stm32f4xx_ll_usb.o
        16          4         16          4          0       1159   system_stm32f4xx.o
        84         18          0          0        720        828   usb_device.o
       806         16          0        271          0      13945   usbd_cdc.o
       128         22          0         20       4096       4056   usbd_cdc_if.o
       644         24          0          0       1576      17088   usbd_conf.o
       744          0          0          0          0      12797   usbd_core.o
      1244         30          0          1          0      14428   usbd_ctlreq.o
       288        104          0         78        512       6281   usbd_desc.o
       132          0          0          0          0       4596   usbd_ioreq.o

    ----------------------------------------------------------------------
     13376        654        440        392      23360     866068   Object Totals
         0          0         32          0          0          0   (incl. Generated)
        20          0          0          6          0          0   (incl. Padding)

    ----------------------------------------------------------------------

      Code (inc. data)   RO Data    RW Data    ZI Data      Debug   Library Member Name

        86          0          0          0          0          0   __dczerorl2.o
         0          0          0          0          0          0   entry.o
         0          0          0          0          0          0   entry10a.o
         0          0          0          0          0          0   entry11a.o
         8          4          0          0          0          0   entry2.o
         4          0          0          0          0          0   entry5.o
         0          0          0          0          0          0   entry7b.o
         0          0          0          0          0          0   entry8b.o
         8          4          0          0          0          0   entry9a.o
        30          0          0          0          0          0   handlers.o
        36          8          0          0          0         68   init.o
         0          0          0          0          0          0   iusefp.o
        30          0          0          0          0         68   llshl.o
        32          0          0          0          0         68   llushr.o
        36          0          0          0          0         68   memcpya.o
        36          0          0          0          0        108   memseta.o
       390         10          0          0          0        252   printf1.o
        14          0          0          0          0         68   strlen.o
        44          0          0          0          0         80   uidiv.o
        98          0          0          0          0         92   uldiv.o
       186          0          0          0          0        176   depilogue.o
        50          0          0          0          0         76   dfixui.o
        26          0          0          0          0         76   dfltui.o
       228          0          0          0          0         96   dmul.o

    ----------------------------------------------------------------------
      1348         26          0          0          0       1296   Library Totals
         6          0          0          0          0          0   (incl. Padding)

    ----------------------------------------------------------------------

      Code (inc. data)   RO Data    RW Data    ZI Data      Debug   Library Name

       852         26          0          0          0        872   mc_w.l
       490          0          0          0          0        424   mf_w.l

    ----------------------------------------------------------------------
      1348         26          0          0          0       1296   Library Totals

    ----------------------------------------------------------------------

==============================================================================


      Code (inc. data)   RO Data    RW Data    ZI Data      Debug   

     14724        680        440        392      23360     850024   Grand Totals
     14724        680        440        196      23360     850024   ELF Image Totals (compressed)
     14724        680        440        196          0          0   ROM Totals

==============================================================================

    Total RO  Size (Code + RO Data)                15164 (  14.81kB)
    Total RW  Size (RW Data + ZI Data)             23752 (  23.20kB)
    Total ROM Size (Code + RO Data + RW Data)      15360 (  15.00kB)

==============================================================================

